Component: ARM Compiler 5.06 update 7 (build 960) Tool: armlink [4d3601]

==============================================================================

Section Cross References

    startup_stm32f103xb.o(RESET) refers to startup_stm32f103xb.o(STACK) for __initial_sp
    startup_stm32f103xb.o(RESET) refers to startup_stm32f103xb.o(.text) for Reset_Handler
    startup_stm32f103xb.o(RESET) refers to stm32f1xx_it.o(i.NMI_Handler) for NMI_Handler
    startup_stm32f103xb.o(RESET) refers to stm32f1xx_it.o(i.HardFault_Handler) for HardFault_Handler
    startup_stm32f103xb.o(RESET) refers to stm32f1xx_it.o(i.MemManage_Handler) for MemManage_Handler
    startup_stm32f103xb.o(RESET) refers to stm32f1xx_it.o(i.BusFault_Handler) for BusFault_Handler
    startup_stm32f103xb.o(RESET) refers to stm32f1xx_it.o(i.UsageFault_Handler) for UsageFault_Handler
    startup_stm32f103xb.o(RESET) refers to stm32f1xx_it.o(i.SVC_Handler) for SVC_Handler
    startup_stm32f103xb.o(RESET) refers to stm32f1xx_it.o(i.DebugMon_Handler) for DebugMon_Handler
    startup_stm32f103xb.o(RESET) refers to stm32f1xx_it.o(i.PendSV_Handler) for PendSV_Handler
    startup_stm32f103xb.o(RESET) refers to stm32f1xx_it.o(i.SysTick_Handler) for SysTick_Handler
    startup_stm32f103xb.o(RESET) refers to stm32f1xx_it.o(i.TIM1_UP_IRQHandler) for TIM1_UP_IRQHandler
    startup_stm32f103xb.o(RESET) refers to stm32f1xx_it.o(i.TIM2_IRQHandler) for TIM2_IRQHandler
    startup_stm32f103xb.o(.text) refers to system_stm32f1xx.o(i.SystemInit) for SystemInit
    startup_stm32f103xb.o(.text) refers to entry.o(.ARM.Collect$$$$00000000) for __main
    main.o(i.SystemClock_Config) refers to memseta.o(.text) for __aeabi_memclr4
    main.o(i.SystemClock_Config) refers to stm32f1xx_hal_rcc.o(i.HAL_RCC_OscConfig) for HAL_RCC_OscConfig
    main.o(i.SystemClock_Config) refers to stm32f1xx_hal_rcc.o(i.HAL_RCC_ClockConfig) for HAL_RCC_ClockConfig
    main.o(i.SystemClock_Config) refers to stm32f1xx_hal_rcc_ex.o(i.HAL_RCCEx_PeriphCLKConfig) for HAL_RCCEx_PeriphCLKConfig
    main.o(i.main) refers to stm32f1xx_hal.o(i.HAL_Init) for HAL_Init
    main.o(i.main) refers to main.o(i.SystemClock_Config) for SystemClock_Config
    main.o(i.main) refers to gpio.o(i.MX_GPIO_Init) for MX_GPIO_Init
    main.o(i.main) refers to adc.o(i.MX_ADC1_Init) for MX_ADC1_Init
    main.o(i.main) refers to tim.o(i.MX_TIM2_Init) for MX_TIM2_Init
    main.o(i.main) refers to tim.o(i.MX_TIM3_Init) for MX_TIM3_Init
    main.o(i.main) refers to tim.o(i.MX_TIM4_Init) for MX_TIM4_Init
    main.o(i.main) refers to usart.o(i.MX_USART1_UART_Init) for MX_USART1_UART_Init
    main.o(i.main) refers to tim.o(i.MX_TIM1_Init) for MX_TIM1_Init
    main.o(i.main) refers to oled.o(i.OLED_Init) for OLED_Init
    main.o(i.main) refers to main.o(i.motor_pwm_encoder_start) for motor_pwm_encoder_start
    main.o(i.main) refers to motor.o(i.Motor_PID_Config) for Motor_PID_Config
    main.o(i.main) refers to stm32f1xx_hal_tim.o(i.HAL_TIM_Base_Start_IT) for HAL_TIM_Base_Start_IT
    main.o(i.main) refers to oled.o(i.OLED_Printf) for OLED_Printf
    main.o(i.main) refers to oled.o(i.OLED_Update) for OLED_Update
    main.o(i.main) refers to my_key.o(i.my_get_key_num) for my_get_key_num
    main.o(i.main) refers to fadd.o(.text) for __aeabi_fadd
    main.o(i.main) refers to printfa.o(i.__0printf) for __2printf
    main.o(i.main) refers to f2d.o(.text) for __aeabi_f2d
    main.o(i.main) refers to tim.o(.bss) for htim1
    main.o(i.main) refers to motor.o(.bss) for motorPID
    main.o(i.motor_pwm_encoder_start) refers to stm32f1xx_hal_tim.o(i.HAL_TIM_PWM_Start) for HAL_TIM_PWM_Start
    main.o(i.motor_pwm_encoder_start) refers to stm32f1xx_hal_tim.o(i.HAL_TIM_Encoder_Start) for HAL_TIM_Encoder_Start
    main.o(i.motor_pwm_encoder_start) refers to tim.o(.bss) for htim2
    main.o(i.my_oled_test) refers to oled.o(i.OLED_ShowChar) for OLED_ShowChar
    main.o(i.my_oled_test) refers to oled.o(i.OLED_ShowString) for OLED_ShowString
    main.o(i.my_oled_test) refers to oled.o(i.OLED_ShowNum) for OLED_ShowNum
    main.o(i.my_oled_test) refers to oled.o(i.OLED_ShowSignedNum) for OLED_ShowSignedNum
    main.o(i.my_oled_test) refers to oled.o(i.OLED_ShowHexNum) for OLED_ShowHexNum
    main.o(i.my_oled_test) refers to oled.o(i.OLED_ShowBinNum) for OLED_ShowBinNum
    main.o(i.my_oled_test) refers to oled.o(i.OLED_ShowFloatNum) for OLED_ShowFloatNum
    main.o(i.my_oled_test) refers to oled.o(i.OLED_ShowImage) for OLED_ShowImage
    main.o(i.my_oled_test) refers to oled.o(i.OLED_Printf) for OLED_Printf
    main.o(i.my_oled_test) refers to oled.o(i.OLED_Update) for OLED_Update
    main.o(i.my_oled_test) refers to stm32f1xx_hal.o(i.HAL_Delay) for HAL_Delay
    main.o(i.my_oled_test) refers to oled.o(i.OLED_Clear) for OLED_Clear
    main.o(i.my_oled_test) refers to oled.o(i.OLED_DrawPoint) for OLED_DrawPoint
    main.o(i.my_oled_test) refers to oled.o(i.OLED_GetPoint) for OLED_GetPoint
[...]
    Removing stm32f1xx_hal_uart.o(i.HAL_MultiProcessor_EnterMuteMode), (62 bytes).
    Removing stm32f1xx_hal_uart.o(i.HAL_MultiProcessor_ExitMuteMode), (62 bytes).
    Removing stm32f1xx_hal_uart.o(i.HAL_MultiProcessor_Init), (144 bytes).
    Removing stm32f1xx_hal_uart.o(i.HAL_UARTEx_GetRxEventType), (4 bytes).
    Removing stm32f1xx_hal_uart.o(i.HAL_UARTEx_ReceiveToIdle), (240 bytes).
    Removing stm32f1xx_hal_uart.o(i.HAL_UARTEx_ReceiveToIdle_DMA), (74 bytes).
    Removing stm32f1xx_hal_uart.o(i.HAL_UARTEx_ReceiveToIdle_IT), (78 bytes).
    Removing stm32f1xx_hal_uart.o(i.HAL_UARTEx_RxEventCallback), (2 bytes).
    Removing stm32f1xx_hal_uart.o(i.HAL_UART_Abort), (210 bytes).
    Removing stm32f1xx_hal_uart.o(i.HAL_UART_AbortCpltCallback), (2 bytes).
    Removing stm32f1xx_hal_uart.o(i.HAL_UART_AbortReceive), (148 bytes).
    Removing stm32f1xx_hal_uart.o(i.HAL_UART_AbortReceiveCpltCallback), (2 bytes).
    Removing stm32f1xx_hal_uart.o(i.HAL_UART_AbortReceive_IT), (152 bytes).
    Removing stm32f1xx_hal_uart.o(i.HAL_UART_AbortTransmit), (98 bytes).
    Removing stm32f1xx_hal_uart.o(i.HAL_UART_AbortTransmitCpltCallback), (2 bytes).
    Removing stm32f1xx_hal_uart.o(i.HAL_UART_AbortTransmit_IT), (104 bytes).
    Removing stm32f1xx_hal_uart.o(i.HAL_UART_Abort_IT), (244 bytes).
    Removing stm32f1xx_hal_uart.o(i.HAL_UART_DMAPause), (120 bytes).
    Removing stm32f1xx_hal_uart.o(i.HAL_UART_DMAResume), (114 bytes).
    Removing stm32f1xx_hal_uart.o(i.HAL_UART_DMAStop), (112 bytes).
    Removing stm32f1xx_hal_uart.o(i.HAL_UART_DeInit), (54 bytes).
    Removing stm32f1xx_hal_uart.o(i.HAL_UART_ErrorCallback), (2 bytes).
    Removing stm32f1xx_hal_uart.o(i.HAL_UART_GetError), (4 bytes).
    Removing stm32f1xx_hal_uart.o(i.HAL_UART_GetState), (10 bytes).
    Removing stm32f1xx_hal_uart.o(i.HAL_UART_IRQHandler), (620 bytes).
    Removing stm32f1xx_hal_uart.o(i.HAL_UART_MspDeInit), (2 bytes).
    Removing stm32f1xx_hal_uart.o(i.HAL_UART_MspInit), (2 bytes).
    Removing stm32f1xx_hal_uart.o(i.HAL_UART_Receive), (176 bytes).
    Removing stm32f1xx_hal_uart.o(i.HAL_UART_Receive_DMA), (28 bytes).
    Removing stm32f1xx_hal_uart.o(i.HAL_UART_Receive_IT), (28 bytes).
    Removing stm32f1xx_hal_uart.o(i.HAL_UART_RxCpltCallback), (2 bytes).
    Removing stm32f1xx_hal_uart.o(i.HAL_UART_RxHalfCpltCallback), (2 bytes).
    Removing stm32f1xx_hal_uart.o(i.HAL_UART_Transmit_DMA), (120 bytes).
    Removing stm32f1xx_hal_uart.o(i.HAL_UART_Transmit_IT), (50 bytes).
    Removing stm32f1xx_hal_uart.o(i.HAL_UART_TxCpltCallback), (2 bytes).
    Removing stm32f1xx_hal_uart.o(i.HAL_UART_TxHalfCpltCallback), (2 bytes).
    Removing stm32f1xx_hal_uart.o(i.UART_DMAAbortOnError), (16 bytes).
    Removing stm32f1xx_hal_uart.o(i.UART_DMAError), (74 bytes).
    Removing stm32f1xx_hal_uart.o(i.UART_DMAReceiveCplt), (134 bytes).
    Removing stm32f1xx_hal_uart.o(i.UART_DMARxAbortCallback), (44 bytes).
    Removing stm32f1xx_hal_uart.o(i.UART_DMARxHalfCplt), (30 bytes).
    Removing stm32f1xx_hal_uart.o(i.UART_DMARxOnlyAbortCallback), (22 bytes).
    Removing stm32f1xx_hal_uart.o(i.UART_DMATransmitCplt), (66 bytes).
    Removing stm32f1xx_hal_uart.o(i.UART_DMATxAbortCallback), (44 bytes).
    Removing stm32f1xx_hal_uart.o(i.UART_DMATxHalfCplt), (10 bytes).
    Removing stm32f1xx_hal_uart.o(i.UART_DMATxOnlyAbortCallback), (20 bytes).
    Removing stm32f1xx_hal_uart.o(i.UART_EndTxTransfer), (28 bytes).
    Removing stm32f1xx_hal_uart.o(i.UART_Receive_IT), (194 bytes).
    Removing stm32f1xx_hal_uart.o(i.UART_Start_Receive_DMA), (144 bytes).
    Removing stm32f1xx_hal_uart.o(i.UART_Start_Receive_IT), (54 bytes).
    Removing system_stm32f1xx.o(.rev16_text), (4 bytes).
    Removing system_stm32f1xx.o(.revsh_text), (4 bytes).
    Removing system_stm32f1xx.o(.rrx_text), (6 bytes).
    Removing system_stm32f1xx.o(i.SystemCoreClockUpdate), (104 bytes).
    Removing dflti.o(.text), (34 bytes).
    Removing dfltui.o(.text), (26 bytes).
    Removing dfixi.o(.text), (62 bytes).
    Removing dfixui.o(.text), (50 bytes).
    Removing cdcmple.o(.text), (48 bytes).
    Removing d2f.o(.text), (56 bytes).
    Removing drnd.o(.text), (136 bytes).
    Removing dscalb.o(.text), (46 bytes).

464 unused section(s) (total 34234 bytes) removed from the image.

==============================================================================

Image Symbol Table

    Local Symbols

    Symbol Name                              Value     Ov Type        Size  Object(Section)

    ../Core/Src/adc.c                        0x00000000   Number         0  adc.o ABSOLUTE
    ../Core/Src/gpio.c                       0x00000000   Number         0  gpio.o ABSOLUTE
    ../Core/Src/main.c                       0x00000000   Number         0  main.o ABSOLUTE
    ../Core/Src/stm32f1xx_hal_msp.c          0x00000000   Number         0  stm32f1xx_hal_msp.o ABSOLUTE
    ../Core/Src/stm32f1xx_it.c               0x00000000   Number         0  stm32f1xx_it.o ABSOLUTE
    ../Core/Src/system_stm32f1xx.c           0x00000000   Number         0  system_stm32f1xx.o ABSOLUTE
    ../Core/Src/tim.c                        0x00000000   Number         0  tim.o ABSOLUTE
    ../Core/Src/usart.c                      0x00000000   Number         0  usart.o ABSOLUTE
    ../Drivers/STM32F1xx_HAL_Driver/Src/stm32f1xx_hal.c 0x00000000   Number         0  stm32f1xx_hal.o ABSOLUTE
    ../Drivers/STM32F1xx_HAL_Driver/Src/stm32f1xx_hal_adc.c 0x00000000   Number         0  stm32f1xx_hal_adc.o ABSOLUTE
    ../Drivers/STM32F1xx_HAL_Driver/Src/stm32f1xx_hal_adc_ex.c 0x00000000   Number         0  stm32f1xx_hal_adc_ex.o ABSOLUTE
    ../Drivers/STM32F1xx_HAL_Driver/Src/stm32f1xx_hal_cortex.c 0x00000000   Number         0  stm32f1xx_hal_cortex.o ABSOLUTE
    ../Drivers/STM32F1xx_HAL_Driver/Src/stm32f1xx_hal_dma.c 0x00000000   Number         0  stm32f1xx_hal_dma.o ABSOLUTE
    ../Drivers/STM32F1xx_HAL_Driver/Src/stm32f1xx_hal_exti.c 0x00000000   Number         0  stm32f1xx_hal_exti.o ABSOLUTE
    ../Drivers/STM32F1xx_HAL_Driver/Src/stm32f1xx_hal_flash.c 0x00000000   Number         0  stm32f1xx_hal_flash.o ABSOLUTE
    ../Drivers/STM32F1xx_HAL_Driver/Src/stm32f1xx_hal_flash_ex.c 0x00000000   Number         0  stm32f1xx_hal_flash_ex.o ABSOLUTE
    ../Drivers/STM32F1xx_HAL_Driver/Src/stm32f1xx_hal_gpio.c 0x00000000   Number         0  stm32f1xx_hal_gpio.o ABSOLUTE
    ../Drivers/STM32F1xx_HAL_Driver/Src/stm32f1xx_hal_gpio_ex.c 0x00000000   Number         0  stm32f1xx_hal_gpio_ex.o ABSOLUTE
    ../Drivers/STM32F1xx_HAL_Driver/Src/stm32f1xx_hal_pwr.c 0x00000000   Number         0  stm32f1xx_hal_pwr.o ABSOLUTE
    ../Drivers/STM32F1xx_HAL_Driver/Src/stm32f1xx_hal_rcc.c 0x00000000   Number         0  stm32f1xx_hal_rcc.o ABSOLUTE
    ../Drivers/STM32F1xx_HAL_Driver/Src/stm32f1xx_hal_rcc_ex.c 0x00000000   Number         0  stm32f1xx_hal_rcc_ex.o ABSOLUTE
    ../Drivers/STM32F1xx_HAL_Driver/Src/stm32f1xx_hal_tim.c 0x00000000   Number         0  stm32f1xx_hal_tim.o ABSOLUTE
    ../Drivers/STM32F1xx_HAL_Driver/Src/stm32f1xx_hal_tim_ex.c 0x00000000   Number         0  stm32f1xx_hal_tim_ex.o ABSOLUTE
    ../Drivers/STM32F1xx_HAL_Driver/Src/stm32f1xx_hal_uart.c 0x00000000   Number         0  stm32f1xx_hal_uart.o ABSOLUTE
    ../clib/microlib/division.c              0x00000000   Number         0  uldiv.o ABSOLUTE
    ../clib/microlib/division.c              0x00000000   Number         0  uidiv.o ABSOLUTE
    ../clib/microlib/errno.c                 0x00000000   Number         0  errno.o ABSOLUTE
    ../clib/microlib/init/entry.s            0x00000000   Number         0  entry.o ABSOLUTE
    ../clib/microlib/init/entry.s            0x00000000   Number         0  entry11b.o ABSOLUTE
    ../clib/microlib/init/entry.s            0x00000000   Number         0  entry7b.o ABSOLUTE
    ../clib/microlib/init/entry.s            0x00000000   Number         0  entry7a.o ABSOLUTE
    ../clib/microlib/init/entry.s            0x00000000   Number         0  entry9a.o ABSOLUTE
    ../clib/microlib/init/entry.s            0x00000000   Number         0  entry5.o ABSOLUTE
    ../clib/microlib/init/entry.s            0x00000000   Number         0  entry2.o ABSOLUTE
    ../clib/microlib/init/entry.s            0x00000000   Number         0  entry8a.o ABSOLUTE
    ../clib/microlib/init/entry.s            0x00000000   Number         0  entry8b.o ABSOLUTE
    ../clib/microlib/init/entry.s            0x00000000   Number         0  entry9b.o ABSOLUTE
    ../clib/microlib/init/entry.s            0x00000000   Number         0  entry10a.o ABSOLUTE
    ../clib/microlib/init/entry.s            0x00000000   Number         0  entry10b.o ABSOLUTE
    ../clib/microlib/init/entry.s            0x00000000   Number         0  entry11a.o ABSOLUTE
    ../clib/microlib/init/entry.s            0x00000000   Number         0  entry12b.o ABSOLUTE
    ../clib/microlib/init/entry.s            0x00000000   Number         0  entry12a.o ABSOLUTE
    ../clib/microlib/longlong.c              0x00000000   Number         0  llushr.o ABSOLUTE
    ../clib/microlib/longlong.c              0x00000000   Number         0  llsshr.o ABSOLUTE
    ../clib/microlib/longlong.c              0x00000000   Number         0  llshl.o ABSOLUTE
    ../clib/microlib/printf/printf.c         0x00000000   Number         0  printfb.o ABSOLUTE
    ../clib/microlib/printf/printf.c         0x00000000   Number         0  printf0.o ABSOLUTE
    ../clib/microlib/printf/printf.c         0x00000000   Number         0  printfa.o ABSOLUTE
    ../clib/microlib/printf/printf.c         0x00000000   Number         0  printf8.o ABSOLUTE
    ../clib/microlib/printf/printf.c         0x00000000   Number         0  printf7.o ABSOLUTE
    ../clib/microlib/printf/printf.c         0x00000000   Number         0  printf6.o ABSOLUTE
    ../clib/microlib/printf/printf.c         0x00000000   Number         0  printf5.o ABSOLUTE
    ../clib/microlib/printf/printf.c         0x00000000   Number         0  printf4.o ABSOLUTE
    ../clib/microlib/printf/printf.c         0x00000000   Number         0  printf3.o ABSOLUTE
    ../clib/microlib/printf/printf.c         0x00000000   Number         0  printf2.o ABSOLUTE
    ../clib/microlib/printf/printf.c         0x00000000   Number         0  printf1.o ABSOLUTE
    ../clib/microlib/printf/stubs.s          0x00000000   Number         0  stubs.o ABSOLUTE
    ../clib/microlib/stdio/streams.c         0x00000000   Number         0  stdout.o ABSOLUTE
    ../clib/microlib/string/memset.c         0x00000000   Number         0  memseta.o ABSOLUTE
    ../clib/microlib/string/strcmp.c         0x00000000   Number         0  strcmp.o ABSOLUTE
    ../clib/microlib/stubs.s                 0x00000000   Number         0  iusefp.o ABSOLUTE
    ../fplib/microlib/d2f.c                  0x00000000   Number         0  d2f.o ABSOLUTE
    ../fplib/microlib/f2d.c                  0x00000000   Number         0  f2d.o ABSOLUTE
    ../fplib/microlib/fpadd.c                0x00000000   Number         0  fadd.o ABSOLUTE
    ../fplib/microlib/fpadd.c                0x00000000   Number         0  dadd.o ABSOLUTE
    ../fplib/microlib/fpdiv.c                0x00000000   Number         0  ddiv.o ABSOLUTE
    ../fplib/microlib/fpepilogue.c           0x00000000   Number         0  depilogue.o ABSOLUTE
    ../fplib/microlib/fpepilogue.c           0x00000000   Number         0  fepilogue.o ABSOLUTE
    ../fplib/microlib/fpfix.c                0x00000000   Number         0  dfixui.o ABSOLUTE
    ../fplib/microlib/fpfix.c                0x00000000   Number         0  dfixul.o ABSOLUTE
    ../fplib/microlib/fpfix.c                0x00000000   Number         0  dfixi.o ABSOLUTE
    ../fplib/microlib/fpfix.c                0x00000000   Number         0  ffixi.o ABSOLUTE
    ../fplib/microlib/fpflt.c                0x00000000   Number         0  fflti.o ABSOLUTE
    ../fplib/microlib/fpflt.c                0x00000000   Number         0  dfltui.o ABSOLUTE
    ../fplib/microlib/fpflt.c                0x00000000   Number         0  dflti.o ABSOLUTE
    ../fplib/microlib/fpmul.c                0x00000000   Number         0  dmul.o ABSOLUTE
    ../fplib/microlib/fpmul.c                0x00000000   Number         0  fmul.o ABSOLUTE
    ../fplib/microlib/fprnd.c                0x00000000   Number         0  drnd.o ABSOLUTE
    ../fplib/microlib/fpscalb.c              0x00000000   Number         0  dscalb.o ABSOLUTE
    ../mathlib/atan.c                        0x00000000   Number         0  atan.o ABSOLUTE
    ../mathlib/atan.c                        0x00000000   Number         0  atan_x.o ABSOLUTE
    ../mathlib/atan2.c                       0x00000000   Number         0  atan2.o ABSOLUTE
    ../mathlib/atan2.c                       0x00000000   Number         0  atan2_x.o ABSOLUTE
    ../mathlib/dunder.c                      0x00000000   Number         0  dunder.o ABSOLUTE
    ../mathlib/fpclassify.c                  0x00000000   Number         0  fpclassify.o ABSOLUTE
    ../mathlib/poly.c                        0x00000000   Number         0  poly.o ABSOLUTE
    ../mathlib/qnan.c                        0x00000000   Number         0  qnan.o ABSOLUTE
    ../mathlib/round.c                       0x00000000   Number         0  round.o ABSOLUTE
    ..\Core\Src\adc.c                        0x00000000   Number         0  adc.o ABSOLUTE
    ..\Core\Src\gpio.c                       0x00000000   Number         0  gpio.o ABSOLUTE
    ..\Core\Src\main.c                       0x00000000   Number         0  main.o ABSOLUTE
    ..\Core\Src\stm32f1xx_hal_msp.c          0x00000000   Number         0  stm32f1xx_hal_msp.o ABSOLUTE
    ..\Core\Src\stm32f1xx_it.c               0x00000000   Number         0  stm32f1xx_it.o ABSOLUTE
    ..\Core\Src\system_stm32f1xx.c           0x00000000   Number         0  system_stm32f1xx.o ABSOLUTE
    ..\Core\Src\tim.c                        0x00000000   Number         0  tim.o ABSOLUTE
    ..\Core\Src\usart.c                      0x00000000   Number         0  usart.o ABSOLUTE
    ..\Drivers\STM32F1xx_HAL_Driver\Src\stm32f1xx_hal.c 0x00000000   Number         0  stm32f1xx_hal.o ABSOLUTE
    ..\Drivers\STM32F1xx_HAL_Driver\Src\stm32f1xx_hal_adc.c 0x00000000   Number         0  stm32f1xx_hal_adc.o ABSOLUTE
    ..\Drivers\STM32F1xx_HAL_Driver\Src\stm32f1xx_hal_adc_ex.c 0x00000000   Number         0  stm32f1xx_hal_adc_ex.o ABSOLUTE
    ..\Drivers\STM32F1xx_HAL_Driver\Src\stm32f1xx_hal_cortex.c 0x00000000   Number         0  stm32f1xx_hal_cortex.o ABSOLUTE
    ..\Drivers\STM32F1xx_HAL_Driver\Src\stm32f1xx_hal_dma.c 0x00000000   Number         0  stm32f1xx_hal_dma.o ABSOLUTE
    ..\Drivers\STM32F1xx_HAL_Driver\Src\stm32f1xx_hal_exti.c 0x00000000   Number         0  stm32f1xx_hal_exti.o ABSOLUTE
    ..\Drivers\STM32F1xx_HAL_Driver\Src\stm32f1xx_hal_flash.c 0x00000000   Number         0  stm32f1xx_hal_flash.o ABSOLUTE
    ..\Drivers\STM32F1xx_HAL_Driver\Src\stm32f1xx_hal_flash_ex.c 0x00000000   Number         0  stm32f1xx_hal_flash_ex.o ABSOLUTE
    ..\Drivers\STM32F1xx_HAL_Driver\Src\stm32f1xx_hal_gpio.c 0x00000000   Number         0  stm32f1xx_hal_gpio.o ABSOLUTE
    ..\Drivers\STM32F1xx_HAL_Driver\Src\stm32f1xx_hal_gpio_ex.c 0x00000000   Number         0  stm32f1xx_hal_gpio_ex.o ABSOLUTE
    ..\Drivers\STM32F1xx_HAL_Driver\Src\stm32f1xx_hal_pwr.c 0x00000000   Number         0  stm32f1xx_hal_pwr.o ABSOLUTE
    ..\Drivers\STM32F1xx_HAL_Driver\Src\stm32f1xx_hal_rcc.c 0x00000000   Number         0  stm32f1xx_hal_rcc.o ABSOLUTE
    ..\Drivers\STM32F1xx_HAL_Driver\Src\stm32f1xx_hal_rcc_ex.c 0x00000000   Number         0  stm32f1xx_hal_rcc_ex.o ABSOLUTE
    ..\Drivers\STM32F1xx_HAL_Driver\Src\stm32f1xx_hal_tim.c 0x00000000   Number         0  stm32f1xx_hal_tim.o ABSOLUTE
    ..\Drivers\STM32F1xx_HAL_Driver\Src\stm32f1xx_hal_tim_ex.c 0x00000000   Number         0  stm32f1xx_hal_tim_ex.o ABSOLUTE
    ..\Drivers\STM32F1xx_HAL_Driver\Src\stm32f1xx_hal_uart.c 0x00000000   Number         0  stm32f1xx_hal_uart.o ABSOLUTE
    ..\MiddleWare\KEY\my_key.c               0x00000000   Number         0  my_key.o ABSOLUTE
    ..\MiddleWare\MOTOR\motor.c              0x00000000   Number         0  motor.o ABSOLUTE
    ..\MiddleWare\OLED\OLED.c                0x00000000   Number         0  oled.o ABSOLUTE
    ..\MiddleWare\OLED\OLED_Data.c           0x00000000   Number         0  oled_data.o ABSOLUTE
    ..\MiddleWare\PID\pid.c                  0x00000000   Number         0  pid.o ABSOLUTE
    ..\\MiddleWare\\KEY\\my_key.c            0x00000000   Number         0  my_key.o ABSOLUTE
    ..\\MiddleWare\\MOTOR\\motor.c           0x00000000   Number         0  motor.o ABSOLUTE
    ..\\MiddleWare\\OLED\\OLED.c             0x00000000   Number         0  oled.o ABSOLUTE
    cdcmple.s                                0x00000000   Number         0  cdcmple.o ABSOLUTE
    cdrcmple.s                               0x00000000   Number         0  cdrcmple.o ABSOLUTE
    cfcmple.s                                0x00000000   Number         0  cfcmple.o ABSOLUTE
    cfrcmple.s                               0x00000000   Number         0  cfrcmple.o ABSOLUTE
    dc.s                                     0x00000000   Number         0  dc.o ABSOLUTE
    handlers.s                               0x00000000   Number         0  handlers.o ABSOLUTE
    init.s                                   0x00000000   Number         0  init.o ABSOLUTE
    startup_stm32f103xb.s                    0x00000000   Number         0  startup_stm32f103xb.o ABSOLUTE
    RESET                                    0x08000000   Section      236  startup_stm32f103xb.o(RESET)
    .ARM.Collect$$$$00000000                 0x080000ec   Section        0  entry.o(.ARM.Collect$$$$00000000)
    .ARM.Collect$$$$00000001                 0x080000ec   Section        4  entry2.o(.ARM.Collect$$$$00000001)
    .ARM.Collect$$$$00000004                 0x080000f0   Section        4  entry5.o(.ARM.Collect$$$$00000004)
    .ARM.Collect$$$$00000008                 0x080000f4   Section        0  entry7b.o(.ARM.Collect$$$$00000008)
    .ARM.Collect$$$$0000000A                 0x080000f4   Section        0  entry8b.o(.ARM.Collect$$$$0000000A)
    .ARM.Collect$$$$0000000B                 0x080000f4   Section        8  entry9a.o(.ARM.Collect$$$$0000000B)
    .ARM.Collect$$$$0000000E                 0x080000fc   Section        4  entry12b.o(.ARM.Collect$$$$0000000E)
    .ARM.Collect$$$$0000000F                 0x08000100   Section        0  entry10a.o(.ARM.Collect$$$$0000000F)
    .ARM.Collect$$$$00000011                 0x08000100   Section        0  entry11a.o(.ARM.Collect$$$$00000011)
    .ARM.Collect$$$$00002712                 0x08000100   Section        4  entry2.o(.ARM.Collect$$$$00002712)
    __lit__00000000                          0x08000100   Data           4  entry2.o(.ARM.Collect$$$$00002712)
    .text                                    0x08000104   Section       36  startup_stm32f103xb.o(.text)
    .text                                    0x08000128   Section        0  llushr.o(.text)
    .text                                    0x08000148   Section        0  memseta.o(.text)
    .text                                    0x0800016c   Section        0  strcmp.o(.text)
    .text                                    0x08000188   Section        0  fadd.o(.text)
    .text                                    0x08000238   Section        0  fmul.o(.text)
    .text                                    0x0800029c   Section        0  dadd.o(.text)
    .text                                    0x080003ea   Section        0  dmul.o(.text)
    .text                                    0x080004ce   Section        0  ddiv.o(.text)
    .text                                    0x080005ac   Section        0  fflti.o(.text)
    .text                                    0x080005be   Section        0  ffixi.o(.text)
    .text                                    0x080005f0   Section        0  f2d.o(.text)
    .text                                    0x08000618   Section       48  cdrcmple.o(.text)
    .text                                    0x08000648   Section       20  cfcmple.o(.text)
    .text                                    0x0800065c   Section       20  cfrcmple.o(.text)
    .text                                    0x08000670   Section        0  uidiv.o(.text)
    .text                                    0x0800069c   Section        0  uldiv.o(.text)
    .text                                    0x080006fe   Section        0  llshl.o(.text)
    .text                                    0x0800071c   Section        0  llsshr.o(.text)
    .text                                    0x08000740   Section        0  iusefp.o(.text)
    .text                                    0x08000740   Section        0  fepilogue.o(.text)
    .text                                    0x080007ae   Section        0  depilogue.o(.text)
    .text                                    0x08000868   Section        0  dfixul.o(.text)
    .text                                    0x08000898   Section       36  init.o(.text)
    i.ADC_ConversionStop_Disable             0x080008bc   Section        0  stm32f1xx_hal_adc.o(i.ADC_ConversionStop_Disable)
    i.BusFault_Handler                       0x08000912   Section        0  stm32f1xx_it.o(i.BusFault_Handler)
    i.CascadePID_Update                      0x08000914   Section        0  pid.o(i.CascadePID_Update)
    i.DebugMon_Handler                       0x0800092c   Section        0  stm32f1xx_it.o(i.DebugMon_Handler)
    i.Encoder_Get                            0x08000930   Section        0  motor.o(i.Encoder_Get)
    i.Error_Handler                          0x08000944   Section        0  main.o(i.Error_Handler)
    i.HAL_ADC_ConfigChannel                  0x08000948   Section        0  stm32f1xx_hal_adc.o(i.HAL_ADC_ConfigChannel)
    i.HAL_ADC_Init                           0x08000a44   Section        0  stm32f1xx_hal_adc.o(i.HAL_ADC_Init)
    i.HAL_ADC_MspInit                        0x08000b60   Section        0  adc.o(i.HAL_ADC_MspInit)
    i.HAL_GPIO_Init                          0x08000bb8   Section        0  stm32f1xx_hal_gpio.o(i.HAL_GPIO_Init)
    i.HAL_GPIO_ReadPin                       0x08000d98   Section        0  stm32f1xx_hal_gpio.o(i.HAL_GPIO_ReadPin)
    i.HAL_GPIO_WritePin                      0x08000da2   Section        0  stm32f1xx_hal_gpio.o(i.HAL_GPIO_WritePin)
    i.HAL_GetTick                            0x08000dac   Section        0  stm32f1xx_hal.o(i.HAL_GetTick)
    i.HAL_IncTick                            0x08000db8   Section        0  stm32f1xx_hal.o(i.HAL_IncTick)
    i.HAL_Init                               0x08000dc8   Section        0  stm32f1xx_hal.o(i.HAL_Init)
    i.HAL_InitTick                           0x08000dec   Section        0  stm32f1xx_hal.o(i.HAL_InitTick)
    i.HAL_MspInit                            0x08000e2c   Section        0  stm32f1xx_hal_msp.o(i.HAL_MspInit)
    i.HAL_NVIC_EnableIRQ                     0x08000e68   Section        0  stm32f1xx_hal_cortex.o(i.HAL_NVIC_EnableIRQ)
    i.HAL_NVIC_SetPriority                   0x08000e84   Section        0  stm32f1xx_hal_cortex.o(i.HAL_NVIC_SetPriority)
    i.HAL_NVIC_SetPriorityGrouping           0x08000ec4   Section        0  stm32f1xx_hal_cortex.o(i.HAL_NVIC_SetPriorityGrouping)
    i.HAL_RCCEx_PeriphCLKConfig              0x08000ee8   Section        0  stm32f1xx_hal_rcc_ex.o(i.HAL_RCCEx_PeriphCLKConfig)
    i.HAL_RCC_ClockConfig                    0x08000fd4   Section        0  stm32f1xx_hal_rcc.o(i.HAL_RCC_ClockConfig)
    i.HAL_RCC_GetPCLK1Freq                   0x08001100   Section        0  stm32f1xx_hal_rcc.o(i.HAL_RCC_GetPCLK1Freq)
    i.HAL_RCC_GetPCLK2Freq                   0x08001120   Section        0  stm32f1xx_hal_rcc.o(i.HAL_RCC_GetPCLK2Freq)
    i.HAL_RCC_GetSysClockFreq                0x08001140   Section        0  stm32f1xx_hal_rcc.o(i.HAL_RCC_GetSysClockFreq)
    i.HAL_RCC_OscConfig                      0x0800118c   Section        0  stm32f1xx_hal_rcc.o(i.HAL_RCC_OscConfig)
    i.HAL_SYSTICK_Config                     0x080014ac   Section        0  stm32f1xx_hal_cortex.o(i.HAL_SYSTICK_Config)
    i.HAL_TIMEx_BreakCallback                0x080014d4   Section        0  stm32f1xx_hal_tim_ex.o(i.HAL_TIMEx_BreakCallback)
    i.HAL_TIMEx_CommutCallback               0x080014d6   Section        0  stm32f1xx_hal_tim_ex.o(i.HAL_TIMEx_CommutCallback)
    i.HAL_TIMEx_MasterConfigSynchronization  0x080014d8   Section        0  stm32f1xx_hal_tim_ex.o(i.HAL_TIMEx_MasterConfigSynchronization)
    i.HAL_TIM_Base_Init                      0x08001540   Section        0  stm32f1xx_hal_tim.o(i.HAL_TIM_Base_Init)
    i.HAL_TIM_Base_MspInit                   0x0800159c   Section        0  tim.o(i.HAL_TIM_Base_MspInit)
    i.HAL_TIM_Base_Start_IT                  0x080015fc   Section        0  stm32f1xx_hal_tim.o(i.HAL_TIM_Base_Start_IT)
    i.HAL_TIM_ConfigClockSource              0x08001654   Section        0  stm32f1xx_hal_tim.o(i.HAL_TIM_ConfigClockSource)
    i.HAL_TIM_Encoder_Init                   0x08001730   Section        0  stm32f1xx_hal_tim.o(i.HAL_TIM_Encoder_Init)
    i.HAL_TIM_Encoder_MspInit                0x080017d4   Section        0  tim.o(i.HAL_TIM_Encoder_MspInit)
    i.HAL_TIM_Encoder_Start                  0x08001860   Section        0  stm32f1xx_hal_tim.o(i.HAL_TIM_Encoder_Start)
    i.HAL_TIM_IC_CaptureCallback             0x080018ee   Section        0  stm32f1xx_hal_tim.o(i.HAL_TIM_IC_CaptureCallback)
    i.HAL_TIM_IRQHandler                     0x080018f0   Section        0  stm32f1xx_hal_tim.o(i.HAL_TIM_IRQHandler)
    i.HAL_TIM_MspPostInit                    0x08001a20   Section        0  tim.o(i.HAL_TIM_MspPostInit)
    i.HAL_TIM_OC_DelayElapsedCallback        0x08001a68   Section        0  stm32f1xx_hal_tim.o(i.HAL_TIM_OC_DelayElapsedCallback)
    i.HAL_TIM_PWM_ConfigChannel              0x08001a6a   Section        0  stm32f1xx_hal_tim.o(i.HAL_TIM_PWM_ConfigChannel)
    i.HAL_TIM_PWM_Init                       0x08001b36   Section        0  stm32f1xx_hal_tim.o(i.HAL_TIM_PWM_Init)
    i.HAL_TIM_PWM_MspInit                    0x08001b90   Section        0  stm32f1xx_hal_tim.o(i.HAL_TIM_PWM_MspInit)
    i.HAL_TIM_PWM_PulseFinishedCallback      0x08001b92   Section        0  stm32f1xx_hal_tim.o(i.HAL_TIM_PWM_PulseFinishedCallback)
    i.HAL_TIM_PWM_Start                      0x08001b94   Section        0  stm32f1xx_hal_tim.o(i.HAL_TIM_PWM_Start)
    i.HAL_TIM_PeriodElapsedCallback          0x08001c30   Section        0  stm32f1xx_it.o(i.HAL_TIM_PeriodElapsedCallback)
    i.HAL_TIM_TriggerCallback                0x08001ca8   Section        0  stm32f1xx_hal_tim.o(i.HAL_TIM_TriggerCallback)
    i.HAL_UART_Init                          0x08001caa   Section        0  stm32f1xx_hal_uart.o(i.HAL_UART_Init)
    i.HAL_UART_MspInit                       0x08001d10   Section        0  usart.o(i.HAL_UART_MspInit)
    i.HAL_UART_Transmit                      0x08001d80   Section        0  stm32f1xx_hal_uart.o(i.HAL_UART_Transmit)
    i.HardFault_Handler                      0x08001e20   Section        0  stm32f1xx_it.o(i.HardFault_Handler)
    i.Key_Check                              0x08001e24   Section        0  my_key.o(i.Key_Check)
    i.Key_GetState                           0x08001e44   Section        0  my_key.o(i.Key_GetState)
    i.Key_Tick                               0x08001e80   Section        0  my_key.o(i.Key_Tick)
    i.MX_ADC1_Init                           0x08001fb4   Section        0  adc.o(i.MX_ADC1_Init)
    i.MX_GPIO_Init                           0x08002044   Section        0  gpio.o(i.MX_GPIO_Init)
    i.MX_TIM1_Init                           0x08002114   Section        0  tim.o(i.MX_TIM1_Init)
    i.MX_TIM2_Init                           0x0800217c   Section        0  tim.o(i.MX_TIM2_Init)
    i.MX_TIM3_Init                           0x08002220   Section        0  tim.o(i.MX_TIM3_Init)
    i.MX_TIM4_Init                           0x0800228c   Section        0  tim.o(i.MX_TIM4_Init)
    i.MX_USART1_UART_Init                    0x080022f4   Section        0  usart.o(i.MX_USART1_UART_Init)
    i.MemManage_Handler                      0x0800232c   Section        0  stm32f1xx_it.o(i.MemManage_Handler)
    i.Motor_PID_Config                       0x08002330   Section        0  motor.o(i.Motor_PID_Config)
    i.Motor_SetPWM                           0x08002378   Section        0  motor.o(i.Motor_SetPWM)
    i.NMI_Handler                            0x080023cc   Section        0  stm32f1xx_it.o(i.NMI_Handler)
    i.OLED_Clear                             0x080023d0   Section        0  oled.o(i.OLED_Clear)
    i.OLED_ClearArea                         0x080023f8   Section        0  oled.o(i.OLED_ClearArea)
    i.OLED_GPIO_Init                         0x08002454   Section        0  oled.o(i.OLED_GPIO_Init)
    i.OLED_I2C_SendByte                      0x080024c8   Section        0  oled.o(i.OLED_I2C_SendByte)
    i.OLED_I2C_Start                         0x08002502   Section        0  oled.o(i.OLED_I2C_Start)
    i.OLED_I2C_Stop                          0x08002520   Section        0  oled.o(i.OLED_I2C_Stop)
    i.OLED_Init                              0x08002538   Section        0  oled.o(i.OLED_Init)
    i.OLED_Printf                            0x080025d4   Section        0  oled.o(i.OLED_Printf)
    i.OLED_SetCursor                         0x080025fe   Section        0  oled.o(i.OLED_SetCursor)
    i.OLED_ShowChar                          0x08002620   Section        0  oled.o(i.OLED_ShowChar)
    i.OLED_ShowImage                         0x0800265c   Section        0  oled.o(i.OLED_ShowImage)
    i.OLED_ShowString                        0x08002718   Section        0  oled.o(i.OLED_ShowString)
    i.OLED_Update                            0x080027f4   Section        0  oled.o(i.OLED_Update)
    i.OLED_W_SCL                             0x0800281c   Section        0  oled.o(i.OLED_W_SCL)
    i.OLED_W_SDA                             0x0800282c   Section        0  oled.o(i.OLED_W_SDA)
    i.OLED_WriteCommand                      0x0800283c   Section        0  oled.o(i.OLED_WriteCommand)
    i.OLED_WriteData                         0x0800285e   Section        0  oled.o(i.OLED_WriteData)
    i.PID_Init                               0x0800288e   Section        0  pid.o(i.PID_Init)
    i.PID_Update                             0x080028b0   Section        0  pid.o(i.PID_Update)
    i.PendSV_Handler                         0x080029c4   Section        0  stm32f1xx_it.o(i.PendSV_Handler)
    i.SVC_Handler                            0x080029c6   Section        0  stm32f1xx_it.o(i.SVC_Handler)
    i.SysTick_Handler                        0x080029c8   Section        0  stm32f1xx_it.o(i.SysTick_Handler)
    i.SystemClock_Config                     0x080029cc   Section        0  main.o(i.SystemClock_Config)
    i.SystemInit                             0x08002a44   Section        0  system_stm32f1xx.o(i.SystemInit)
    i.TIM1_UP_IRQHandler                     0x08002a48   Section        0  stm32f1xx_it.o(i.TIM1_UP_IRQHandler)
    i.TIM2_IRQHandler                        0x08002a54   Section        0  stm32f1xx_it.o(i.TIM2_IRQHandler)
    i.TIM_Base_SetConfig                     0x08002a60   Section        0  stm32f1xx_hal_tim.o(i.TIM_Base_SetConfig)
    i.TIM_CCxChannelCmd                      0x08002ad8   Section        0  stm32f1xx_hal_tim.o(i.TIM_CCxChannelCmd)
    i.TIM_ETR_SetConfig                      0x08002af2   Section        0  stm32f1xx_hal_tim.o(i.TIM_ETR_SetConfig)
    i.TIM_ITRx_SetConfig                     0x08002b06   Section        0  stm32f1xx_hal_tim.o(i.TIM_ITRx_SetConfig)
    TIM_ITRx_SetConfig                       0x08002b07   Thumb Code    16  stm32f1xx_hal_tim.o(i.TIM_ITRx_SetConfig)
    i.TIM_OC1_SetConfig                      0x08002b18   Section        0  stm32f1xx_hal_tim.o(i.TIM_OC1_SetConfig)
    TIM_OC1_SetConfig                        0x08002b19   Thumb Code    74  stm32f1xx_hal_tim.o(i.TIM_OC1_SetConfig)
    i.TIM_OC2_SetConfig                      0x08002b68   Section        0  stm32f1xx_hal_tim.o(i.TIM_OC2_SetConfig)
    i.TIM_OC3_SetConfig                      0x08002bc0   Section        0  stm32f1xx_hal_tim.o(i.TIM_OC3_SetConfig)
    TIM_OC3_SetConfig                        0x08002bc1   Thumb Code    82  stm32f1xx_hal_tim.o(i.TIM_OC3_SetConfig)
    i.TIM_OC4_SetConfig                      0x08002c18   Section        0  stm32f1xx_hal_tim.o(i.TIM_OC4_SetConfig)
    TIM_OC4_SetConfig                        0x08002c19   Thumb Code    64  stm32f1xx_hal_tim.o(i.TIM_OC4_SetConfig)
    i.TIM_TI1_ConfigInputStage               0x08002c5c   Section        0  stm32f1xx_hal_tim.o(i.TIM_TI1_ConfigInputStage)
    TIM_TI1_ConfigInputStage                 0x08002c5d   Thumb Code    34  stm32f1xx_hal_tim.o(i.TIM_TI1_ConfigInputStage)
    i.TIM_TI2_ConfigInputStage               0x08002c7e   Section        0  stm32f1xx_hal_tim.o(i.TIM_TI2_ConfigInputStage)
    TIM_TI2_ConfigInputStage                 0x08002c7f   Thumb Code    36  stm32f1xx_hal_tim.o(i.TIM_TI2_ConfigInputStage)
    i.UART_EndRxTransfer                     0x08002ca2   Section        0  stm32f1xx_hal_uart.o(i.UART_EndRxTransfer)
    UART_EndRxTransfer                       0x08002ca3   Thumb Code    78  stm32f1xx_hal_uart.o(i.UART_EndRxTransfer)
    i.UART_SetConfig                         0x08002cf0   Section        0  stm32f1xx_hal_uart.o(i.UART_SetConfig)
    UART_SetConfig                           0x08002cf1   Thumb Code   178  stm32f1xx_hal_uart.o(i.UART_SetConfig)
    i.UART_WaitOnFlagUntilTimeout            0x08002da8   Section        0  stm32f1xx_hal_uart.o(i.UART_WaitOnFlagUntilTimeout)
    UART_WaitOnFlagUntilTimeout              0x08002da9   Thumb Code   114  stm32f1xx_hal_uart.o(i.UART_WaitOnFlagUntilTimeout)
    i.UsageFault_Handler                     0x08002e1a   Section        0  stm32f1xx_it.o(i.UsageFault_Handler)
    i.__0printf                              0x08002e1c   Section        0  printfa.o(i.__0printf)
    i.__0vsprintf                            0x08002e3c   Section        0  printfa.o(i.__0vsprintf)
    i.__NVIC_SetPriority                     0x08002e60   Section        0  stm32f1xx_hal_cortex.o(i.__NVIC_SetPriority)
    __NVIC_SetPriority                       0x08002e61   Thumb Code    32  stm32f1xx_hal_cortex.o(i.__NVIC_SetPriority)
    i.__scatterload_copy                     0x08002e80   Section       14  handlers.o(i.__scatterload_copy)
    i.__scatterload_null                     0x08002e8e   Section        2  handlers.o(i.__scatterload_null)
    i.__scatterload_zeroinit                 0x08002e90   Section       14  handlers.o(i.__scatterload_zeroinit)
    i._fp_digits                             0x08002ea0   Section        0  printfa.o(i._fp_digits)
    _fp_digits                               0x08002ea1   Thumb Code   366  printfa.o(i._fp_digits)
    i._printf_core                           0x08003024   Section        0  printfa.o(i._printf_core)
    _printf_core                             0x08003025   Thumb Code  1704  printfa.o(i._printf_core)
    i._printf_post_padding                   0x080036d8   Section        0  printfa.o(i._printf_post_padding)
    _printf_post_padding                     0x080036d9   Thumb Code    36  printfa.o(i._printf_post_padding)
    i._printf_pre_padding                    0x080036fc   Section        0  printfa.o(i._printf_pre_padding)
    _printf_pre_padding                      0x080036fd   Thumb Code    46  printfa.o(i._printf_pre_padding)
    i._sputc                                 0x0800372a   Section        0  printfa.o(i._sputc)
    _sputc                                   0x0800372b   Thumb Code    10  printfa.o(i._sputc)
    i.fputc                                  0x08003734   Section        0  usart.o(i.fputc)
    i.main                                   0x0800374c   Section        0  main.o(i.main)
    i.motor_pwm_encoder_start                0x08003988   Section        0  main.o(i.motor_pwm_encoder_start)
    i.my_get_key_num                         0x080039a8   Section        0  my_key.o(i.my_get_key_num)
    .constdata                               0x080039c0   Section     1520  oled_data.o(.constdata)
    .constdata                               0x08003fb0   Section      570  oled_data.o(.constdata)
    .constdata                               0x080041ea   Section      245  oled_data.o(.constdata)
    .constdata                               0x080042df   Section       18  stm32f1xx_hal_rcc.o(.constdata)
    aPredivFactorTable                       0x080042df   Data           2  stm32f1xx_hal_rcc.o(.constdata)
    aPLLMULFactorTable                       0x080042e1   Data          16  stm32f1xx_hal_rcc.o(.constdata)
    .constdata                               0x080042f1   Section       16  system_stm32f1xx.o(.constdata)
    .constdata                               0x08004301   Section        8  system_stm32f1xx.o(.constdata)
    .data                                    0x20000000   Section        4  stm32f1xx_it.o(.data)
    innerCount                               0x20000000   Data           2  stm32f1xx_it.o(.data)
    outerCount                               0x20000002   Data           2  stm32f1xx_it.o(.data)
    .data                                    0x20000004   Section       26  my_key.o(.data)
    count                                    0x20000004   Data           1  my_key.o(.data)
    curr_state                               0x20000005   Data           4  my_key.o(.data)
    prev_state                               0x20000009   Data           4  my_key.o(.data)
    step                                     0x2000000d   Data           4  my_key.o(.data)
    timer                                    0x20000016   Data           8  my_key.o(.data)
    .data                                    0x2000001e   Section        2  motor.o(.data)
    .data                                    0x20000020   Section        2  motor.o(.data)
    .data                                    0x20000024   Section        4  pid.o(.data)
    d_last                                   0x20000024   Data           4  pid.o(.data)
    .data                                    0x20000028   Section       12  stm32f1xx_hal.o(.data)
    .data                                    0x20000034   Section        4  system_stm32f1xx.o(.data)
    .data                                    0x20000038   Section        4  stdout.o(.data)
    .bss                                     0x2000003c   Section       48  adc.o(.bss)
    .bss                                     0x2000006c   Section      288  tim.o(.bss)
    .bss                                     0x2000018c   Section       72  usart.o(.bss)
    .bss                                     0x200001d4   Section     1024  oled.o(.bss)
    .bss                                     0x200005d4   Section       88  motor.o(.bss)
    STACK                                    0x20000630   Section     1024  startup_stm32f103xb.o(STACK)

    Global Symbols

    Symbol Name                              Value     Ov Type        Size  Object(Section)

    BuildAttributes$$THM_ISAv4$P$D$K$B$S$PE$A:L22UL41UL21$X:L11$S22US41US21$IEEE1$IW$USESV6$~STKCKD$USESV7$~SHL$OTIME$ROPI$IEEEX$EBA8$MICROLIB$REQ8$PRES8$EABIv2 0x00000000   Number         0  anon$$obj.o ABSOLUTE
    __ARM_use_no_argv                        0x00000000   Number         0  main.o ABSOLUTE
    _printf_a                                0x00000000   Number         0  stubs.o ABSOLUTE
    _printf_c                                0x00000000   Number         0  stubs.o ABSOLUTE
    _printf_charcount                        0x00000000   Number         0  stubs.o ABSOLUTE
    _printf_d                                0x00000000   Number         0  stubs.o ABSOLUTE
    _printf_e                                0x00000000   Number         0  stubs.o ABSOLUTE
    _printf_f                                0x00000000   Number         0  stubs.o ABSOLUTE
    _printf_flags                            0x00000000   Number         0  stubs.o ABSOLUTE
    _printf_fp_dec                           0x00000000   Number         0  stubs.o ABSOLUTE
    _printf_fp_hex                           0x00000000   Number         0  stubs.o ABSOLUTE
    _printf_g                                0x00000000   Number         0  stubs.o ABSOLUTE
    _printf_i                                0x00000000   Number         0  stubs.o ABSOLUTE
    _printf_int_dec                          0x00000000   Number         0  stubs.o ABSOLUTE
    _printf_l                                0x00000000   Number         0  stubs.o ABSOLUTE
    _printf_lc                               0x00000000   Number         0  stubs.o ABSOLUTE
    _printf_ll                               0x00000000   Number         0  stubs.o ABSOLUTE
    _printf_lld                              0x00000000   Number         0  stubs.o ABSOLUTE
    _printf_lli                              0x00000000   Number         0  stubs.o ABSOLUTE
    _printf_llo                              0x00000000   Number         0  stubs.o ABSOLUTE
    _printf_llu                              0x00000000   Number         0  stubs.o ABSOLUTE
    _printf_llx                              0x00000000   Number         0  stubs.o ABSOLUTE
    _printf_longlong_dec                     0x00000000   Number         0  stubs.o ABSOLUTE
    _printf_longlong_hex                     0x00000000   Number         0  stubs.o ABSOLUTE
    _printf_longlong_oct                     0x00000000   Number         0  stubs.o ABSOLUTE
    _printf_ls                               0x00000000   Number         0  stubs.o ABSOLUTE
    _printf_mbtowc                           0x00000000   Number         0  stubs.o ABSOLUTE
    _printf_n                                0x00000000   Number         0  stubs.o ABSOLUTE
    _printf_o                                0x00000000   Number         0  stubs.o ABSOLUTE
    _printf_p                                0x00000000   Number         0  stubs.o ABSOLUTE
    _printf_percent                          0x00000000   Number         0  stubs.o ABSOLUTE
    _printf_pre_padding                      0x00000000   Number         0  stubs.o ABSOLUTE
    _printf_return_value                     0x00000000   Number         0  stubs.o ABSOLUTE
    _printf_s                                0x00000000   Number         0  stubs.o ABSOLUTE
    _printf_sizespec                         0x00000000   Number         0  stubs.o ABSOLUTE
    _printf_str                              0x00000000   Number         0  stubs.o ABSOLUTE
    _printf_truncate_signed                  0x00000000   Number         0  stubs.o ABSOLUTE
    _printf_truncate_unsigned                0x00000000   Number         0  stubs.o ABSOLUTE
    _printf_u                                0x00000000   Number         0  stubs.o ABSOLUTE
    _printf_wc                               0x00000000   Number         0  stubs.o ABSOLUTE
    _printf_wctomb                           0x00000000   Number         0  stubs.o ABSOLUTE
    _printf_widthprec                        0x00000000   Number         0  stubs.o ABSOLUTE
    _printf_x                                0x00000000   Number         0  stubs.o ABSOLUTE
    __arm_fini_                               - Undefined Weak Reference
    __cpp_initialize__aeabi_                  - Undefined Weak Reference
    __cxa_finalize                            - Undefined Weak Reference
    __decompress                              - Undefined Weak Reference
    _clock_init                               - Undefined Weak Reference
    _microlib_exit                            - Undefined Weak Reference
    __Vectors_Size                           0x000000ec   Number         0  startup_stm32f103xb.o ABSOLUTE
    __Vectors                                0x08000000   Data           4  startup_stm32f103xb.o(RESET)
    __Vectors_End                            0x080000ec   Data           0  startup_stm32f103xb.o(RESET)
    __main                                   0x080000ed   Thumb Code     0  entry.o(.ARM.Collect$$$$00000000)
    _main_stk                                0x080000ed   Thumb Code     0  entry2.o(.ARM.Collect$$$$00000001)
    _main_scatterload                        0x080000f1   Thumb Code     0  entry5.o(.ARM.Collect$$$$00000004)
    __main_after_scatterload                 0x080000f5   Thumb Code     0  entry5.o(.ARM.Collect$$$$00000004)
    _main_clock                              0x080000f5   Thumb Code     0  entry7b.o(.ARM.Collect$$$$00000008)
    _main_cpp_init                           0x080000f5   Thumb Code     0  entry8b.o(.ARM.Collect$$$$0000000A)
    _main_init                               0x080000f5   Thumb Code     0  entry9a.o(.ARM.Collect$$$$0000000B)
    __rt_lib_shutdown_fini                   0x080000fd   Thumb Code     0  entry12b.o(.ARM.Collect$$$$0000000E)
    __rt_final_cpp                           0x08000101   Thumb Code     0  entry10a.o(.ARM.Collect$$$$0000000F)
    __rt_final_exit                          0x08000101   Thumb Code     0  entry11a.o(.ARM.Collect$$$$00000011)
    Reset_Handler                            0x08000105   Thumb Code     8  startup_stm32f103xb.o(.text)
    ADC1_2_IRQHandler                        0x0800011f   Thumb Code     0  startup_stm32f103xb.o(.text)
    CAN1_RX1_IRQHandler                      0x0800011f   Thumb Code     0  startup_stm32f103xb.o(.text)
    CAN1_SCE_IRQHandler                      0x0800011f   Thumb Code     0  startup_stm32f103xb.o(.text)
    DMA1_Channel1_IRQHandler                 0x0800011f   Thumb Code     0  startup_stm32f103xb.o(.text)
    DMA1_Channel2_IRQHandler                 0x0800011f   Thumb Code     0  startup_stm32f103xb.o(.text)
    DMA1_Channel3_IRQHandler                 0x0800011f   Thumb Code     0  startup_stm32f103xb.o(.text)
    DMA1_Channel4_IRQHandler                 0x0800011f   Thumb Code     0  startup_stm32f103xb.o(.text)
    DMA1_Channel5_IRQHandler                 0x0800011f   Thumb Code     0  startup_stm32f103xb.o(.text)
    DMA1_Channel6_IRQHandler                 0x0800011f   Thumb Code     0  startup_stm32f103xb.o(.text)
    DMA1_Channel7_IRQHandler                 0x0800011f   Thumb Code     0  startup_stm32f103xb.o(.text)
    EXTI0_IRQHandler                         0x0800011f   Thumb Code     0  startup_stm32f103xb.o(.text)
    EXTI15_10_IRQHandler                     0x0800011f   Thumb Code     0  startup_stm32f103xb.o(.text)
    EXTI1_IRQHandler                         0x0800011f   Thumb Code     0  startup_stm32f103xb.o(.text)
    EXTI2_IRQHandler                         0x0800011f   Thumb Code     0  startup_stm32f103xb.o(.text)
    EXTI3_IRQHandler                         0x0800011f   Thumb Code     0  startup_stm32f103xb.o(.text)
    EXTI4_IRQHandler                         0x0800011f   Thumb Code     0  startup_stm32f103xb.o(.text)
    EXTI9_5_IRQHandler                       0x0800011f   Thumb Code     0  startup_stm32f103xb.o(.text)
    FLASH_IRQHandler                         0x0800011f   Thumb Code     0  startup_stm32f103xb.o(.text)
    I2C1_ER_IRQHandler                       0x0800011f   Thumb Code     0  startup_stm32f103xb.o(.text)
    I2C1_EV_IRQHandler                       0x0800011f   Thumb Code     0  startup_stm32f103xb.o(.text)
    I2C2_ER_IRQHandler                       0x0800011f   Thumb Code     0  startup_stm32f103xb.o(.text)
    I2C2_EV_IRQHandler                       0x0800011f   Thumb Code     0  startup_stm32f103xb.o(.text)
    PVD_IRQHandler                           0x0800011f   Thumb Code     0  startup_stm32f103xb.o(.text)
    RCC_IRQHandler                           0x0800011f   Thumb Code     0  startup_stm32f103xb.o(.text)
    RTC_Alarm_IRQHandler                     0x0800011f   Thumb Code     0  startup_stm32f103xb.o(.text)
    RTC_IRQHandler                           0x0800011f   Thumb Code     0  startup_stm32f103xb.o(.text)
    SPI1_IRQHandler                          0x0800011f   Thumb Code     0  startup_stm32f103xb.o(.text)
    SPI2_IRQHandler                          0x0800011f   Thumb Code     0  startup_stm32f103xb.o(.text)
    TAMPER_IRQHandler                        0x0800011f   Thumb Code     0  startup_stm32f103xb.o(.text)
    TIM1_BRK_IRQHandler                      0x0800011f   Thumb Code     0  startup_stm32f103xb.o(.text)
    TIM1_CC_IRQHandler                       0x0800011f   Thumb Code     0  startup_stm32f103xb.o(.text)
    TIM1_TRG_COM_IRQHandler                  0x0800011f   Thumb Code     0  startup_stm32f103xb.o(.text)
    TIM3_IRQHandler                          0x0800011f   Thumb Code     0  startup_stm32f103xb.o(.text)
    TIM4_IRQHandler                          0x0800011f   Thumb Code     0  startup_stm32f103xb.o(.text)
    USART1_IRQHandler                        0x0800011f   Thumb Code     0  startup_stm32f103xb.o(.text)
    USART2_IRQHandler                        0x0800011f   Thumb Code     0  startup_stm32f103xb.o(.text)
    USART3_IRQHandler                        0x0800011f   Thumb Code     0  startup_stm32f103xb.o(.text)
    USBWakeUp_IRQHandler                     0x0800011f   Thumb Code     0  startup_stm32f103xb.o(.text)
    USB_HP_CAN1_TX_IRQHandler                0x0800011f   Thumb Code     0  startup_stm32f103xb.o(.text)
    USB_LP_CAN1_RX0_IRQHandler               0x0800011f   Thumb Code     0  startup_stm32f103xb.o(.text)
    WWDG_IRQHandler                          0x0800011f   Thumb Code     0  startup_stm32f103xb.o(.text)
    __aeabi_llsr                             0x08000129   Thumb Code    32  llushr.o(.text)
    _ll_ushift_r                             0x08000129   Thumb Code     0  llushr.o(.text)
    __aeabi_memset                           0x08000149   Thumb Code    14  memseta.o(.text)
    __aeabi_memset4                          0x08000149   Thumb Code     0  memseta.o(.text)
    __aeabi_memset8                          0x08000149   Thumb Code     0  memseta.o(.text)
    __aeabi_memclr                           0x08000157   Thumb Code     4  memseta.o(.text)
    __aeabi_memclr4                          0x08000157   Thumb Code     0  memseta.o(.text)
    __aeabi_memclr8                          0x08000157   Thumb Code     0  memseta.o(.text)
    _memset$wrapper                          0x0800015b   Thumb Code    18  memseta.o(.text)
    strcmp                                   0x0800016d   Thumb Code    28  strcmp.o(.text)
    __aeabi_fadd                             0x08000189   Thumb Code   164  fadd.o(.text)
    __aeabi_fsub                             0x0800022d   Thumb Code     6  fadd.o(.text)
    __aeabi_frsub                            0x08000233   Thumb Code     6  fadd.o(.text)
    __aeabi_fmul                             0x08000239   Thumb Code   100  fmul.o(.text)
    __aeabi_dadd                             0x0800029d   Thumb Code   322  dadd.o(.text)
    __aeabi_dsub                             0x080003df   Thumb Code     6  dadd.o(.text)
    __aeabi_drsub                            0x080003e5   Thumb Code     6  dadd.o(.text)
    __aeabi_dmul                             0x080003eb   Thumb Code   228  dmul.o(.text)
    __aeabi_ddiv                             0x080004cf   Thumb Code   222  ddiv.o(.text)
    __aeabi_i2f                              0x080005ad   Thumb Code    18  fflti.o(.text)
    __aeabi_f2iz                             0x080005bf   Thumb Code    50  ffixi.o(.text)
    __aeabi_f2d                              0x080005f1   Thumb Code    38  f2d.o(.text)
    __aeabi_cdrcmple                         0x08000619   Thumb Code    48  cdrcmple.o(.text)
    __aeabi_cfcmpeq                          0x08000649   Thumb Code     0  cfcmple.o(.text)
    __aeabi_cfcmple                          0x08000649   Thumb Code    20  cfcmple.o(.text)
    __aeabi_cfrcmple                         0x0800065d   Thumb Code    20  cfrcmple.o(.text)
    __aeabi_uidiv                            0x08000671   Thumb Code     0  uidiv.o(.text)
    __aeabi_uidivmod                         0x08000671   Thumb Code    44  uidiv.o(.text)
    __aeabi_uldivmod                         0x0800069d   Thumb Code    98  uldiv.o(.text)
    __aeabi_llsl                             0x080006ff   Thumb Code    30  llshl.o(.text)
    _ll_shift_l                              0x080006ff   Thumb Code     0  llshl.o(.text)
    __aeabi_lasr                             0x0800071d   Thumb Code    36  llsshr.o(.text)
    _ll_sshift_r                             0x0800071d   Thumb Code     0  llsshr.o(.text)
    __I$use$fp                               0x08000741   Thumb Code     0  iusefp.o(.text)
    _float_round                             0x08000741   Thumb Code    18  fepilogue.o(.text)
    _float_epilogue                          0x08000753   Thumb Code    92  fepilogue.o(.text)
    _double_round                            0x080007af   Thumb Code    30  depilogue.o(.text)
    _double_epilogue                         0x080007cd   Thumb Code   156  depilogue.o(.text)
    __aeabi_d2ulz                            0x08000869   Thumb Code    48  dfixul.o(.text)
    __scatterload                            0x08000899   Thumb Code    28  init.o(.text)
    __scatterload_rt2                        0x08000899   Thumb Code     0  init.o(.text)
    ADC_ConversionStop_Disable               0x080008bd   Thumb Code    86  stm32f1xx_hal_adc.o(i.ADC_ConversionStop_Disable)
    BusFault_Handler                         0x08000913   Thumb Code     2  stm32f1xx_it.o(i.BusFault_Handler)
    CascadePID_Update                        0x08000915   Thumb Code    24  pid.o(i.CascadePID_Update)
    DebugMon_Handler                         0x0800092d   Thumb Code     2  stm32f1xx_it.o(i.DebugMon_Handler)
    Encoder_Get                              0x08000931   Thumb Code    16  motor.o(i.Encoder_Get)
    Error_Handler                            0x08000945   Thumb Code     4  main.o(i.Error_Handler)
    HAL_ADC_ConfigChannel                    0x08000949   Thumb Code   240  stm32f1xx_hal_adc.o(i.HAL_ADC_ConfigChannel)
    HAL_ADC_Init                             0x08000a45   Thumb Code   272  stm32f1xx_hal_adc.o(i.HAL_ADC_Init)
    HAL_ADC_MspInit                          0x08000b61   Thumb Code    76  adc.o(i.HAL_ADC_MspInit)
    HAL_GPIO_Init                            0x08000bb9   Thumb Code   446  stm32f1xx_hal_gpio.o(i.HAL_GPIO_Init)
    HAL_GPIO_ReadPin                         0x08000d99   Thumb Code    10  stm32f1xx_hal_gpio.o(i.HAL_GPIO_ReadPin)
    HAL_GPIO_WritePin                        0x08000da3   Thumb Code    10  stm32f1xx_hal_gpio.o(i.HAL_GPIO_WritePin)
    HAL_GetTick                              0x08000dad   Thumb Code     6  stm32f1xx_hal.o(i.HAL_GetTick)
    HAL_IncTick                              0x08000db9   Thumb Code    12  stm32f1xx_hal.o(i.HAL_IncTick)
    HAL_Init                                 0x08000dc9   Thumb Code    32  stm32f1xx_hal.o(i.HAL_Init)
    HAL_InitTick                             0x08000ded   Thumb Code    54  stm32f1xx_hal.o(i.HAL_InitTick)
    HAL_MspInit                              0x08000e2d   Thumb Code    52  stm32f1xx_hal_msp.o(i.HAL_MspInit)
    HAL_NVIC_EnableIRQ                       0x08000e69   Thumb Code    26  stm32f1xx_hal_cortex.o(i.HAL_NVIC_EnableIRQ)
    HAL_NVIC_SetPriority                     0x08000e85   Thumb Code    60  stm32f1xx_hal_cortex.o(i.HAL_NVIC_SetPriority)
    HAL_NVIC_SetPriorityGrouping             0x08000ec5   Thumb Code    26  stm32f1xx_hal_cortex.o(i.HAL_NVIC_SetPriorityGrouping)
    HAL_RCCEx_PeriphCLKConfig                0x08000ee9   Thumb Code   224  stm32f1xx_hal_rcc_ex.o(i.HAL_RCCEx_PeriphCLKConfig)
    HAL_RCC_ClockConfig                      0x08000fd5   Thumb Code   280  stm32f1xx_hal_rcc.o(i.HAL_RCC_ClockConfig)
    HAL_RCC_GetPCLK1Freq                     0x08001101   Thumb Code    20  stm32f1xx_hal_rcc.o(i.HAL_RCC_GetPCLK1Freq)
    HAL_RCC_GetPCLK2Freq                     0x08001121   Thumb Code    20  stm32f1xx_hal_rcc.o(i.HAL_RCC_GetPCLK2Freq)
    HAL_RCC_GetSysClockFreq                  0x08001141   Thumb Code    58  stm32f1xx_hal_rcc.o(i.HAL_RCC_GetSysClockFreq)
    HAL_RCC_OscConfig                        0x0800118d   Thumb Code   778  stm32f1xx_hal_rcc.o(i.HAL_RCC_OscConfig)
    HAL_SYSTICK_Config                       0x080014ad   Thumb Code    40  stm32f1xx_hal_cortex.o(i.HAL_SYSTICK_Config)
    HAL_TIMEx_BreakCallback                  0x080014d5   Thumb Code     2  stm32f1xx_hal_tim_ex.o(i.HAL_TIMEx_BreakCallback)
    HAL_TIMEx_CommutCallback                 0x080014d7   Thumb Code     2  stm32f1xx_hal_tim_ex.o(i.HAL_TIMEx_CommutCallback)
    HAL_TIMEx_MasterConfigSynchronization    0x080014d9   Thumb Code    92  stm32f1xx_hal_tim_ex.o(i.HAL_TIMEx_MasterConfigSynchronization)
    HAL_TIM_Base_Init                        0x08001541   Thumb Code    90  stm32f1xx_hal_tim.o(i.HAL_TIM_Base_Init)
    HAL_TIM_Base_MspInit                     0x0800159d   Thumb Code    86  tim.o(i.HAL_TIM_Base_MspInit)
    HAL_TIM_Base_Start_IT                    0x080015fd   Thumb Code    76  stm32f1xx_hal_tim.o(i.HAL_TIM_Base_Start_IT)
    HAL_TIM_ConfigClockSource                0x08001655   Thumb Code   220  stm32f1xx_hal_tim.o(i.HAL_TIM_ConfigClockSource)
    HAL_TIM_Encoder_Init                     0x08001731   Thumb Code   164  stm32f1xx_hal_tim.o(i.HAL_TIM_Encoder_Init)
    HAL_TIM_Encoder_MspInit                  0x080017d5   Thumb Code   118  tim.o(i.HAL_TIM_Encoder_MspInit)
    HAL_TIM_Encoder_Start                    0x08001861   Thumb Code   142  stm32f1xx_hal_tim.o(i.HAL_TIM_Encoder_Start)
    HAL_TIM_IC_CaptureCallback               0x080018ef   Thumb Code     2  stm32f1xx_hal_tim.o(i.HAL_TIM_IC_CaptureCallback)
    HAL_TIM_IRQHandler                       0x080018f1   Thumb Code   304  stm32f1xx_hal_tim.o(i.HAL_TIM_IRQHandler)
    HAL_TIM_MspPostInit                      0x08001a21   Thumb Code    62  tim.o(i.HAL_TIM_MspPostInit)
    HAL_TIM_OC_DelayElapsedCallback          0x08001a69   Thumb Code     2  stm32f1xx_hal_tim.o(i.HAL_TIM_OC_DelayElapsedCallback)
    HAL_TIM_PWM_ConfigChannel                0x08001a6b   Thumb Code   204  stm32f1xx_hal_tim.o(i.HAL_TIM_PWM_ConfigChannel)
    HAL_TIM_PWM_Init                         0x08001b37   Thumb Code    90  stm32f1xx_hal_tim.o(i.HAL_TIM_PWM_Init)
    HAL_TIM_PWM_MspInit                      0x08001b91   Thumb Code     2  stm32f1xx_hal_tim.o(i.HAL_TIM_PWM_MspInit)
    HAL_TIM_PWM_PulseFinishedCallback        0x08001b93   Thumb Code     2  stm32f1xx_hal_tim.o(i.HAL_TIM_PWM_PulseFinishedCallback)
    HAL_TIM_PWM_Start                        0x08001b95   Thumb Code   144  stm32f1xx_hal_tim.o(i.HAL_TIM_PWM_Start)
    HAL_TIM_PeriodElapsedCallback            0x08001c31   Thumb Code    98  stm32f1xx_it.o(i.HAL_TIM_PeriodElapsedCallback)
    HAL_TIM_TriggerCallback                  0x08001ca9   Thumb Code     2  stm32f1xx_hal_tim.o(i.HAL_TIM_TriggerCallback)
    HAL_UART_Init                            0x08001cab   Thumb Code   100  stm32f1xx_hal_uart.o(i.HAL_UART_Init)
    HAL_UART_MspInit                         0x08001d11   Thumb Code   100  usart.o(i.HAL_UART_MspInit)
    HAL_UART_Transmit                        0x08001d81   Thumb Code   160  stm32f1xx_hal_uart.o(i.HAL_UART_Transmit)
    HardFault_Handler                        0x08001e21   Thumb Code     2  stm32f1xx_it.o(i.HardFault_Handler)
    Key_Check                                0x08001e25   Thumb Code    26  my_key.o(i.Key_Check)
    Key_GetState                             0x08001e45   Thumb Code    50  my_key.o(i.Key_GetState)
    Key_Tick                                 0x08001e81   Thumb Code   302  my_key.o(i.Key_Tick)
    MX_ADC1_Init                             0x08001fb5   Thumb Code   134  adc.o(i.MX_ADC1_Init)
    MX_GPIO_Init                             0x08002045   Thumb Code   190  gpio.o(i.MX_GPIO_Init)
    MX_TIM1_Init                             0x08002115   Thumb Code    94  tim.o(i.MX_TIM1_Init)
    MX_TIM2_Init                             0x0800217d   Thumb Code   160  tim.o(i.MX_TIM2_Init)
    MX_TIM3_Init                             0x08002221   Thumb Code    98  tim.o(i.MX_TIM3_Init)
    MX_TIM4_Init                             0x0800228d   Thumb Code    96  tim.o(i.MX_TIM4_Init)
    MX_USART1_UART_Init                      0x080022f5   Thumb Code    48  usart.o(i.MX_USART1_UART_Init)
    MemManage_Handler                        0x0800232d   Thumb Code     2  stm32f1xx_it.o(i.MemManage_Handler)
    Motor_PID_Config                         0x08002331   Thumb Code    46  motor.o(i.Motor_PID_Config)
    Motor_SetPWM                             0x08002379   Thumb Code    76  motor.o(i.Motor_SetPWM)
    NMI_Handler                              0x080023cd   Thumb Code     2  stm32f1xx_it.o(i.NMI_Handler)
    OLED_Clear                               0x080023d1   Thumb Code    34  oled.o(i.OLED_Clear)
    OLED_ClearArea                           0x080023f9   Thumb Code    86  oled.o(i.OLED_ClearArea)
    OLED_GPIO_Init                           0x08002455   Thumb Code   108  oled.o(i.OLED_GPIO_Init)
    OLED_I2C_SendByte                        0x080024c9   Thumb Code    58  oled.o(i.OLED_I2C_SendByte)
    OLED_I2C_Start                           0x08002503   Thumb Code    30  oled.o(i.OLED_I2C_Start)
    OLED_I2C_Stop                            0x08002521   Thumb Code    24  oled.o(i.OLED_I2C_Stop)
    OLED_Init                                0x08002539   Thumb Code   156  oled.o(i.OLED_Init)
    OLED_Printf                              0x080025d5   Thumb Code    42  oled.o(i.OLED_Printf)
    OLED_SetCursor                           0x080025ff   Thumb Code    34  oled.o(i.OLED_SetCursor)
    OLED_ShowChar                            0x08002621   Thumb Code    52  oled.o(i.OLED_ShowChar)
    OLED_ShowImage                           0x0800265d   Thumb Code   182  oled.o(i.OLED_ShowImage)
    OLED_ShowString                          0x08002719   Thumb Code   210  oled.o(i.OLED_ShowString)
    OLED_Update                              0x080027f5   Thumb Code    34  oled.o(i.OLED_Update)
    OLED_W_SCL                               0x0800281d   Thumb Code    12  oled.o(i.OLED_W_SCL)
    OLED_W_SDA                               0x0800282d   Thumb Code    12  oled.o(i.OLED_W_SDA)
    OLED_WriteCommand                        0x0800283d   Thumb Code    34  oled.o(i.OLED_WriteCommand)
    OLED_WriteData                           0x0800285f   Thumb Code    48  oled.o(i.OLED_WriteData)
    PID_Init                                 0x0800288f   Thumb Code    34  pid.o(i.PID_Init)
    PID_Update                               0x080028b1   Thumb Code   256  pid.o(i.PID_Update)
    PendSV_Handler                           0x080029c5   Thumb Code     2  stm32f1xx_it.o(i.PendSV_Handler)
    SVC_Handler                              0x080029c7   Thumb Code     2  stm32f1xx_it.o(i.SVC_Handler)
    SysTick_Handler                          0x080029c9   Thumb Code     4  stm32f1xx_it.o(i.SysTick_Handler)
    SystemClock_Config                       0x080029cd   Thumb Code   120  main.o(i.SystemClock_Config)
    SystemInit                               0x08002a45   Thumb Code     2  system_stm32f1xx.o(i.SystemInit)
    TIM1_UP_IRQHandler                       0x08002a49   Thumb Code     6  stm32f1xx_it.o(i.TIM1_UP_IRQHandler)
    TIM2_IRQHandler                          0x08002a55   Thumb Code     6  stm32f1xx_it.o(i.TIM2_IRQHandler)
    TIM_Base_SetConfig                       0x08002a61   Thumb Code   108  stm32f1xx_hal_tim.o(i.TIM_Base_SetConfig)
    TIM_CCxChannelCmd                        0x08002ad9   Thumb Code    26  stm32f1xx_hal_tim.o(i.TIM_CCxChannelCmd)
    TIM_ETR_SetConfig                        0x08002af3   Thumb Code    20  stm32f1xx_hal_tim.o(i.TIM_ETR_SetConfig)
    TIM_OC2_SetConfig                        0x08002b69   Thumb Code    84  stm32f1xx_hal_tim.o(i.TIM_OC2_SetConfig)
    UsageFault_Handler                       0x08002e1b   Thumb Code     2  stm32f1xx_it.o(i.UsageFault_Handler)
    __0printf                                0x08002e1d   Thumb Code    22  printfa.o(i.__0printf)
    __1printf                                0x08002e1d   Thumb Code     0  printfa.o(i.__0printf)
    __2printf                                0x08002e1d   Thumb Code     0  printfa.o(i.__0printf)
    __c89printf                              0x08002e1d   Thumb Code     0  printfa.o(i.__0printf)
    printf                                   0x08002e1d   Thumb Code     0  printfa.o(i.__0printf)
    __0vsprintf                              0x08002e3d   Thumb Code    30  printfa.o(i.__0vsprintf)
    __1vsprintf                              0x08002e3d   Thumb Code     0  printfa.o(i.__0vsprintf)
    __2vsprintf                              0x08002e3d   Thumb Code     0  printfa.o(i.__0vsprintf)
    __c89vsprintf                            0x08002e3d   Thumb Code     0  printfa.o(i.__0vsprintf)
    vsprintf                                 0x08002e3d   Thumb Code     0  printfa.o(i.__0vsprintf)
    __scatterload_copy                       0x08002e81   Thumb Code    14  handlers.o(i.__scatterload_copy)
    __scatterload_null                       0x08002e8f   Thumb Code     2  handlers.o(i.__scatterload_null)
    __scatterload_zeroinit                   0x08002e91   Thumb Code    14  handlers.o(i.__scatterload_zeroinit)
    fputc                                    0x08003735   Thumb Code    20  usart.o(i.fputc)
    main                                     0x0800374d   Thumb Code   442  main.o(i.main)
    motor_pwm_encoder_start                  0x08003989   Thumb Code    22  main.o(i.motor_pwm_encoder_start)
    my_get_key_num                           0x080039a9   Thumb Code    24  my_key.o(i.my_get_key_num)
    OLED_F8x16                               0x080039c0   Data        1520  oled_data.o(.constdata)
    OLED_F6x8                                0x08003fb0   Data         570  oled_data.o(.constdata)
    OLED_CF16x16                             0x080041ea   Data         245  oled_data.o(.constdata)
    AHBPrescTable                            0x080042f1   Data          16  system_stm32f1xx.o(.constdata)
    APBPrescTable                            0x08004301   Data           8  system_stm32f1xx.o(.constdata)
    Region$$Table$$Base                      0x0800430c   Number         0  anon$$obj.o(Region$$Table)
    Region$$Table$$Limit                     0x0800432c   Number         0  anon$$obj.o(Region$$Table)
    Key_Flag                                 0x20000011   Data           4  my_key.o(.data)
    g_Motor_Speed                            0x2000001e   Data           2  motor.o(.data)
    g_Motor_Location                         0x20000020   Data           2  motor.o(.data)
    uwTickFreq                               0x20000028   Data           1  stm32f1xx_hal.o(.data)
    uwTickPrio                               0x2000002c   Data           4  stm32f1xx_hal.o(.data)
    uwTick                                   0x20000030   Data           4  stm32f1xx_hal.o(.data)
    SystemCoreClock                          0x20000034   Data           4  system_stm32f1xx.o(.data)
    __stdout                                 0x20000038   Data           4  stdout.o(.data)
    hadc1                                    0x2000003c   Data          48  adc.o(.bss)
    htim1                                    0x2000006c   Data          72  tim.o(.bss)
    htim2                                    0x200000b4   Data          72  tim.o(.bss)
    htim3                                    0x200000fc   Data          72  tim.o(.bss)
    htim4                                    0x20000144   Data          72  tim.o(.bss)
    huart1                                   0x2000018c   Data          72  usart.o(.bss)
    OLED_DisplayBuf                          0x200001d4   Data        1024  oled.o(.bss)
    motorPID                                 0x200005d4   Data          88  motor.o(.bss)
    __initial_sp                             0x20000a30   Data           0  startup_stm32f103xb.o(STACK)



==============================================================================

Memory Map of the image

  Image Entry point : 0x080000ed

  Load Region LR_IROM1 (Base: 0x08000000, Size: 0x00004368, Max: 0x00010000, ABSOLUTE)

    Execution Region ER_IROM1 (Exec base: 0x08000000, Load base: 0x08000000, Size: 0x0000432c, Max: 0x00010000, ABSOLUTE)

    Exec Addr    Load Addr    Size         Type   Attr      Idx    E Section Name        Object

    0x08000000   0x08000000   0x000000ec   Data   RO            3    RESET               startup_stm32f103xb.o
    0x080000ec   0x080000ec   0x00000000   Code   RO         3572  * .ARM.Collect$$$$00000000  mc_w.l(entry.o)
    0x080000ec   0x080000ec   0x00000004   Code   RO         3901    .ARM.Collect$$$$00000001  mc_w.l(entry2.o)
    0x080000f0   0x080000f0   0x00000004   Code   RO         3904    .ARM.Collect$$$$00000004  mc_w.l(entry5.o)
    0x080000f4   0x080000f4   0x00000000   Code   RO         3906    .ARM.Collect$$$$00000008  mc_w.l(entry7b.o)
    0x080000f4   0x080000f4   0x00000000   Code   RO         3908    .ARM.Collect$$$$0000000A  mc_w.l(entry8b.o)
    0x080000f4   0x080000f4   0x00000008   Code   RO         3909    .ARM.Collect$$$$0000000B  mc_w.l(entry9a.o)
    0x080000fc   0x080000fc   0x00000004   Code   RO         3916    .ARM.Collect$$$$0000000E  mc_w.l(entry12b.o)
    0x08000100   0x08000100   0x00000000   Code   RO         3911    .ARM.Collect$$$$0000000F  mc_w.l(entry10a.o)
    0x08000100   0x08000100   0x00000000   Code   RO         3913    .ARM.Collect$$$$00000011  mc_w.l(entry11a.o)
    0x08000100   0x08000100   0x00000004   Code   RO         3902    .ARM.Collect$$$$00002712  mc_w.l(entry2.o)
    0x08000104   0x08000104   0x00000024   Code   RO            4    .text               startup_stm32f103xb.o
    0x08000128   0x08000128   0x00000020   Code   RO         3575    .text               mc_w.l(llushr.o)
    0x08000148   0x08000148   0x00000024   Code   RO         3577    .text               mc_w.l(memseta.o)
    0x0800016c   0x0800016c   0x0000001c   Code   RO         3579    .text               mc_w.l(strcmp.o)
    0x08000188   0x08000188   0x000000b0   Code   RO         3842    .text               mf_w.l(fadd.o)
    0x08000238   0x08000238   0x00000064   Code   RO         3844    .text               mf_w.l(fmul.o)
    0x0800029c   0x0800029c   0x0000014e   Code   RO         3846    .text               mf_w.l(dadd.o)
    0x080003ea   0x080003ea   0x000000e4   Code   RO         3848    .text               mf_w.l(dmul.o)
    0x080004ce   0x080004ce   0x000000de   Code   RO         3850    .text               mf_w.l(ddiv.o)
    0x080005ac   0x080005ac   0x00000012   Code   RO         3852    .text               mf_w.l(fflti.o)
    0x080005be   0x080005be   0x00000032   Code   RO         3858    .text               mf_w.l(ffixi.o)
    0x080005f0   0x080005f0   0x00000026   Code   RO         3864    .text               mf_w.l(f2d.o)
    0x08000616   0x08000616   0x00000002   PAD
    0x08000618   0x08000618   0x00000030   Code   RO         3868    .text               mf_w.l(cdrcmple.o)
    0x08000648   0x08000648   0x00000014   Code   RO         3872    .text               mf_w.l(cfcmple.o)
    0x0800065c   0x0800065c   0x00000014   Code   RO         3874    .text               mf_w.l(cfrcmple.o)
    0x08000670   0x08000670   0x0000002c   Code   RO         3918    .text               mc_w.l(uidiv.o)
    0x0800069c   0x0800069c   0x00000062   Code   RO         3920    .text               mc_w.l(uldiv.o)
    0x080006fe   0x080006fe   0x0000001e   Code   RO         3922    .text               mc_w.l(llshl.o)
    0x0800071c   0x0800071c   0x00000024   Code   RO         3924    .text               mc_w.l(llsshr.o)
    0x08000740   0x08000740   0x00000000   Code   RO         3933    .text               mc_w.l(iusefp.o)
    0x08000740   0x08000740   0x0000006e   Code   RO         3934    .text               mf_w.l(fepilogue.o)
    0x080007ae   0x080007ae   0x000000ba   Code   RO         3936    .text               mf_w.l(depilogue.o)
    0x08000868   0x08000868   0x00000030   Code   RO         3940    .text               mf_w.l(dfixul.o)
    0x08000898   0x08000898   0x00000024   Code   RO         3946    .text               mc_w.l(init.o)
    0x080008bc   0x080008bc   0x00000056   Code   RO          938    i.ADC_ConversionStop_Disable  stm32f1xx_hal_adc.o
    0x08000912   0x08000912   0x00000002   Code   RO          394    i.BusFault_Handler  stm32f1xx_it.o
    0x08000914   0x08000914   0x00000018   Code   RO          862    i.CascadePID_Update  pid.o
    0x0800092c   0x0800092c   0x00000002   Code   RO          395    i.DebugMon_Handler  stm32f1xx_it.o
    0x0800092e   0x0800092e   0x00000002   PAD
    0x08000930   0x08000930   0x00000014   Code   RO          821    i.Encoder_Get       motor.o
    0x08000944   0x08000944   0x00000004   Code   RO           13    i.Error_Handler     main.o
    0x08000948   0x08000948   0x000000fc   Code   RO          944    i.HAL_ADC_ConfigChannel  stm32f1xx_hal_adc.o
    0x08000a44   0x08000a44   0x0000011c   Code   RO          953    i.HAL_ADC_Init      stm32f1xx_hal_adc.o
    0x08000b60   0x08000b60   0x00000058   Code   RO          215    i.HAL_ADC_MspInit   adc.o
    0x08000bb8   0x08000bb8   0x000001e0   Code   RO         1531    i.HAL_GPIO_Init     stm32f1xx_hal_gpio.o
    0x08000d98   0x08000d98   0x0000000a   Code   RO         1533    i.HAL_GPIO_ReadPin  stm32f1xx_hal_gpio.o
    0x08000da2   0x08000da2   0x0000000a   Code   RO         1535    i.HAL_GPIO_WritePin  stm32f1xx_hal_gpio.o
    0x08000dac   0x08000dac   0x0000000c   Code   RO         1225    i.HAL_GetTick       stm32f1xx_hal.o
    0x08000db8   0x08000db8   0x00000010   Code   RO         1231    i.HAL_IncTick       stm32f1xx_hal.o
    0x08000dc8   0x08000dc8   0x00000024   Code   RO         1232    i.HAL_Init          stm32f1xx_hal.o
    0x08000dec   0x08000dec   0x00000040   Code   RO         1233    i.HAL_InitTick      stm32f1xx_hal.o
    0x08000e2c   0x08000e2c   0x0000003c   Code   RO          488    i.HAL_MspInit       stm32f1xx_hal_msp.o
    0x08000e68   0x08000e68   0x0000001a   Code   RO         1691    i.HAL_NVIC_EnableIRQ  stm32f1xx_hal_cortex.o
    0x08000e82   0x08000e82   0x00000002   PAD
    0x08000e84   0x08000e84   0x00000040   Code   RO         1697    i.HAL_NVIC_SetPriority  stm32f1xx_hal_cortex.o
    0x08000ec4   0x08000ec4   0x00000024   Code   RO         1698    i.HAL_NVIC_SetPriorityGrouping  stm32f1xx_hal_cortex.o
    0x08000ee8   0x08000ee8   0x000000ec   Code   RO         1493    i.HAL_RCCEx_PeriphCLKConfig  stm32f1xx_hal_rcc_ex.o
    0x08000fd4   0x08000fd4   0x0000012c   Code   RO         1389    i.HAL_RCC_ClockConfig  stm32f1xx_hal_rcc.o
    0x08001100   0x08001100   0x00000020   Code   RO         1396    i.HAL_RCC_GetPCLK1Freq  stm32f1xx_hal_rcc.o
    0x08001120   0x08001120   0x00000020   Code   RO         1397    i.HAL_RCC_GetPCLK2Freq  stm32f1xx_hal_rcc.o
    0x08001140   0x08001140   0x0000004c   Code   RO         1398    i.HAL_RCC_GetSysClockFreq  stm32f1xx_hal_rcc.o
    0x0800118c   0x0800118c   0x00000320   Code   RO         1401    i.HAL_RCC_OscConfig  stm32f1xx_hal_rcc.o
    0x080014ac   0x080014ac   0x00000028   Code   RO         1702    i.HAL_SYSTICK_Config  stm32f1xx_hal_cortex.o
    0x080014d4   0x080014d4   0x00000002   Code   RO         2897    i.HAL_TIMEx_BreakCallback  stm32f1xx_hal_tim_ex.o
    0x080014d6   0x080014d6   0x00000002   Code   RO         2898    i.HAL_TIMEx_CommutCallback  stm32f1xx_hal_tim_ex.o
    0x080014d8   0x080014d8   0x00000068   Code   RO         2916    i.HAL_TIMEx_MasterConfigSynchronization  stm32f1xx_hal_tim_ex.o
    0x08001540   0x08001540   0x0000005a   Code   RO         2193    i.HAL_TIM_Base_Init  stm32f1xx_hal_tim.o
    0x0800159a   0x0800159a   0x00000002   PAD
    0x0800159c   0x0800159c   0x00000060   Code   RO          269    i.HAL_TIM_Base_MspInit  tim.o
    0x080015fc   0x080015fc   0x00000058   Code   RO         2198    i.HAL_TIM_Base_Start_IT  stm32f1xx_hal_tim.o
    0x08001654   0x08001654   0x000000dc   Code   RO         2202    i.HAL_TIM_ConfigClockSource  stm32f1xx_hal_tim.o
    0x08001730   0x08001730   0x000000a4   Code   RO         2214    i.HAL_TIM_Encoder_Init  stm32f1xx_hal_tim.o
    0x080017d4   0x080017d4   0x0000008c   Code   RO          271    i.HAL_TIM_Encoder_MspInit  tim.o
    0x08001860   0x08001860   0x0000008e   Code   RO         2217    i.HAL_TIM_Encoder_Start  stm32f1xx_hal_tim.o
    0x080018ee   0x080018ee   0x00000002   Code   RO         2227    i.HAL_TIM_IC_CaptureCallback  stm32f1xx_hal_tim.o
    0x080018f0   0x080018f0   0x00000130   Code   RO         2241    i.HAL_TIM_IRQHandler  stm32f1xx_hal_tim.o
    0x08001a20   0x08001a20   0x00000048   Code   RO          272    i.HAL_TIM_MspPostInit  tim.o
    0x08001a68   0x08001a68   0x00000002   Code   RO         2244    i.HAL_TIM_OC_DelayElapsedCallback  stm32f1xx_hal_tim.o
    0x08001a6a   0x08001a6a   0x000000cc   Code   RO         2265    i.HAL_TIM_PWM_ConfigChannel  stm32f1xx_hal_tim.o
    0x08001b36   0x08001b36   0x0000005a   Code   RO         2268    i.HAL_TIM_PWM_Init  stm32f1xx_hal_tim.o
    0x08001b90   0x08001b90   0x00000002   Code   RO         2270    i.HAL_TIM_PWM_MspInit  stm32f1xx_hal_tim.o
    0x08001b92   0x08001b92   0x00000002   Code   RO         2271    i.HAL_TIM_PWM_PulseFinishedCallback  stm32f1xx_hal_tim.o
    0x08001b94   0x08001b94   0x0000009c   Code   RO         2273    i.HAL_TIM_PWM_Start  stm32f1xx_hal_tim.o
    0x08001c30   0x08001c30   0x00000078   Code   RO          396    i.HAL_TIM_PeriodElapsedCallback  stm32f1xx_it.o
    0x08001ca8   0x08001ca8   0x00000002   Code   RO         2284    i.HAL_TIM_TriggerCallback  stm32f1xx_hal_tim.o
    0x08001caa   0x08001caa   0x00000064   Code   RO         3194    i.HAL_UART_Init     stm32f1xx_hal_uart.o
    0x08001d0e   0x08001d0e   0x00000002   PAD
    0x08001d10   0x08001d10   0x00000070   Code   RO          347    i.HAL_UART_MspInit  usart.o
    0x08001d80   0x08001d80   0x000000a0   Code   RO         3202    i.HAL_UART_Transmit  stm32f1xx_hal_uart.o
    0x08001e20   0x08001e20   0x00000002   Code   RO          397    i.HardFault_Handler  stm32f1xx_it.o
    0x08001e22   0x08001e22   0x00000002   PAD
    0x08001e24   0x08001e24   0x00000020   Code   RO          512    i.Key_Check         my_key.o
    0x08001e44   0x08001e44   0x0000003c   Code   RO          513    i.Key_GetState      my_key.o
    0x08001e80   0x08001e80   0x00000134   Code   RO          514    i.Key_Tick          my_key.o
    0x08001fb4   0x08001fb4   0x00000090   Code   RO          216    i.MX_ADC1_Init      adc.o
    0x08002044   0x08002044   0x000000d0   Code   RO          190    i.MX_GPIO_Init      gpio.o
    0x08002114   0x08002114   0x00000068   Code   RO          273    i.MX_TIM1_Init      tim.o
    0x0800217c   0x0800217c   0x000000a4   Code   RO          274    i.MX_TIM2_Init      tim.o
    0x08002220   0x08002220   0x0000006c   Code   RO          275    i.MX_TIM3_Init      tim.o
    0x0800228c   0x0800228c   0x00000068   Code   RO          276    i.MX_TIM4_Init      tim.o
    0x080022f4   0x080022f4   0x00000038   Code   RO          348    i.MX_USART1_UART_Init  usart.o
    0x0800232c   0x0800232c   0x00000002   Code   RO          398    i.MemManage_Handler  stm32f1xx_it.o
    0x0800232e   0x0800232e   0x00000002   PAD
    0x08002330   0x08002330   0x00000048   Code   RO          822    i.Motor_PID_Config  motor.o
    0x08002378   0x08002378   0x00000054   Code   RO          823    i.Motor_SetPWM      motor.o
    0x080023cc   0x080023cc   0x00000002   Code   RO          399    i.NMI_Handler       stm32f1xx_it.o
    0x080023ce   0x080023ce   0x00000002   PAD
    0x080023d0   0x080023d0   0x00000028   Code   RO          563    i.OLED_Clear        oled.o
    0x080023f8   0x080023f8   0x0000005c   Code   RO          564    i.OLED_ClearArea    oled.o
    0x08002454   0x08002454   0x00000074   Code   RO          572    i.OLED_GPIO_Init    oled.o
    0x080024c8   0x080024c8   0x0000003a   Code   RO          574    i.OLED_I2C_SendByte  oled.o
    0x08002502   0x08002502   0x0000001e   Code   RO          575    i.OLED_I2C_Start    oled.o
    0x08002520   0x08002520   0x00000018   Code   RO          576    i.OLED_I2C_Stop     oled.o
    0x08002538   0x08002538   0x0000009c   Code   RO          577    i.OLED_Init         oled.o
    0x080025d4   0x080025d4   0x0000002a   Code   RO          580    i.OLED_Printf       oled.o
    0x080025fe   0x080025fe   0x00000022   Code   RO          583    i.OLED_SetCursor    oled.o
    0x08002620   0x08002620   0x0000003c   Code   RO          585    i.OLED_ShowChar     oled.o
    0x0800265c   0x0800265c   0x000000bc   Code   RO          588    i.OLED_ShowImage    oled.o
    0x08002718   0x08002718   0x000000dc   Code   RO          591    i.OLED_ShowString   oled.o
    0x080027f4   0x080027f4   0x00000028   Code   RO          592    i.OLED_Update       oled.o
    0x0800281c   0x0800281c   0x00000010   Code   RO          594    i.OLED_W_SCL        oled.o
    0x0800282c   0x0800282c   0x00000010   Code   RO          595    i.OLED_W_SDA        oled.o
    0x0800283c   0x0800283c   0x00000022   Code   RO          596    i.OLED_WriteCommand  oled.o
    0x0800285e   0x0800285e   0x00000030   Code   RO          597    i.OLED_WriteData    oled.o
    0x0800288e   0x0800288e   0x00000022   Code   RO          863    i.PID_Init          pid.o
    0x080028b0   0x080028b0   0x00000114   Code   RO          866    i.PID_Update        pid.o
    0x080029c4   0x080029c4   0x00000002   Code   RO          400    i.PendSV_Handler    stm32f1xx_it.o
    0x080029c6   0x080029c6   0x00000002   Code   RO          401    i.SVC_Handler       stm32f1xx_it.o
    0x080029c8   0x080029c8   0x00000004   Code   RO          402    i.SysTick_Handler   stm32f1xx_it.o
    0x080029cc   0x080029cc   0x00000078   Code   RO           14    i.SystemClock_Config  main.o
    0x08002a44   0x08002a44   0x00000002   Code   RO         3528    i.SystemInit        system_stm32f1xx.o
    0x08002a46   0x08002a46   0x00000002   PAD
    0x08002a48   0x08002a48   0x0000000c   Code   RO          403    i.TIM1_UP_IRQHandler  stm32f1xx_it.o
    0x08002a54   0x08002a54   0x0000000c   Code   RO          404    i.TIM2_IRQHandler   stm32f1xx_it.o
    0x08002a60   0x08002a60   0x00000078   Code   RO         2286    i.TIM_Base_SetConfig  stm32f1xx_hal_tim.o
    0x08002ad8   0x08002ad8   0x0000001a   Code   RO         2287    i.TIM_CCxChannelCmd  stm32f1xx_hal_tim.o
    0x08002af2   0x08002af2   0x00000014   Code   RO         2297    i.TIM_ETR_SetConfig  stm32f1xx_hal_tim.o
    0x08002b06   0x08002b06   0x00000010   Code   RO         2298    i.TIM_ITRx_SetConfig  stm32f1xx_hal_tim.o
    0x08002b16   0x08002b16   0x00000002   PAD
    0x08002b18   0x08002b18   0x00000050   Code   RO         2299    i.TIM_OC1_SetConfig  stm32f1xx_hal_tim.o
    0x08002b68   0x08002b68   0x00000058   Code   RO         2300    i.TIM_OC2_SetConfig  stm32f1xx_hal_tim.o
    0x08002bc0   0x08002bc0   0x00000058   Code   RO         2301    i.TIM_OC3_SetConfig  stm32f1xx_hal_tim.o
    0x08002c18   0x08002c18   0x00000044   Code   RO         2302    i.TIM_OC4_SetConfig  stm32f1xx_hal_tim.o
    0x08002c5c   0x08002c5c   0x00000022   Code   RO         2304    i.TIM_TI1_ConfigInputStage  stm32f1xx_hal_tim.o
    0x08002c7e   0x08002c7e   0x00000024   Code   RO         2306    i.TIM_TI2_ConfigInputStage  stm32f1xx_hal_tim.o
    0x08002ca2   0x08002ca2   0x0000004e   Code   RO         3217    i.UART_EndRxTransfer  stm32f1xx_hal_uart.o
    0x08002cf0   0x08002cf0   0x000000b8   Code   RO         3220    i.UART_SetConfig    stm32f1xx_hal_uart.o
    0x08002da8   0x08002da8   0x00000072   Code   RO         3223    i.UART_WaitOnFlagUntilTimeout  stm32f1xx_hal_uart.o
    0x08002e1a   0x08002e1a   0x00000002   Code   RO          405    i.UsageFault_Handler  stm32f1xx_it.o
    0x08002e1c   0x08002e1c   0x00000020   Code   RO         3814    i.__0printf         mc_w.l(printfa.o)
    0x08002e3c   0x08002e3c   0x00000024   Code   RO         3820    i.__0vsprintf       mc_w.l(printfa.o)
    0x08002e60   0x08002e60   0x00000020   Code   RO         1704    i.__NVIC_SetPriority  stm32f1xx_hal_cortex.o
    0x08002e80   0x08002e80   0x0000000e   Code   RO         3952    i.__scatterload_copy  mc_w.l(handlers.o)
    0x08002e8e   0x08002e8e   0x00000002   Code   RO         3953    i.__scatterload_null  mc_w.l(handlers.o)
    0x08002e90   0x08002e90   0x0000000e   Code   RO         3954    i.__scatterload_zeroinit  mc_w.l(handlers.o)
    0x08002e9e   0x08002e9e   0x00000002   PAD
    0x08002ea0   0x08002ea0   0x00000184   Code   RO         3821    i._fp_digits        mc_w.l(printfa.o)
    0x08003024   0x08003024   0x000006b4   Code   RO         3822    i._printf_core      mc_w.l(printfa.o)
    0x080036d8   0x080036d8   0x00000024   Code   RO         3823    i._printf_post_padding  mc_w.l(printfa.o)
    0x080036fc   0x080036fc   0x0000002e   Code   RO         3824    i._printf_pre_padding  mc_w.l(printfa.o)
    0x0800372a   0x0800372a   0x0000000a   Code   RO         3826    i._sputc            mc_w.l(printfa.o)
    0x08003734   0x08003734   0x00000018   Code   RO          349    i.fputc             usart.o
    0x0800374c   0x0800374c   0x0000023c   Code   RO           15    i.main              main.o
    0x08003988   0x08003988   0x00000020   Code   RO           16    i.motor_pwm_encoder_start  main.o
    0x080039a8   0x080039a8   0x00000018   Code   RO          515    i.my_get_key_num    my_key.o
    0x080039c0   0x080039c0   0x000005f0   Data   RO          803    .constdata          oled_data.o
    0x08003fb0   0x08003fb0   0x0000023a   Data   RO          804    .constdata          oled_data.o
    0x080041ea   0x080041ea   0x000000f5   Data   RO          805    .constdata          oled_data.o
    0x080042df   0x080042df   0x00000012   Data   RO         1402    .constdata          stm32f1xx_hal_rcc.o
    0x080042f1   0x080042f1   0x00000010   Data   RO         3529    .constdata          system_stm32f1xx.o
    0x08004301   0x08004301   0x00000008   Data   RO         3530    .constdata          system_stm32f1xx.o
    0x08004309   0x08004309   0x00000003   PAD
    0x0800430c   0x0800430c   0x00000020   Data   RO         3950    Region$$Table       anon$$obj.o


    Execution Region RW_IRAM1 (Exec base: 0x20000000, Load base: 0x0800432c, Size: 0x00000a30, Max: 0x00005000, ABSOLUTE)

    Exec Addr    Load Addr    Size         Type   Attr      Idx    E Section Name        Object

    0x20000000   0x0800432c   0x00000004   Data   RW          406    .data               stm32f1xx_it.o
    0x20000004   0x08004330   0x0000001a   Data   RW          517    .data               my_key.o
    0x2000001e   0x0800434a   0x00000002   Data   RW          825    .data               motor.o
    0x20000020   0x0800434c   0x00000002   Data   RW          826    .data               motor.o
    0x20000022   0x0800434e   0x00000002   PAD
    0x20000024   0x08004350   0x00000004   Data   RW          867    .data               pid.o
    0x20000028   0x08004354   0x0000000c   Data   RW         1239    .data               stm32f1xx_hal.o
    0x20000034   0x08004360   0x00000004   Data   RW         3531    .data               system_stm32f1xx.o
    0x20000038   0x08004364   0x00000004   Data   RW         3917    .data               mc_w.l(stdout.o)
    0x2000003c        -       0x00000030   Zero   RW          219    .bss                adc.o
    0x2000006c        -       0x00000120   Zero   RW          277    .bss                tim.o
    0x2000018c        -       0x00000048   Zero   RW          350    .bss                usart.o
    0x200001d4        -       0x00000400   Zero   RW          599    .bss                oled.o
    0x200005d4        -       0x00000058   Zero   RW          824    .bss                motor.o
    0x2000062c   0x08004368   0x00000004   PAD
    0x20000630        -       0x00000400   Zero   RW            1    STACK               startup_stm32f103xb.o


==============================================================================

Image component sizes


      Code (inc. data)   RO Data    RW Data    ZI Data      Debug   Object Name

       232         22          0          0         48       1861   adc.o
       208         18          0          0          0       1039   gpio.o
       728        140          0          0          0     445356   main.o
       176         38          0          4         88       1930   motor.o
       424         28          0         26          0       3466   my_key.o
      1214         58          0          0       1024      12196   oled.o
         0          0       2335          0          0       1206   oled_data.o
       334         20          0          4          0       2176   pid.o
        36          8        236          0       1024        808   startup_stm32f103xb.o
       128         24          0         12          0       5425   stm32f1xx_hal.o
       622         24          0          0          0       3376   stm32f1xx_hal_adc.o
       198         14          0          0          0      29055   stm32f1xx_hal_cortex.o
       500         34          0          0          0       3591   stm32f1xx_hal_gpio.o
        60          8          0          0          0        906   stm32f1xx_hal_msp.o
      1240         84         18          0          0       5232   stm32f1xx_hal_rcc.o
       236         12          0          0          0       1420   stm32f1xx_hal_rcc_ex.o
      2044         56          0          0          0      18517   stm32f1xx_hal_tim.o
       108         12          0          0          0       2481   stm32f1xx_hal_tim_ex.o
       636          6          0          0          0       4748   stm32f1xx_hal_uart.o
       164         34          0          4          0       6133   stm32f1xx_it.o
         2          0         24          4          0       1175   system_stm32f1xx.o
       788         74          0          0        288       5177   tim.o
       192         24          0          0         72       2262   usart.o

    ----------------------------------------------------------------------
     10288        738       2648         56       2548     559536   Object Totals
         0          0         32          0          0          0   (incl. Generated)
        18          0          3          2          4          0   (incl. Padding)

    ----------------------------------------------------------------------

      Code (inc. data)   RO Data    RW Data    ZI Data      Debug   Library Member Name

         0          0          0          0          0          0   entry.o
         0          0          0          0          0          0   entry10a.o
         0          0          0          0          0          0   entry11a.o
         4          0          0          0          0          0   entry12b.o
         8          4          0          0          0          0   entry2.o
         4          0          0          0          0          0   entry5.o
         0          0          0          0          0          0   entry7b.o
         0          0          0          0          0          0   entry8b.o
         8          4          0          0          0          0   entry9a.o
        30          0          0          0          0          0   handlers.o
        36          8          0          0          0         68   init.o
         0          0          0          0          0          0   iusefp.o
        30          0          0          0          0         68   llshl.o
        36          0          0          0          0         68   llsshr.o
        32          0          0          0          0         68   llushr.o
        36          0          0          0          0        108   memseta.o
      2264         96          0          0          0        612   printfa.o
         0          0          0          4          0          0   stdout.o
        28          0          0          0          0         76   strcmp.o
        44          0          0          0          0         80   uidiv.o
        98          0          0          0          0         92   uldiv.o
        48          0          0          0          0         68   cdrcmple.o
        20          0          0          0          0         68   cfcmple.o
        20          0          0          0          0         68   cfrcmple.o
       334          0          0          0          0        148   dadd.o
       222          0          0          0          0        100   ddiv.o
       186          0          0          0          0        176   depilogue.o
        48          0          0          0          0         68   dfixul.o
       228          0          0          0          0         96   dmul.o
        38          0          0          0          0         68   f2d.o
       176          0          0          0          0        140   fadd.o
       110          0          0          0          0        168   fepilogue.o
        50          0          0          0          0         68   ffixi.o
        18          0          0          0          0         68   fflti.o
       100          0          0          0          0         76   fmul.o

    ----------------------------------------------------------------------
      4260        112          0          4          0       2620   Library Totals
         4          0          0          0          0          0   (incl. Padding)

    ----------------------------------------------------------------------

      Code (inc. data)   RO Data    RW Data    ZI Data      Debug   Library Name

      2658        112          0          4          0       1240   mc_w.l
      1598          0          0          0          0       1380   mf_w.l

    ----------------------------------------------------------------------
      4260        112          0          4          0       2620   Library Totals

    ----------------------------------------------------------------------

==============================================================================


      Code (inc. data)   RO Data    RW Data    ZI Data      Debug   

     14548        850       2648         60       2548     555288   Grand Totals
     14548        850       2648         60       2548     555288   ELF Image Totals
     14548        850       2648         60          0          0   ROM Totals

==============================================================================

    Total RO  Size (Code + RO Data)                17196 (  16.79kB)
    Total RW  Size (RW Data + ZI Data)              2608 (   2.55kB)
    Total ROM Size (Code + RO Data + RW Data)      17256 (  16.85kB)

==============================================================================

