Component: ARM Compiler 5.06 update 7 (build 960) Tool: armlink [4d3601]

==============================================================================

Section Cross References

    startup_stm32f407xx.o(STACK) refers (Special) to heapauxi.o(.text) for __use_two_region_memory
    startup_stm32f407xx.o(HEAP) refers (Special) to heapauxi.o(.text) for __use_two_region_memory
    startup_stm32f407xx.o(RESET) refers (Special) to heapauxi.o(.text) for __use_two_region_memory
    startup_stm32f407xx.o(RESET) refers to startup_stm32f407xx.o(STACK) for __initial_sp
    startup_stm32f407xx.o(RESET) refers to startup_stm32f407xx.o(.text) for Reset_Handler
    startup_stm32f407xx.o(RESET) refers to stm32f4xx_it.o(i.NMI_Handler) for NMI_Handler
    startup_stm32f407xx.o(RESET) refers to stm32f4xx_it.o(i.HardFault_Handler) for HardFault_Handler
    startup_stm32f407xx.o(RESET) refers to stm32f4xx_it.o(i.MemManage_Handler) for MemManage_Handler
    startup_stm32f407xx.o(RESET) refers to stm32f4xx_it.o(i.BusFault_Handler) for BusFault_Handler
    startup_stm32f407xx.o(RESET) refers to stm32f4xx_it.o(i.UsageFault_Handler) for UsageFault_Handler
    startup_stm32f407xx.o(RESET) refers to stm32f4xx_it.o(i.SVC_Handler) for SVC_Handler
    startup_stm32f407xx.o(RESET) refers to stm32f4xx_it.o(i.DebugMon_Handler) for DebugMon_Handler
    startup_stm32f407xx.o(RESET) refers to stm32f4xx_it.o(i.PendSV_Handler) for PendSV_Handler
    startup_stm32f407xx.o(RESET) refers to stm32f4xx_it.o(i.SysTick_Handler) for SysTick_Handler
    startup_stm32f407xx.o(RESET) refers to stm32f4xx_it.o(i.CAN1_TX_IRQHandler) for CAN1_TX_IRQHandler
    startup_stm32f407xx.o(RESET) refers to stm32f4xx_it.o(i.CAN1_RX0_IRQHandler) for CAN1_RX0_IRQHandler
    startup_stm32f407xx.o(RESET) refers to stm32f4xx_it.o(i.TIM1_UP_TIM10_IRQHandler) for TIM1_UP_TIM10_IRQHandler
    startup_stm32f407xx.o(RESET) refers to stm32f4xx_it.o(i.USART1_IRQHandler) for USART1_IRQHandler
    startup_stm32f407xx.o(RESET) refers to stm32f4xx_it.o(i.DMA2_Stream2_IRQHandler) for DMA2_Stream2_IRQHandler
    startup_stm32f407xx.o(RESET) refers to stm32f4xx_it.o(i.DMA2_Stream7_IRQHandler) for DMA2_Stream7_IRQHandler
    startup_stm32f407xx.o(.text) refers (Special) to heapauxi.o(.text) for __use_two_region_memory
    startup_stm32f407xx.o(.text) refers to system_stm32f4xx.o(i.SystemInit) for SystemInit
    startup_stm32f407xx.o(.text) refers to __main.o(!!!main) for __main
    startup_stm32f407xx.o(.text) refers to startup_stm32f407xx.o(HEAP) for Heap_Mem
    startup_stm32f407xx.o(.text) refers to startup_stm32f407xx.o(STACK) for Stack_Mem
    my_key.o(i.Key_Check) refers to my_key.o(.data) for .data
    my_key.o(i.Key_GetState) refers to stm32f4xx_hal_gpio.o(i.HAL_GPIO_ReadPin) for HAL_GPIO_ReadPin
    my_key.o(i.Key_Tick) refers to my_key.o(i.Key_GetState) for Key_GetState
    my_key.o(i.Key_Tick) refers to my_key.o(.data) for .data
    my_key.o(i.my_key_test_func) refers to my_key.o(i.Key_Check) for Key_Check
    my_key.o(i.my_key_test_func) refers to oled.o(i.OLED_Printf) for OLED_Printf
    my_key.o(i.my_key_test_func) refers to oled.o(i.OLED_Update) for OLED_Update
    my_key.o(i.my_key_test_func) refers to stm32f4xx_hal.o(i.HAL_Delay) for HAL_Delay
    segger_rtt.o(i.SEGGER_RTT_AllocDownBuffer) refers to segger_rtt.o(i._DoInit) for _DoInit
    segger_rtt.o(i.SEGGER_RTT_AllocDownBuffer) refers to segger_rtt.o(.bss) for .bss
    segger_rtt.o(i.SEGGER_RTT_AllocUpBuffer) refers to segger_rtt.o(i._DoInit) for _DoInit
    segger_rtt.o(i.SEGGER_RTT_AllocUpBuffer) refers to segger_rtt.o(.bss) for .bss
    segger_rtt.o(i.SEGGER_RTT_ConfigDownBuffer) refers to segger_rtt.o(i._DoInit) for _DoInit
    segger_rtt.o(i.SEGGER_RTT_ConfigDownBuffer) refers to segger_rtt.o(.bss) for .bss
    segger_rtt.o(i.SEGGER_RTT_ConfigUpBuffer) refers to segger_rtt.o(i._DoInit) for _DoInit
    segger_rtt.o(i.SEGGER_RTT_ConfigUpBuffer) refers to segger_rtt.o(.bss) for .bss
    segger_rtt.o(i.SEGGER_RTT_GetKey) refers to segger_rtt.o(i.SEGGER_RTT_Read) for SEGGER_RTT_Read
    segger_rtt.o(i.SEGGER_RTT_HasData) refers to segger_rtt.o(.bss) for .bss
    segger_rtt.o(i.SEGGER_RTT_HasDataUp) refers to segger_rtt.o(.bss) for .bss
    segger_rtt.o(i.SEGGER_RTT_HasKey) refers to segger_rtt.o(i._DoInit) for _DoInit
    segger_rtt.o(i.SEGGER_RTT_HasKey) refers to segger_rtt.o(.bss) for .bss
    segger_rtt.o(i.SEGGER_RTT_Init) refers to segger_rtt.o(i._DoInit) for _DoInit
    segger_rtt.o(i.SEGGER_RTT_PutChar) refers to segger_rtt.o(i._DoInit) for _DoInit
    segger_rtt.o(i.SEGGER_RTT_PutChar) refers to segger_rtt.o(.bss) for .bss
    segger_rtt.o(i.SEGGER_RTT_PutCharSkip) refers to segger_rtt.o(i._DoInit) for _DoInit
    segger_rtt.o(i.SEGGER_RTT_PutCharSkip) refers to segger_rtt.o(.bss) for .bss
    segger_rtt.o(i.SEGGER_RTT_PutCharSkipNoLock) refers to segger_rtt.o(.bss) for .bss
    segger_rtt.o(i.SEGGER_RTT_Read) refers to segger_rtt.o(i.SEGGER_RTT_ReadNoLock) for SEGGER_RTT_ReadNoLock
[...]
    _printf_f                                0x08000209   Thumb Code     0  _printf_f.o(.ARM.Collect$$_printf_percent$$00000003)
    _printf_e                                0x0800020f   Thumb Code     0  _printf_e.o(.ARM.Collect$$_printf_percent$$00000004)
    _printf_g                                0x08000215   Thumb Code     0  _printf_g.o(.ARM.Collect$$_printf_percent$$00000005)
    _printf_a                                0x0800021b   Thumb Code     0  _printf_a.o(.ARM.Collect$$_printf_percent$$00000006)
    _printf_ll                               0x08000221   Thumb Code     0  _printf_ll.o(.ARM.Collect$$_printf_percent$$00000007)
    _printf_i                                0x0800022b   Thumb Code     0  _printf_i.o(.ARM.Collect$$_printf_percent$$00000008)
    _printf_d                                0x08000231   Thumb Code     0  _printf_d.o(.ARM.Collect$$_printf_percent$$00000009)
    _printf_u                                0x08000237   Thumb Code     0  _printf_u.o(.ARM.Collect$$_printf_percent$$0000000A)
    _printf_o                                0x0800023d   Thumb Code     0  _printf_o.o(.ARM.Collect$$_printf_percent$$0000000B)
    _printf_x                                0x08000243   Thumb Code     0  _printf_x.o(.ARM.Collect$$_printf_percent$$0000000C)
    _printf_lli                              0x08000249   Thumb Code     0  _printf_lli.o(.ARM.Collect$$_printf_percent$$0000000D)
    _printf_lld                              0x0800024f   Thumb Code     0  _printf_lld.o(.ARM.Collect$$_printf_percent$$0000000E)
    _printf_llu                              0x08000255   Thumb Code     0  _printf_llu.o(.ARM.Collect$$_printf_percent$$0000000F)
    _printf_llo                              0x0800025b   Thumb Code     0  _printf_llo.o(.ARM.Collect$$_printf_percent$$00000010)
    _printf_llx                              0x08000261   Thumb Code     0  _printf_llx.o(.ARM.Collect$$_printf_percent$$00000011)
    _printf_l                                0x08000267   Thumb Code     0  _printf_l.o(.ARM.Collect$$_printf_percent$$00000012)
    _printf_c                                0x08000271   Thumb Code     0  _printf_c.o(.ARM.Collect$$_printf_percent$$00000013)
    _printf_s                                0x08000277   Thumb Code     0  _printf_s.o(.ARM.Collect$$_printf_percent$$00000014)
    _printf_lc                               0x0800027d   Thumb Code     0  _printf_lc.o(.ARM.Collect$$_printf_percent$$00000015)
    _printf_ls                               0x08000283   Thumb Code     0  _printf_ls.o(.ARM.Collect$$_printf_percent$$00000016)
    _printf_percent_end                      0x08000289   Thumb Code     0  _printf_percent_end.o(.ARM.Collect$$_printf_percent$$00000017)
    __rt_lib_init                            0x0800028d   Thumb Code     0  libinit.o(.ARM.Collect$$libinit$$00000000)
    __rt_lib_init_fp_1                       0x0800028f   Thumb Code     0  libinit2.o(.ARM.Collect$$libinit$$00000001)
    __rt_lib_init_heap_2                     0x08000293   Thumb Code     0  libinit2.o(.ARM.Collect$$libinit$$00000005)
    __rt_lib_init_preinit_1                  0x08000293   Thumb Code     0  libinit2.o(.ARM.Collect$$libinit$$00000004)
    __rt_lib_init_heap_1                     0x0800029b   Thumb Code     0  libinit2.o(.ARM.Collect$$libinit$$0000000A)
    __rt_lib_init_lc_common                  0x0800029b   Thumb Code     0  libinit2.o(.ARM.Collect$$libinit$$0000000F)
    __rt_lib_init_rand_1                     0x0800029b   Thumb Code     0  libinit2.o(.ARM.Collect$$libinit$$0000000E)
    __rt_lib_init_user_alloc_1               0x0800029b   Thumb Code     0  libinit2.o(.ARM.Collect$$libinit$$0000000C)
    __rt_lib_init_lc_collate_1               0x080002a1   Thumb Code     0  libinit2.o(.ARM.Collect$$libinit$$00000011)
    __rt_lib_init_lc_ctype_2                 0x080002a1   Thumb Code     0  libinit2.o(.ARM.Collect$$libinit$$00000012)
    __rt_lib_init_lc_ctype_1                 0x080002ad   Thumb Code     0  libinit2.o(.ARM.Collect$$libinit$$00000013)
    __rt_lib_init_lc_monetary_1              0x080002ad   Thumb Code     0  libinit2.o(.ARM.Collect$$libinit$$00000015)
    __rt_lib_init_lc_numeric_2               0x080002ad   Thumb Code     0  libinit2.o(.ARM.Collect$$libinit$$00000016)
    __rt_lib_init_alloca_1                   0x080002b7   Thumb Code     0  libinit2.o(.ARM.Collect$$libinit$$0000002E)
    __rt_lib_init_argv_1                     0x080002b7   Thumb Code     0  libinit2.o(.ARM.Collect$$libinit$$0000002C)
    __rt_lib_init_atexit_1                   0x080002b7   Thumb Code     0  libinit2.o(.ARM.Collect$$libinit$$0000001B)
    __rt_lib_init_clock_1                    0x080002b7   Thumb Code     0  libinit2.o(.ARM.Collect$$libinit$$00000021)
    __rt_lib_init_cpp_1                      0x080002b7   Thumb Code     0  libinit2.o(.ARM.Collect$$libinit$$00000032)
    __rt_lib_init_exceptions_1               0x080002b7   Thumb Code     0  libinit2.o(.ARM.Collect$$libinit$$00000030)
    __rt_lib_init_fp_trap_1                  0x080002b7   Thumb Code     0  libinit2.o(.ARM.Collect$$libinit$$0000001F)
    __rt_lib_init_getenv_1                   0x080002b7   Thumb Code     0  libinit2.o(.ARM.Collect$$libinit$$00000023)
    __rt_lib_init_lc_numeric_1               0x080002b7   Thumb Code     0  libinit2.o(.ARM.Collect$$libinit$$00000017)
    __rt_lib_init_lc_time_1                  0x080002b7   Thumb Code     0  libinit2.o(.ARM.Collect$$libinit$$00000019)
    __rt_lib_init_return                     0x080002b7   Thumb Code     0  libinit2.o(.ARM.Collect$$libinit$$00000033)
    __rt_lib_init_signal_1                   0x080002b7   Thumb Code     0  libinit2.o(.ARM.Collect$$libinit$$0000001D)
    __rt_lib_init_stdio_1                    0x080002b7   Thumb Code     0  libinit2.o(.ARM.Collect$$libinit$$00000025)
    __rt_lib_shutdown                        0x080002b9   Thumb Code     0  libshutdown.o(.ARM.Collect$$libshutdown$$00000000)
    __rt_lib_shutdown_cpp_1                  0x080002bb   Thumb Code     0  libshutdown2.o(.ARM.Collect$$libshutdown$$00000004)
    __rt_lib_shutdown_fini_1                 0x080002bb   Thumb Code     0  libshutdown2.o(.ARM.Collect$$libshutdown$$00000002)
    __rt_lib_shutdown_fp_trap_1              0x080002bb   Thumb Code     0  libshutdown2.o(.ARM.Collect$$libshutdown$$00000009)
    __rt_lib_shutdown_heap_1                 0x080002bb   Thumb Code     0  libshutdown2.o(.ARM.Collect$$libshutdown$$00000011)
    __rt_lib_shutdown_return                 0x080002bb   Thumb Code     0  libshutdown2.o(.ARM.Collect$$libshutdown$$00000012)
    __rt_lib_shutdown_signal_1               0x080002bb   Thumb Code     0  libshutdown2.o(.ARM.Collect$$libshutdown$$0000000C)
    __rt_lib_shutdown_stdio_1                0x080002bb   Thumb Code     0  libshutdown2.o(.ARM.Collect$$libshutdown$$00000006)
    __rt_lib_shutdown_user_alloc_1           0x080002bb   Thumb Code     0  libshutdown2.o(.ARM.Collect$$libshutdown$$0000000E)
    __rt_entry                               0x080002bd   Thumb Code     0  __rtentry.o(.ARM.Collect$$rtentry$$00000000)
    __rt_entry_presh_1                       0x080002bd   Thumb Code     0  __rtentry2.o(.ARM.Collect$$rtentry$$00000002)
    __rt_entry_sh                            0x080002bd   Thumb Code     0  __rtentry4.o(.ARM.Collect$$rtentry$$00000004)
    __rt_entry_li                            0x080002c3   Thumb Code     0  __rtentry2.o(.ARM.Collect$$rtentry$$0000000A)
    __rt_entry_postsh_1                      0x080002c3   Thumb Code     0  __rtentry2.o(.ARM.Collect$$rtentry$$00000009)
    __rt_entry_main                          0x080002c7   Thumb Code     0  __rtentry2.o(.ARM.Collect$$rtentry$$0000000D)
    __rt_entry_postli_1                      0x080002c7   Thumb Code     0  __rtentry2.o(.ARM.Collect$$rtentry$$0000000C)
    __rt_exit                                0x080002cf   Thumb Code     0  rtexit.o(.ARM.Collect$$rtexit$$00000000)
    __rt_exit_ls                             0x080002d1   Thumb Code     0  rtexit2.o(.ARM.Collect$$rtexit$$00000003)
    __rt_exit_prels_1                        0x080002d1   Thumb Code     0  rtexit2.o(.ARM.Collect$$rtexit$$00000002)
    __rt_exit_exit                           0x080002d5   Thumb Code     0  rtexit2.o(.ARM.Collect$$rtexit$$00000004)
    Reset_Handler                            0x080002dd   Thumb Code     8  startup_stm32f407xx.o(.text)
    _maybe_terminate_alloc                   0x080002dd   Thumb Code     0  maybetermalloc1.o(.emb_text)
    ADC_IRQHandler                           0x080002f7   Thumb Code     0  startup_stm32f407xx.o(.text)
    CAN1_RX1_IRQHandler                      0x080002f7   Thumb Code     0  startup_stm32f407xx.o(.text)
    CAN1_SCE_IRQHandler                      0x080002f7   Thumb Code     0  startup_stm32f407xx.o(.text)
    CAN2_RX0_IRQHandler                      0x080002f7   Thumb Code     0  startup_stm32f407xx.o(.text)
    CAN2_RX1_IRQHandler                      0x080002f7   Thumb Code     0  startup_stm32f407xx.o(.text)
    CAN2_SCE_IRQHandler                      0x080002f7   Thumb Code     0  startup_stm32f407xx.o(.text)
    CAN2_TX_IRQHandler                       0x080002f7   Thumb Code     0  startup_stm32f407xx.o(.text)
    DCMI_IRQHandler                          0x080002f7   Thumb Code     0  startup_stm32f407xx.o(.text)
    DMA1_Stream0_IRQHandler                  0x080002f7   Thumb Code     0  startup_stm32f407xx.o(.text)
    DMA1_Stream1_IRQHandler                  0x080002f7   Thumb Code     0  startup_stm32f407xx.o(.text)
    DMA1_Stream2_IRQHandler                  0x080002f7   Thumb Code     0  startup_stm32f407xx.o(.text)
    DMA1_Stream3_IRQHandler                  0x080002f7   Thumb Code     0  startup_stm32f407xx.o(.text)
    DMA1_Stream4_IRQHandler                  0x080002f7   Thumb Code     0  startup_stm32f407xx.o(.text)
    DMA1_Stream5_IRQHandler                  0x080002f7   Thumb Code     0  startup_stm32f407xx.o(.text)
    DMA1_Stream6_IRQHandler                  0x080002f7   Thumb Code     0  startup_stm32f407xx.o(.text)
    DMA1_Stream7_IRQHandler                  0x080002f7   Thumb Code     0  startup_stm32f407xx.o(.text)
    DMA2_Stream0_IRQHandler                  0x080002f7   Thumb Code     0  startup_stm32f407xx.o(.text)
    DMA2_Stream1_IRQHandler                  0x080002f7   Thumb Code     0  startup_stm32f407xx.o(.text)
    DMA2_Stream3_IRQHandler                  0x080002f7   Thumb Code     0  startup_stm32f407xx.o(.text)
    DMA2_Stream4_IRQHandler                  0x080002f7   Thumb Code     0  startup_stm32f407xx.o(.text)
    DMA2_Stream5_IRQHandler                  0x080002f7   Thumb Code     0  startup_stm32f407xx.o(.text)
    DMA2_Stream6_IRQHandler                  0x080002f7   Thumb Code     0  startup_stm32f407xx.o(.text)
    ETH_IRQHandler                           0x080002f7   Thumb Code     0  startup_stm32f407xx.o(.text)
    ETH_WKUP_IRQHandler                      0x080002f7   Thumb Code     0  startup_stm32f407xx.o(.text)
    EXTI0_IRQHandler                         0x080002f7   Thumb Code     0  startup_stm32f407xx.o(.text)
    EXTI15_10_IRQHandler                     0x080002f7   Thumb Code     0  startup_stm32f407xx.o(.text)
    EXTI1_IRQHandler                         0x080002f7   Thumb Code     0  startup_stm32f407xx.o(.text)
    EXTI2_IRQHandler                         0x080002f7   Thumb Code     0  startup_stm32f407xx.o(.text)
    EXTI3_IRQHandler                         0x080002f7   Thumb Code     0  startup_stm32f407xx.o(.text)
    EXTI4_IRQHandler                         0x080002f7   Thumb Code     0  startup_stm32f407xx.o(.text)
    EXTI9_5_IRQHandler                       0x080002f7   Thumb Code     0  startup_stm32f407xx.o(.text)
    FLASH_IRQHandler                         0x080002f7   Thumb Code     0  startup_stm32f407xx.o(.text)
    FMC_IRQHandler                           0x080002f7   Thumb Code     0  startup_stm32f407xx.o(.text)
    FPU_IRQHandler                           0x080002f7   Thumb Code     0  startup_stm32f407xx.o(.text)
    HASH_RNG_IRQHandler                      0x080002f7   Thumb Code     0  startup_stm32f407xx.o(.text)
    I2C1_ER_IRQHandler                       0x080002f7   Thumb Code     0  startup_stm32f407xx.o(.text)
    I2C1_EV_IRQHandler                       0x080002f7   Thumb Code     0  startup_stm32f407xx.o(.text)
    I2C2_ER_IRQHandler                       0x080002f7   Thumb Code     0  startup_stm32f407xx.o(.text)
    I2C2_EV_IRQHandler                       0x080002f7   Thumb Code     0  startup_stm32f407xx.o(.text)
    I2C3_ER_IRQHandler                       0x080002f7   Thumb Code     0  startup_stm32f407xx.o(.text)
    I2C3_EV_IRQHandler                       0x080002f7   Thumb Code     0  startup_stm32f407xx.o(.text)
    OTG_FS_IRQHandler                        0x080002f7   Thumb Code     0  startup_stm32f407xx.o(.text)
    OTG_FS_WKUP_IRQHandler                   0x080002f7   Thumb Code     0  startup_stm32f407xx.o(.text)
    OTG_HS_EP1_IN_IRQHandler                 0x080002f7   Thumb Code     0  startup_stm32f407xx.o(.text)
    OTG_HS_EP1_OUT_IRQHandler                0x080002f7   Thumb Code     0  startup_stm32f407xx.o(.text)
    OTG_HS_IRQHandler                        0x080002f7   Thumb Code     0  startup_stm32f407xx.o(.text)
    OTG_HS_WKUP_IRQHandler                   0x080002f7   Thumb Code     0  startup_stm32f407xx.o(.text)
    PVD_IRQHandler                           0x080002f7   Thumb Code     0  startup_stm32f407xx.o(.text)
    RCC_IRQHandler                           0x080002f7   Thumb Code     0  startup_stm32f407xx.o(.text)
    RTC_Alarm_IRQHandler                     0x080002f7   Thumb Code     0  startup_stm32f407xx.o(.text)
    RTC_WKUP_IRQHandler                      0x080002f7   Thumb Code     0  startup_stm32f407xx.o(.text)
    SDIO_IRQHandler                          0x080002f7   Thumb Code     0  startup_stm32f407xx.o(.text)
    SPI1_IRQHandler                          0x080002f7   Thumb Code     0  startup_stm32f407xx.o(.text)
    SPI2_IRQHandler                          0x080002f7   Thumb Code     0  startup_stm32f407xx.o(.text)
    SPI3_IRQHandler                          0x080002f7   Thumb Code     0  startup_stm32f407xx.o(.text)
    TAMP_STAMP_IRQHandler                    0x080002f7   Thumb Code     0  startup_stm32f407xx.o(.text)
    TIM1_BRK_TIM9_IRQHandler                 0x080002f7   Thumb Code     0  startup_stm32f407xx.o(.text)
    TIM1_CC_IRQHandler                       0x080002f7   Thumb Code     0  startup_stm32f407xx.o(.text)
    TIM1_TRG_COM_TIM11_IRQHandler            0x080002f7   Thumb Code     0  startup_stm32f407xx.o(.text)
    TIM2_IRQHandler                          0x080002f7   Thumb Code     0  startup_stm32f407xx.o(.text)
    TIM3_IRQHandler                          0x080002f7   Thumb Code     0  startup_stm32f407xx.o(.text)
    TIM4_IRQHandler                          0x080002f7   Thumb Code     0  startup_stm32f407xx.o(.text)
    TIM5_IRQHandler                          0x080002f7   Thumb Code     0  startup_stm32f407xx.o(.text)
    TIM6_DAC_IRQHandler                      0x080002f7   Thumb Code     0  startup_stm32f407xx.o(.text)
    TIM7_IRQHandler                          0x080002f7   Thumb Code     0  startup_stm32f407xx.o(.text)
    TIM8_BRK_TIM12_IRQHandler                0x080002f7   Thumb Code     0  startup_stm32f407xx.o(.text)
    TIM8_CC_IRQHandler                       0x080002f7   Thumb Code     0  startup_stm32f407xx.o(.text)
    TIM8_TRG_COM_TIM14_IRQHandler            0x080002f7   Thumb Code     0  startup_stm32f407xx.o(.text)
    TIM8_UP_TIM13_IRQHandler                 0x080002f7   Thumb Code     0  startup_stm32f407xx.o(.text)
    UART4_IRQHandler                         0x080002f7   Thumb Code     0  startup_stm32f407xx.o(.text)
    UART5_IRQHandler                         0x080002f7   Thumb Code     0  startup_stm32f407xx.o(.text)
    USART2_IRQHandler                        0x080002f7   Thumb Code     0  startup_stm32f407xx.o(.text)
    USART3_IRQHandler                        0x080002f7   Thumb Code     0  startup_stm32f407xx.o(.text)
    USART6_IRQHandler                        0x080002f7   Thumb Code     0  startup_stm32f407xx.o(.text)
    WWDG_IRQHandler                          0x080002f7   Thumb Code     0  startup_stm32f407xx.o(.text)
    __user_initial_stackheap                 0x080002f9   Thumb Code     0  startup_stm32f407xx.o(.text)
    malloc                                   0x0800031d   Thumb Code    94  h1_alloc.o(.text)
    free                                     0x0800037b   Thumb Code    78  h1_free.o(.text)
    __aeabi_uldivmod                         0x080003c9   Thumb Code     0  lludivv7m.o(.text)
    _ll_udiv                                 0x080003c9   Thumb Code   238  lludivv7m.o(.text)
    vsnprintf                                0x080004b9   Thumb Code    48  vsnprintf.o(.text)
    __2snprintf                              0x080004ed   Thumb Code    50  __2snprintf.o(.text)
    _printf_pre_padding                      0x08000525   Thumb Code    44  _printf_pad.o(.text)
    _printf_post_padding                     0x08000551   Thumb Code    34  _printf_pad.o(.text)
    _printf_str                              0x08000573   Thumb Code    82  _printf_str.o(.text)
    _printf_int_dec                          0x080005c5   Thumb Code   104  _printf_dec.o(.text)
    _printf_longlong_hex                     0x0800063d   Thumb Code    86  _printf_hex_int_ll_ptr.o(.text)
    _printf_int_hex                          0x08000693   Thumb Code    28  _printf_hex_int_ll_ptr.o(.text)
    _printf_ll_hex                           0x080006af   Thumb Code    12  _printf_hex_int_ll_ptr.o(.text)
    _printf_hex_ptr                          0x080006bb   Thumb Code    18  _printf_hex_int_ll_ptr.o(.text)
    __printf                                 0x080006d1   Thumb Code   388  __printf_flags_ss_wp.o(.text)
    strcpy                                   0x08000859   Thumb Code    72  strcpy.o(.text)
    strlen                                   0x080008a1   Thumb Code    62  strlen.o(.text)
    __aeabi_memcpy                           0x080008df   Thumb Code     0  rt_memcpy_v6.o(.text)
    __rt_memcpy                              0x080008df   Thumb Code   138  rt_memcpy_v6.o(.text)
    _memcpy_lastbytes                        0x08000945   Thumb Code     0  rt_memcpy_v6.o(.text)
    __aeabi_memclr4                          0x08000969   Thumb Code     0  rt_memclr_w.o(.text)
    __aeabi_memclr8                          0x08000969   Thumb Code     0  rt_memclr_w.o(.text)
    __rt_memclr_w                            0x08000969   Thumb Code    78  rt_memclr_w.o(.text)
    _memset_w                                0x0800096d   Thumb Code     0  rt_memclr_w.o(.text)
    strcmp                                   0x080009b9   Thumb Code   128  strcmpv7m.o(.text)
    __use_two_region_memory                  0x08000a39   Thumb Code     2  heapauxi.o(.text)
    __rt_heap_escrow                         0x08000a3b   Thumb Code     2  heapauxi.o(.text)
    __rt_heap_expand                         0x08000a3d   Thumb Code     2  heapauxi.o(.text)
    __rt_heap_descriptor                     0x08000a41   Thumb Code     8  rt_heap_descriptor_intlibspace.o(.text)
    __use_no_heap                            0x08000a49   Thumb Code     2  hguard.o(.text)
    __heap$guard                             0x08000a4b   Thumb Code     2  hguard.o(.text)
    _terminate_user_alloc                    0x08000a4d   Thumb Code     2  init_alloc.o(.text)
    _init_user_alloc                         0x08000a4f   Thumb Code     2  init_alloc.o(.text)
    __Heap_Full                              0x08000a51   Thumb Code    34  init_alloc.o(.text)
    __Heap_Broken                            0x08000a73   Thumb Code     6  init_alloc.o(.text)
    _init_alloc                              0x08000a79   Thumb Code    94  init_alloc.o(.text)
    __Heap_Initialize                        0x08000ad7   Thumb Code    10  h1_init.o(.text)
    __Heap_DescSize                          0x08000ae1   Thumb Code     4  h1_init.o(.text)
    _printf_truncate_signed                  0x08000ae5   Thumb Code    18  _printf_truncate.o(.text)
    _printf_truncate_unsigned                0x08000af7   Thumb Code    18  _printf_truncate.o(.text)
    _printf_int_common                       0x08000b09   Thumb Code   178  _printf_intcommon.o(.text)
    _printf_charcount                        0x08000bbb   Thumb Code    40  _printf_charcount.o(.text)
    _printf_char_common                      0x08000bef   Thumb Code    32  _printf_char_common.o(.text)
    _sputc                                   0x08000c15   Thumb Code    10  _sputc.o(.text)
    _snputc                                  0x08000c1f   Thumb Code    16  _snputc.o(.text)
    _printf_cs_common                        0x08000c2f   Thumb Code    20  _printf_char.o(.text)
    _printf_char                             0x08000c43   Thumb Code    16  _printf_char.o(.text)
    _printf_string                           0x08000c53   Thumb Code     8  _printf_char.o(.text)
    _printf_wctomb                           0x08000c5d   Thumb Code   182  _printf_wctomb.o(.text)
    _printf_longlong_dec                     0x08000d19   Thumb Code   108  _printf_longlong_dec.o(.text)
    _printf_longlong_oct                     0x08000d95   Thumb Code    66  _printf_oct_int_ll.o(.text)
    _printf_int_oct                          0x08000dd7   Thumb Code    24  _printf_oct_int_ll.o(.text)
    _printf_ll_oct                           0x08000def   Thumb Code    12  _printf_oct_int_ll.o(.text)
    __aeabi_memcpy4                          0x08000e05   Thumb Code     0  rt_memcpy_w.o(.text)
    __aeabi_memcpy8                          0x08000e05   Thumb Code     0  rt_memcpy_w.o(.text)
    __rt_memcpy_w                            0x08000e05   Thumb Code   100  rt_memcpy_w.o(.text)
    _memcpy_lastbytes_aligned                0x08000e4d   Thumb Code     0  rt_memcpy_w.o(.text)
    __user_libspace                          0x08000e69   Thumb Code     8  libspace.o(.text)
    __user_perproc_libspace                  0x08000e69   Thumb Code     0  libspace.o(.text)
    __user_perthread_libspace                0x08000e69   Thumb Code     0  libspace.o(.text)
    __Heap_ProvideMemory                     0x08000e71   Thumb Code    52  h1_extend.o(.text)
    _ll_udiv10                               0x08000ea5   Thumb Code   138  lludiv10.o(.text)
    __lib_sel_fp_printf                      0x08000f2f   Thumb Code     2  _printf_fp_dec.o(.text)
    _printf_fp_dec_real                      0x080010e1   Thumb Code   620  _printf_fp_dec.o(.text)
    _printf_fp_hex_real                      0x0800134d   Thumb Code   756  _printf_fp_hex.o(.text)
    _printf_lcs_common                       0x08001649   Thumb Code    20  _printf_wchar.o(.text)
    _printf_wchar                            0x0800165d   Thumb Code    16  _printf_wchar.o(.text)
    _printf_wstring                          0x0800166d   Thumb Code     8  _printf_wchar.o(.text)
    _wcrtomb                                 0x08001675   Thumb Code    64  _wcrtomb.o(.text)
    __rt_SIGRTMEM                            0x080016b5   Thumb Code    14  defsig_rtmem_outer.o(.text)
    __I$use$semihosting                      0x080016c3   Thumb Code     0  use_no_semi.o(.text)
    __use_no_semihosting_swi                 0x080016c3   Thumb Code     2  use_no_semi.o(.text)
    __semihosting_library_function           0x080016c5   Thumb Code     0  indicate_semi.o(.text)
    __user_setup_stackheap                   0x080016c5   Thumb Code    74  sys_stackheap_outer.o(.text)
    __rt_ctype_table                         0x08001711   Thumb Code    16  rt_ctype_table.o(.text)
    __rt_locale                              0x08001721   Thumb Code     8  rt_locale_intlibspace.o(.text)
    _printf_fp_infnan                        0x08001729   Thumb Code   112  _printf_fp_infnan.o(.text)
    _btod_etento                             0x080017a9   Thumb Code   224  bigflt0.o(.text)
    exit                                     0x0800188d   Thumb Code    18  exit.o(.text)
    __sig_exit                               0x0800189f   Thumb Code    10  defsig_exit.o(.text)
    __rt_SIGRTMEM_inner                      0x080018a9   Thumb Code    22  defsig_rtmem_inner.o(.text)
    _sys_exit                                0x080018f9   Thumb Code     8  sys_exit.o(.text)
    __default_signal_display                 0x08001905   Thumb Code    50  defsig_general.o(.text)
    _ttywrch                                 0x08001937   Thumb Code    14  sys_wrch.o(.text)
    _btod_d2e                                0x08001945   Thumb Code    62  btod.o(CL$$btod_d2e)
    _d2e_denorm_low                          0x08001983   Thumb Code    70  btod.o(CL$$btod_d2e_denorm_low)
    _d2e_norm_op1                            0x080019c9   Thumb Code    96  btod.o(CL$$btod_d2e_norm_op1)
    __btod_div_common                        0x08001a29   Thumb Code   696  btod.o(CL$$btod_div_common)
    _e2e                                     0x08001d61   Thumb Code   220  btod.o(CL$$btod_e2e)
    _btod_ediv                               0x08001e3d   Thumb Code    42  btod.o(CL$$btod_ediv)
    _btod_emul                               0x08001e67   Thumb Code    42  btod.o(CL$$btod_emul)
    __btod_mult_common                       0x08001e91   Thumb Code   580  btod.o(CL$$btod_mult_common)
    BusFault_Handler                         0x080020d5   Thumb Code     2  stm32f4xx_it.o(i.BusFault_Handler)
    CAN1_RX0_IRQHandler                      0x080020d9   Thumb Code     6  stm32f4xx_it.o(i.CAN1_RX0_IRQHandler)
    CAN1_TX_IRQHandler                       0x080020e5   Thumb Code     6  stm32f4xx_it.o(i.CAN1_TX_IRQHandler)
    DMA2_Stream2_IRQHandler                  0x080020f1   Thumb Code     6  stm32f4xx_it.o(i.DMA2_Stream2_IRQHandler)
    DMA2_Stream7_IRQHandler                  0x080020fd   Thumb Code     6  stm32f4xx_it.o(i.DMA2_Stream7_IRQHandler)
    DebugMon_Handler                         0x080021ad   Thumb Code     2  stm32f4xx_it.o(i.DebugMon_Handler)
    Error_Handler                            0x080021af   Thumb Code     4  main.o(i.Error_Handler)
    HAL_CAN_ErrorCallback                    0x080021b3   Thumb Code     2  stm32f4xx_hal_can.o(i.HAL_CAN_ErrorCallback)
    HAL_CAN_GetRxMessage                     0x080021b5   Thumb Code   244  stm32f4xx_hal_can.o(i.HAL_CAN_GetRxMessage)
    HAL_CAN_IRQHandler                       0x080022a9   Thumb Code   508  stm32f4xx_hal_can.o(i.HAL_CAN_IRQHandler)
    HAL_CAN_Init                             0x080024a5   Thumb Code   282  stm32f4xx_hal_can.o(i.HAL_CAN_Init)
    HAL_CAN_MspInit                          0x080025c1   Thumb Code   122  can.o(i.HAL_CAN_MspInit)
    HAL_CAN_RxFifo0FullCallback              0x08002649   Thumb Code     2  stm32f4xx_hal_can.o(i.HAL_CAN_RxFifo0FullCallback)
    HAL_CAN_RxFifo0MsgPendingCallback        0x0800264d   Thumb Code   178  my_can.o(i.HAL_CAN_RxFifo0MsgPendingCallback)
    HAL_CAN_RxFifo1FullCallback              0x08002789   Thumb Code     2  stm32f4xx_hal_can.o(i.HAL_CAN_RxFifo1FullCallback)
    HAL_CAN_RxFifo1MsgPendingCallback        0x0800278b   Thumb Code     2  stm32f4xx_hal_can.o(i.HAL_CAN_RxFifo1MsgPendingCallback)
    HAL_CAN_SleepCallback                    0x0800278d   Thumb Code     2  stm32f4xx_hal_can.o(i.HAL_CAN_SleepCallback)
    HAL_CAN_TxMailbox0AbortCallback          0x0800278f   Thumb Code     2  stm32f4xx_hal_can.o(i.HAL_CAN_TxMailbox0AbortCallback)
    HAL_CAN_TxMailbox0CompleteCallback       0x08002791   Thumb Code     2  stm32f4xx_hal_can.o(i.HAL_CAN_TxMailbox0CompleteCallback)
    HAL_CAN_TxMailbox1AbortCallback          0x08002793   Thumb Code     2  stm32f4xx_hal_can.o(i.HAL_CAN_TxMailbox1AbortCallback)
    HAL_CAN_TxMailbox1CompleteCallback       0x08002795   Thumb Code     2  stm32f4xx_hal_can.o(i.HAL_CAN_TxMailbox1CompleteCallback)
    HAL_CAN_TxMailbox2AbortCallback          0x08002797   Thumb Code     2  stm32f4xx_hal_can.o(i.HAL_CAN_TxMailbox2AbortCallback)
    HAL_CAN_TxMailbox2CompleteCallback       0x08002799   Thumb Code     2  stm32f4xx_hal_can.o(i.HAL_CAN_TxMailbox2CompleteCallback)
    HAL_CAN_WakeUpFromRxMsgCallback          0x0800279b   Thumb Code     2  stm32f4xx_hal_can.o(i.HAL_CAN_WakeUpFromRxMsgCallback)
    HAL_DMA_Abort                            0x0800279d   Thumb Code   146  stm32f4xx_hal_dma.o(i.HAL_DMA_Abort)
    HAL_DMA_Abort_IT                         0x0800282f   Thumb Code    36  stm32f4xx_hal_dma.o(i.HAL_DMA_Abort_IT)
    HAL_DMA_IRQHandler                       0x08002855   Thumb Code   412  stm32f4xx_hal_dma.o(i.HAL_DMA_IRQHandler)
    HAL_DMA_Init                             0x080029f5   Thumb Code   206  stm32f4xx_hal_dma.o(i.HAL_DMA_Init)
    HAL_DMA_Start_IT                         0x08002ac9   Thumb Code   110  stm32f4xx_hal_dma.o(i.HAL_DMA_Start_IT)
    HAL_Delay                                0x08002b39   Thumb Code    32  stm32f4xx_hal.o(i.HAL_Delay)
    HAL_GPIO_Init                            0x08002b5d   Thumb Code   450  stm32f4xx_hal_gpio.o(i.HAL_GPIO_Init)
    HAL_GPIO_ReadPin                         0x08002d4d   Thumb Code    10  stm32f4xx_hal_gpio.o(i.HAL_GPIO_ReadPin)
    HAL_GPIO_TogglePin                       0x08002d57   Thumb Code    16  stm32f4xx_hal_gpio.o(i.HAL_GPIO_TogglePin)
    HAL_GPIO_WritePin                        0x08002d67   Thumb Code    10  stm32f4xx_hal_gpio.o(i.HAL_GPIO_WritePin)
    HAL_GetTick                              0x08002d71   Thumb Code     6  stm32f4xx_hal.o(i.HAL_GetTick)
    HAL_I2C_Init                             0x08002d7d   Thumb Code   376  stm32f4xx_hal_i2c.o(i.HAL_I2C_Init)
    HAL_I2C_Master_Transmit                  0x08002f05   Thumb Code   290  stm32f4xx_hal_i2c.o(i.HAL_I2C_Master_Transmit)
    HAL_I2C_MspInit                          0x08003031   Thumb Code   154  i2c.o(i.HAL_I2C_MspInit)
    HAL_IncTick                              0x080030dd   Thumb Code    12  stm32f4xx_hal.o(i.HAL_IncTick)
    HAL_Init                                 0x080030ed   Thumb Code    48  stm32f4xx_hal.o(i.HAL_Init)
    HAL_InitTick                             0x08003121   Thumb Code    54  stm32f4xx_hal.o(i.HAL_InitTick)
    HAL_MspInit                              0x08003161   Thumb Code    42  stm32f4xx_hal_msp.o(i.HAL_MspInit)
    HAL_NVIC_EnableIRQ                       0x08003191   Thumb Code    26  stm32f4xx_hal_cortex.o(i.HAL_NVIC_EnableIRQ)
    HAL_NVIC_SetPriority                     0x080031ad   Thumb Code    60  stm32f4xx_hal_cortex.o(i.HAL_NVIC_SetPriority)
    HAL_NVIC_SetPriorityGrouping             0x080031ed   Thumb Code    26  stm32f4xx_hal_cortex.o(i.HAL_NVIC_SetPriorityGrouping)
    HAL_RCC_ClockConfig                      0x08003211   Thumb Code   288  stm32f4xx_hal_rcc.o(i.HAL_RCC_ClockConfig)
    HAL_RCC_GetPCLK1Freq                     0x08003345   Thumb Code    20  stm32f4xx_hal_rcc.o(i.HAL_RCC_GetPCLK1Freq)
    HAL_RCC_GetPCLK2Freq                     0x08003365   Thumb Code    20  stm32f4xx_hal_rcc.o(i.HAL_RCC_GetPCLK2Freq)
    HAL_RCC_GetSysClockFreq                  0x08003385   Thumb Code    88  stm32f4xx_hal_rcc.o(i.HAL_RCC_GetSysClockFreq)
    HAL_RCC_OscConfig                        0x080033e5   Thumb Code   856  stm32f4xx_hal_rcc.o(i.HAL_RCC_OscConfig)
    HAL_SYSTICK_Config                       0x08003751   Thumb Code    40  stm32f4xx_hal_cortex.o(i.HAL_SYSTICK_Config)
    HAL_TIMEx_BreakCallback                  0x08003779   Thumb Code     2  stm32f4xx_hal_tim_ex.o(i.HAL_TIMEx_BreakCallback)
    HAL_TIMEx_CommutCallback                 0x0800377b   Thumb Code     2  stm32f4xx_hal_tim_ex.o(i.HAL_TIMEx_CommutCallback)
    HAL_TIMEx_MasterConfigSynchronization    0x0800377d   Thumb Code   116  stm32f4xx_hal_tim_ex.o(i.HAL_TIMEx_MasterConfigSynchronization)
    HAL_TIM_Base_Init                        0x0800380d   Thumb Code    90  stm32f4xx_hal_tim.o(i.HAL_TIM_Base_Init)
    HAL_TIM_Base_MspInit                     0x08003869   Thumb Code    76  tim.o(i.HAL_TIM_Base_MspInit)
    HAL_TIM_Base_Start_IT                    0x080038bd   Thumb Code   100  stm32f4xx_hal_tim.o(i.HAL_TIM_Base_Start_IT)
    HAL_TIM_ConfigClockSource                0x0800393d   Thumb Code   220  stm32f4xx_hal_tim.o(i.HAL_TIM_ConfigClockSource)
    HAL_TIM_IC_CaptureCallback               0x08003a19   Thumb Code     2  stm32f4xx_hal_tim.o(i.HAL_TIM_IC_CaptureCallback)
    HAL_TIM_IRQHandler                       0x08003a1b   Thumb Code   304  stm32f4xx_hal_tim.o(i.HAL_TIM_IRQHandler)
    HAL_TIM_MspPostInit                      0x08003b4d   Thumb Code    70  tim.o(i.HAL_TIM_MspPostInit)
    HAL_TIM_OC_DelayElapsedCallback          0x08003b9d   Thumb Code     2  stm32f4xx_hal_tim.o(i.HAL_TIM_OC_DelayElapsedCallback)
    HAL_TIM_PWM_ConfigChannel                0x08003b9f   Thumb Code   204  stm32f4xx_hal_tim.o(i.HAL_TIM_PWM_ConfigChannel)
    HAL_TIM_PWM_Init                         0x08003c6b   Thumb Code    90  stm32f4xx_hal_tim.o(i.HAL_TIM_PWM_Init)
    HAL_TIM_PWM_MspInit                      0x08003cc5   Thumb Code     2  stm32f4xx_hal_tim.o(i.HAL_TIM_PWM_MspInit)
    HAL_TIM_PWM_PulseFinishedCallback        0x08003cc7   Thumb Code     2  stm32f4xx_hal_tim.o(i.HAL_TIM_PWM_PulseFinishedCallback)
    HAL_TIM_PeriodElapsedCallback            0x08003cc9   Thumb Code    40  stm32f4xx_it.o(i.HAL_TIM_PeriodElapsedCallback)
    HAL_TIM_TriggerCallback                  0x08003d09   Thumb Code     2  stm32f4xx_hal_tim.o(i.HAL_TIM_TriggerCallback)
    HAL_UARTEx_RxEventCallback               0x08003d0b   Thumb Code     2  stm32f4xx_hal_uart.o(i.HAL_UARTEx_RxEventCallback)
    HAL_UART_DMAStop                         0x08003d0d   Thumb Code   112  stm32f4xx_hal_uart.o(i.HAL_UART_DMAStop)
    HAL_UART_ErrorCallback                   0x08003d7d   Thumb Code     2  stm32f4xx_hal_uart.o(i.HAL_UART_ErrorCallback)
    HAL_UART_IDLECallback                    0x08003d81   Thumb Code    68  stm32f4xx_it.o(i.HAL_UART_IDLECallback)
    HAL_UART_IRQHandler                      0x08003de1   Thumb Code   636  stm32f4xx_hal_uart.o(i.HAL_UART_IRQHandler)
    HAL_UART_Init                            0x08004061   Thumb Code   100  stm32f4xx_hal_uart.o(i.HAL_UART_Init)
    HAL_UART_MspInit                         0x080040c5   Thumb Code   210  usart.o(i.HAL_UART_MspInit)
    HAL_UART_Receive_DMA                     0x080041ad   Thumb Code    28  stm32f4xx_hal_uart.o(i.HAL_UART_Receive_DMA)
    HAL_UART_RxCpltCallback                  0x080041c9   Thumb Code     2  stm32f4xx_hal_uart.o(i.HAL_UART_RxCpltCallback)
    HAL_UART_RxHalfCpltCallback              0x080041cb   Thumb Code     2  stm32f4xx_hal_uart.o(i.HAL_UART_RxHalfCpltCallback)
    HAL_UART_Transmit_DMA                    0x080041cd   Thumb Code   120  stm32f4xx_hal_uart.o(i.HAL_UART_Transmit_DMA)
    HAL_UART_TxCpltCallback                  0x08004251   Thumb Code     2  stm32f4xx_hal_uart.o(i.HAL_UART_TxCpltCallback)
    HAL_UART_TxHalfCpltCallback              0x08004253   Thumb Code     2  stm32f4xx_hal_uart.o(i.HAL_UART_TxHalfCpltCallback)
    HardFault_Handler                        0x08004255   Thumb Code     2  stm32f4xx_it.o(i.HardFault_Handler)
    Key_Check                                0x0800451d   Thumb Code    26  my_key.o(i.Key_Check)
    Key_GetState                             0x0800453d   Thumb Code    20  my_key.o(i.Key_GetState)
    Key_Tick                                 0x08004555   Thumb Code   302  my_key.o(i.Key_Tick)
    MX_CAN1_Init                             0x08004689   Thumb Code    64  can.o(i.MX_CAN1_Init)
    MX_DMA_Init                              0x080046d1   Thumb Code    56  dma.o(i.MX_DMA_Init)
    MX_GPIO_Init                             0x0800470d   Thumb Code   146  gpio.o(i.MX_GPIO_Init)
    MX_I2C1_Init                             0x080047ad   Thumb Code    50  i2c.o(i.MX_I2C1_Init)
    MX_I2C2_Init                             0x080047ed   Thumb Code    50  i2c.o(i.MX_I2C2_Init)
    MX_TIM1_Init                             0x0800482d   Thumb Code    96  tim.o(i.MX_TIM1_Init)
    MX_TIM2_Init                             0x08004895   Thumb Code   176  tim.o(i.MX_TIM2_Init)
    MX_USART1_UART_Init                      0x08004949   Thumb Code    68  usart.o(i.MX_USART1_UART_Init)
    MemManage_Handler                        0x08004999   Thumb Code     2  stm32f4xx_it.o(i.MemManage_Handler)
    NMI_Handler                              0x0800499b   Thumb Code     2  stm32f4xx_it.o(i.NMI_Handler)
    OLED_ClearArea                           0x0800499d   Thumb Code    86  oled.o(i.OLED_ClearArea)
    OLED_SetCursor                           0x080049f9   Thumb Code    34  oled.o(i.OLED_SetCursor)
    OLED_ShowChar                            0x08004a1d   Thumb Code    52  oled.o(i.OLED_ShowChar)
    OLED_ShowImage                           0x08004a59   Thumb Code   186  oled.o(i.OLED_ShowImage)
    OLED_ShowString                          0x08004b19   Thumb Code   210  oled.o(i.OLED_ShowString)
    OLED_Show_CAN_Data_Str                   0x08004bf5   Thumb Code   142  my_can.o(i.OLED_Show_CAN_Data_Str)
    OLED_Update                              0x08004c91   Thumb Code    34  oled.o(i.OLED_Update)
    OLED_WriteCommand                        0x08004cb9   Thumb Code    30  oled.o(i.OLED_WriteCommand)
    OLED_WriteData                           0x08004cdd   Thumb Code    60  oled.o(i.OLED_WriteData)
    PendSV_Handler                           0x08004d1d   Thumb Code     2  stm32f4xx_it.o(i.PendSV_Handler)
    SEGGER_RTT_Init                          0x08004d1f   Thumb Code     4  segger_rtt.o(i.SEGGER_RTT_Init)
    SEGGER_RTT_Write                         0x08004d25   Thumb Code    50  segger_rtt.o(i.SEGGER_RTT_Write)
    SEGGER_RTT_WriteNoLock                   0x08004d5d   Thumb Code    86  segger_rtt.o(i.SEGGER_RTT_WriteNoLock)
    SEGGER_RTT_WriteString                   0x08004db9   Thumb Code    26  segger_rtt.o(i.SEGGER_RTT_WriteString)
    SVC_Handler                              0x08004dd3   Thumb Code     2  stm32f4xx_it.o(i.SVC_Handler)
    SysTick_Handler                          0x08004dd5   Thumb Code     4  stm32f4xx_it.o(i.SysTick_Handler)
    SystemClock_Config                       0x08004dd9   Thumb Code   140  main.o(i.SystemClock_Config)
    SystemInit                               0x08004e6d   Thumb Code    12  system_stm32f4xx.o(i.SystemInit)
    TIM1_UP_TIM10_IRQHandler                 0x08004e7d   Thumb Code     6  stm32f4xx_it.o(i.TIM1_UP_TIM10_IRQHandler)
    TIM_Base_SetConfig                       0x08004e89   Thumb Code   164  stm32f4xx_hal_tim.o(i.TIM_Base_SetConfig)
    TIM_ETR_SetConfig                        0x08004f59   Thumb Code    20  stm32f4xx_hal_tim.o(i.TIM_ETR_SetConfig)
    TIM_OC2_SetConfig                        0x08004fdd   Thumb Code    98  stm32f4xx_hal_tim.o(i.TIM_OC2_SetConfig)
    UART_Start_Receive_DMA                   0x080054c9   Thumb Code   146  stm32f4xx_hal_uart.o(i.UART_Start_Receive_DMA)
    USART1_IRQHandler                        0x08005569   Thumb Code    40  stm32f4xx_it.o(i.USART1_IRQHandler)
    UsageFault_Handler                       0x08005595   Thumb Code     2  stm32f4xx_it.o(i.UsageFault_Handler)
    __ARM_fpclassify                         0x080056b3   Thumb Code    48  fpclassify.o(i.__ARM_fpclassify)
    _is_digit                                0x08005703   Thumb Code    14  __printf_wp.o(i._is_digit)
    main                                     0x08005711   Thumb Code    96  main.o(i.main)
    my_data_analysis                         0x080057a9   Thumb Code    56  usart.o(i.my_data_analysis)
    rtt_printf                               0x08005801   Thumb Code    50  main.o(i.rtt_printf)
    _get_lc_numeric                          0x08005839   Thumb Code    44  lc_numeric_c.o(locale$$code)
    _get_lc_ctype                            0x08005865   Thumb Code    44  lc_ctype_c.o(locale$$code)
    _fp_init                                 0x08005891   Thumb Code    10  fpinit.o(x$fpl$fpinit)
    __fplib_config_fpu_vfp                   0x08005899   Thumb Code     0  fpinit.o(x$fpl$fpinit)
    __fplib_config_pureend_doubles           0x08005899   Thumb Code     0  fpinit.o(x$fpl$fpinit)
    _printf_fp_dec                           0x0800589b   Thumb Code     4  printf1.o(x$fpl$printf1)
    _printf_fp_hex                           0x0800589f   Thumb Code     4  printf2.o(x$fpl$printf2)
    OLED_F8x16                               0x080058a2   Data        1520  oled_data.o(.constdata)
    __I$use$fp                               0x080058a2   Number         0  usenofp.o(x$fpl$usenofp)
    OLED_F6x8                                0x08005e92   Data         570  oled_data.o(.constdata)
    OLED_CF16x16                             0x080060cc   Data         245  oled_data.o(.constdata)
    AHBPrescTable                            0x080061c9   Data          16  system_stm32f4xx.o(.constdata)
    APBPrescTable                            0x080061d9   Data           8  system_stm32f4xx.o(.constdata)
    Region$$Table$$Base                      0x080062e0   Number         0  anon$$obj.o(Region$$Table)
    Region$$Table$$Limit                     0x08006300   Number         0  anon$$obj.o(Region$$Table)
    __ctype                                  0x08006329   Data           0  lc_ctype_c.o(locale$$data)
    Key_Flag                                 0x20000004   Data           1  my_key.o(.data)
    dma_test_data                            0x20000009   Data          22  main.o(.data)
    uart_frame_flag                          0x20000020   Data           1  usart.o(.data)
    uart_rx_len                              0x20000022   Data           2  usart.o(.data)
    uwTickFreq                               0x20000024   Data           1  stm32f4xx_hal.o(.data)
    uwTickPrio                               0x20000028   Data           4  stm32f4xx_hal.o(.data)
    uwTick                                   0x2000002c   Data           4  stm32f4xx_hal.o(.data)
    SystemCoreClock                          0x20000030   Data           4  system_stm32f4xx.o(.data)
    _SEGGER_RTT                              0x20000034   Data         168  segger_rtt.o(.bss)
    OLED_DisplayBuf                          0x200004ec   Data        1024  oled.o(.bss)
    hcan1                                    0x200008ec   Data          40  can.o(.bss)
    hi2c1                                    0x20000914   Data          84  i2c.o(.bss)
    hi2c2                                    0x20000968   Data          84  i2c.o(.bss)
    htim1                                    0x200009bc   Data          72  tim.o(.bss)
    htim2                                    0x20000a04   Data          72  tim.o(.bss)
    uart_dma_rx_buf                          0x20000a4c   Data         256  usart.o(.bss)
    uart_frame_buf                           0x20000b4c   Data         256  usart.o(.bss)
    huart1                                   0x20000c4c   Data          72  usart.o(.bss)
    hdma_usart1_rx                           0x20000c94   Data          96  usart.o(.bss)
    hdma_usart1_tx                           0x20000cf4   Data          96  usart.o(.bss)
    __libspace_start                         0x20000d54   Data          96  libspace.o(.bss)
    __temporary_stack_top$libspace           0x20000db4   Data           0  libspace.o(.bss)



==============================================================================

Memory Map of the image

  Image Entry point : 0x08000189

  Load Region LR_IROM1 (Base: 0x08000000, Size: 0x00006460, Max: 0x00080000, ABSOLUTE)

    Execution Region ER_IROM1 (Exec base: 0x08000000, Load base: 0x08000000, Size: 0x0000642c, Max: 0x00080000, ABSOLUTE)

    Exec Addr    Load Addr    Size         Type   Attr      Idx    E Section Name        Object

    0x08000000   0x08000000   0x00000188   Data   RO            3    RESET               startup_stm32f407xx.o
    0x08000188   0x08000188   0x00000008   Code   RO         4537  * !!!main             c_w.l(__main.o)
    0x08000190   0x08000190   0x00000034   Code   RO         4969    !!!scatter          c_w.l(__scatter.o)
    0x080001c4   0x080001c4   0x0000001a   Code   RO         4971    !!handler_copy      c_w.l(__scatter_copy.o)
    0x080001de   0x080001de   0x00000002   PAD
    0x080001e0   0x080001e0   0x0000001c   Code   RO         4973    !!handler_zi        c_w.l(__scatter_zi.o)
    0x080001fc   0x080001fc   0x00000000   Code   RO         4524    .ARM.Collect$$_printf_percent$$00000000  c_w.l(_printf_percent.o)
    0x080001fc   0x080001fc   0x00000006   Code   RO         4649    .ARM.Collect$$_printf_percent$$00000001  c_w.l(_printf_n.o)
    0x08000202   0x08000202   0x00000006   Code   RO         4650    .ARM.Collect$$_printf_percent$$00000002  c_w.l(_printf_p.o)
    0x08000208   0x08000208   0x00000006   Code   RO         4654    .ARM.Collect$$_printf_percent$$00000003  c_w.l(_printf_f.o)
    0x0800020e   0x0800020e   0x00000006   Code   RO         4655    .ARM.Collect$$_printf_percent$$00000004  c_w.l(_printf_e.o)
    0x08000214   0x08000214   0x00000006   Code   RO         4656    .ARM.Collect$$_printf_percent$$00000005  c_w.l(_printf_g.o)
    0x0800021a   0x0800021a   0x00000006   Code   RO         4657    .ARM.Collect$$_printf_percent$$00000006  c_w.l(_printf_a.o)
    0x08000220   0x08000220   0x0000000a   Code   RO         4662    .ARM.Collect$$_printf_percent$$00000007  c_w.l(_printf_ll.o)
    0x0800022a   0x0800022a   0x00000006   Code   RO         4652    .ARM.Collect$$_printf_percent$$00000008  c_w.l(_printf_i.o)
    0x08000230   0x08000230   0x00000006   Code   RO         4523    .ARM.Collect$$_printf_percent$$00000009  c_w.l(_printf_d.o)
    0x08000236   0x08000236   0x00000006   Code   RO         4653    .ARM.Collect$$_printf_percent$$0000000A  c_w.l(_printf_u.o)
    0x0800023c   0x0800023c   0x00000006   Code   RO         4651    .ARM.Collect$$_printf_percent$$0000000B  c_w.l(_printf_o.o)
    0x08000242   0x08000242   0x00000006   Code   RO         4522    .ARM.Collect$$_printf_percent$$0000000C  c_w.l(_printf_x.o)
    0x08000248   0x08000248   0x00000006   Code   RO         4659    .ARM.Collect$$_printf_percent$$0000000D  c_w.l(_printf_lli.o)
    0x0800024e   0x0800024e   0x00000006   Code   RO         4660    .ARM.Collect$$_printf_percent$$0000000E  c_w.l(_printf_lld.o)
    0x08000254   0x08000254   0x00000006   Code   RO         4661    .ARM.Collect$$_printf_percent$$0000000F  c_w.l(_printf_llu.o)
    0x0800025a   0x0800025a   0x00000006   Code   RO         4666    .ARM.Collect$$_printf_percent$$00000010  c_w.l(_printf_llo.o)
    0x08000260   0x08000260   0x00000006   Code   RO         4667    .ARM.Collect$$_printf_percent$$00000011  c_w.l(_printf_llx.o)
    0x08000266   0x08000266   0x0000000a   Code   RO         4663    .ARM.Collect$$_printf_percent$$00000012  c_w.l(_printf_l.o)
    0x08000270   0x08000270   0x00000006   Code   RO         4648    .ARM.Collect$$_printf_percent$$00000013  c_w.l(_printf_c.o)
    0x08000276   0x08000276   0x00000006   Code   RO         4521    .ARM.Collect$$_printf_percent$$00000014  c_w.l(_printf_s.o)
    0x0800027c   0x0800027c   0x00000006   Code   RO         4664    .ARM.Collect$$_printf_percent$$00000015  c_w.l(_printf_lc.o)
    0x08000282   0x08000282   0x00000006   Code   RO         4665    .ARM.Collect$$_printf_percent$$00000016  c_w.l(_printf_ls.o)
    0x08000288   0x08000288   0x00000004   Code   RO         4658    .ARM.Collect$$_printf_percent$$00000017  c_w.l(_printf_percent_end.o)
    0x0800028c   0x0800028c   0x00000002   Code   RO         4901    .ARM.Collect$$libinit$$00000000  c_w.l(libinit.o)
    0x0800028e   0x0800028e   0x00000004   Code   RO         4672    .ARM.Collect$$libinit$$00000001  c_w.l(libinit2.o)
    0x08000292   0x08000292   0x00000000   Code   RO         4675    .ARM.Collect$$libinit$$00000004  c_w.l(libinit2.o)
    0x08000292   0x08000292   0x00000008   Code   RO         4676    .ARM.Collect$$libinit$$00000005  c_w.l(libinit2.o)
    0x0800029a   0x0800029a   0x00000000   Code   RO         4678    .ARM.Collect$$libinit$$0000000A  c_w.l(libinit2.o)
    0x0800029a   0x0800029a   0x00000000   Code   RO         4680    .ARM.Collect$$libinit$$0000000C  c_w.l(libinit2.o)
    0x0800029a   0x0800029a   0x00000000   Code   RO         4682    .ARM.Collect$$libinit$$0000000E  c_w.l(libinit2.o)
    0x0800029a   0x0800029a   0x00000006   Code   RO         4683    .ARM.Collect$$libinit$$0000000F  c_w.l(libinit2.o)
    0x080002a0   0x080002a0   0x00000000   Code   RO         4685    .ARM.Collect$$libinit$$00000011  c_w.l(libinit2.o)
    0x080002a0   0x080002a0   0x0000000c   Code   RO         4686    .ARM.Collect$$libinit$$00000012  c_w.l(libinit2.o)
    0x080002ac   0x080002ac   0x00000000   Code   RO         4687    .ARM.Collect$$libinit$$00000013  c_w.l(libinit2.o)
    0x080002ac   0x080002ac   0x00000000   Code   RO         4689    .ARM.Collect$$libinit$$00000015  c_w.l(libinit2.o)
    0x080002ac   0x080002ac   0x0000000a   Code   RO         4690    .ARM.Collect$$libinit$$00000016  c_w.l(libinit2.o)
    0x080002b6   0x080002b6   0x00000000   Code   RO         4691    .ARM.Collect$$libinit$$00000017  c_w.l(libinit2.o)
    0x080002b6   0x080002b6   0x00000000   Code   RO         4693    .ARM.Collect$$libinit$$00000019  c_w.l(libinit2.o)
    0x080002b6   0x080002b6   0x00000000   Code   RO         4695    .ARM.Collect$$libinit$$0000001B  c_w.l(libinit2.o)
    0x080002b6   0x080002b6   0x00000000   Code   RO         4697    .ARM.Collect$$libinit$$0000001D  c_w.l(libinit2.o)
    0x080002b6   0x080002b6   0x00000000   Code   RO         4699    .ARM.Collect$$libinit$$0000001F  c_w.l(libinit2.o)
    0x080002b6   0x080002b6   0x00000000   Code   RO         4701    .ARM.Collect$$libinit$$00000021  c_w.l(libinit2.o)
    0x080002b6   0x080002b6   0x00000000   Code   RO         4703    .ARM.Collect$$libinit$$00000023  c_w.l(libinit2.o)
    0x080002b6   0x080002b6   0x00000000   Code   RO         4705    .ARM.Collect$$libinit$$00000025  c_w.l(libinit2.o)
    0x080002b6   0x080002b6   0x00000000   Code   RO         4709    .ARM.Collect$$libinit$$0000002C  c_w.l(libinit2.o)
    0x080002b6   0x080002b6   0x00000000   Code   RO         4711    .ARM.Collect$$libinit$$0000002E  c_w.l(libinit2.o)
    0x080002b6   0x080002b6   0x00000000   Code   RO         4713    .ARM.Collect$$libinit$$00000030  c_w.l(libinit2.o)
    0x080002b6   0x080002b6   0x00000000   Code   RO         4715    .ARM.Collect$$libinit$$00000032  c_w.l(libinit2.o)
    0x080002b6   0x080002b6   0x00000002   Code   RO         4716    .ARM.Collect$$libinit$$00000033  c_w.l(libinit2.o)
    0x080002b8   0x080002b8   0x00000002   Code   RO         4966    .ARM.Collect$$libshutdown$$00000000  c_w.l(libshutdown.o)
    0x080002ba   0x080002ba   0x00000000   Code   RO         4922    .ARM.Collect$$libshutdown$$00000002  c_w.l(libshutdown2.o)
    0x080002ba   0x080002ba   0x00000000   Code   RO         4924    .ARM.Collect$$libshutdown$$00000004  c_w.l(libshutdown2.o)
    0x080002ba   0x080002ba   0x00000000   Code   RO         4926    .ARM.Collect$$libshutdown$$00000006  c_w.l(libshutdown2.o)
    0x080002ba   0x080002ba   0x00000000   Code   RO         4929    .ARM.Collect$$libshutdown$$00000009  c_w.l(libshutdown2.o)
    0x080002ba   0x080002ba   0x00000000   Code   RO         4932    .ARM.Collect$$libshutdown$$0000000C  c_w.l(libshutdown2.o)
    0x080002ba   0x080002ba   0x00000000   Code   RO         4934    .ARM.Collect$$libshutdown$$0000000E  c_w.l(libshutdown2.o)
    0x080002ba   0x080002ba   0x00000000   Code   RO         4937    .ARM.Collect$$libshutdown$$00000011  c_w.l(libshutdown2.o)
    0x080002ba   0x080002ba   0x00000002   Code   RO         4938    .ARM.Collect$$libshutdown$$00000012  c_w.l(libshutdown2.o)
    0x080002bc   0x080002bc   0x00000000   Code   RO         4591    .ARM.Collect$$rtentry$$00000000  c_w.l(__rtentry.o)
    0x080002bc   0x080002bc   0x00000000   Code   RO         4779    .ARM.Collect$$rtentry$$00000002  c_w.l(__rtentry2.o)
    0x080002bc   0x080002bc   0x00000006   Code   RO         4791    .ARM.Collect$$rtentry$$00000004  c_w.l(__rtentry4.o)
    0x080002c2   0x080002c2   0x00000000   Code   RO         4781    .ARM.Collect$$rtentry$$00000009  c_w.l(__rtentry2.o)
    0x080002c2   0x080002c2   0x00000004   Code   RO         4782    .ARM.Collect$$rtentry$$0000000A  c_w.l(__rtentry2.o)
    0x080002c6   0x080002c6   0x00000000   Code   RO         4784    .ARM.Collect$$rtentry$$0000000C  c_w.l(__rtentry2.o)
    0x080002c6   0x080002c6   0x00000008   Code   RO         4785    .ARM.Collect$$rtentry$$0000000D  c_w.l(__rtentry2.o)
    0x080002ce   0x080002ce   0x00000002   Code   RO         4906    .ARM.Collect$$rtexit$$00000000  c_w.l(rtexit.o)
    0x080002d0   0x080002d0   0x00000000   Code   RO         4942    .ARM.Collect$$rtexit$$00000002  c_w.l(rtexit2.o)
    0x080002d0   0x080002d0   0x00000004   Code   RO         4943    .ARM.Collect$$rtexit$$00000003  c_w.l(rtexit2.o)
    0x080002d4   0x080002d4   0x00000006   Code   RO         4944    .ARM.Collect$$rtexit$$00000004  c_w.l(rtexit2.o)
    0x080002da   0x080002da   0x00000002   PAD
    0x080002dc   0x080002dc   0x00000000   Code   RO         4802    .emb_text           c_w.l(maybetermalloc1.o)
    0x080002dc   0x080002dc   0x00000040   Code   RO            4    .text               startup_stm32f407xx.o
    0x0800031c   0x0800031c   0x0000005e   Code   RO         4404    .text               c_w.l(h1_alloc.o)
    0x0800037a   0x0800037a   0x0000004e   Code   RO         4406    .text               c_w.l(h1_free.o)
    0x080003c8   0x080003c8   0x000000ee   Code   RO         4462    .text               c_w.l(lludivv7m.o)
    0x080004b6   0x080004b6   0x00000002   PAD
    0x080004b8   0x080004b8   0x00000034   Code   RO         4466    .text               c_w.l(vsnprintf.o)
    0x080004ec   0x080004ec   0x00000038   Code   RO         4468    .text               c_w.l(__2snprintf.o)
    0x08000524   0x08000524   0x0000004e   Code   RO         4474    .text               c_w.l(_printf_pad.o)
    0x08000572   0x08000572   0x00000052   Code   RO         4476    .text               c_w.l(_printf_str.o)
    0x080005c4   0x080005c4   0x00000078   Code   RO         4478    .text               c_w.l(_printf_dec.o)
    0x0800063c   0x0800063c   0x00000094   Code   RO         4498    .text               c_w.l(_printf_hex_int_ll_ptr.o)
    0x080006d0   0x080006d0   0x00000188   Code   RO         4518    .text               c_w.l(__printf_flags_ss_wp.o)
    0x08000858   0x08000858   0x00000048   Code   RO         4525    .text               c_w.l(strcpy.o)
    0x080008a0   0x080008a0   0x0000003e   Code   RO         4527    .text               c_w.l(strlen.o)
    0x080008de   0x080008de   0x0000008a   Code   RO         4529    .text               c_w.l(rt_memcpy_v6.o)
    0x08000968   0x08000968   0x0000004e   Code   RO         4531    .text               c_w.l(rt_memclr_w.o)
    0x080009b6   0x080009b6   0x00000002   PAD
    0x080009b8   0x080009b8   0x00000080   Code   RO         4533    .text               c_w.l(strcmpv7m.o)
    0x08000a38   0x08000a38   0x00000006   Code   RO         4535    .text               c_w.l(heapauxi.o)
    0x08000a3e   0x08000a3e   0x00000002   PAD
    0x08000a40   0x08000a40   0x00000008   Code   RO         4599    .text               c_w.l(rt_heap_descriptor_intlibspace.o)
    0x08000a48   0x08000a48   0x00000004   Code   RO         4601    .text               c_w.l(hguard.o)
    0x08000a4c   0x08000a4c   0x0000008a   Code   RO         4603    .text               c_w.l(init_alloc.o)
    0x08000ad6   0x08000ad6   0x0000000e   Code   RO         4607    .text               c_w.l(h1_init.o)
    0x08000ae4   0x08000ae4   0x00000024   Code   RO         4623    .text               c_w.l(_printf_truncate.o)
    0x08000b08   0x08000b08   0x000000b2   Code   RO         4625    .text               c_w.l(_printf_intcommon.o)
    0x08000bba   0x08000bba   0x00000028   Code   RO         4627    .text               c_w.l(_printf_charcount.o)
    0x08000be2   0x08000be2   0x00000002   PAD
    0x08000be4   0x08000be4   0x00000030   Code   RO         4629    .text               c_w.l(_printf_char_common.o)
    0x08000c14   0x08000c14   0x0000000a   Code   RO         4631    .text               c_w.l(_sputc.o)
    0x08000c1e   0x08000c1e   0x00000010   Code   RO         4633    .text               c_w.l(_snputc.o)
    0x08000c2e   0x08000c2e   0x0000002c   Code   RO         4635    .text               c_w.l(_printf_char.o)
    0x08000c5a   0x08000c5a   0x00000002   PAD
    0x08000c5c   0x08000c5c   0x000000bc   Code   RO         4637    .text               c_w.l(_printf_wctomb.o)
    0x08000d18   0x08000d18   0x0000007c   Code   RO         4640    .text               c_w.l(_printf_longlong_dec.o)
    0x08000d94   0x08000d94   0x00000070   Code   RO         4646    .text               c_w.l(_printf_oct_int_ll.o)
    0x08000e04   0x08000e04   0x00000064   Code   RO         4668    .text               c_w.l(rt_memcpy_w.o)
    0x08000e68   0x08000e68   0x00000008   Code   RO         4775    .text               c_w.l(libspace.o)
    0x08000e70   0x08000e70   0x00000034   Code   RO         4804    .text               c_w.l(h1_extend.o)
    0x08000ea4   0x08000ea4   0x0000008a   Code   RO         4808    .text               c_w.l(lludiv10.o)
    0x08000f2e   0x08000f2e   0x0000041e   Code   RO         4810    .text               c_w.l(_printf_fp_dec.o)
    0x0800134c   0x0800134c   0x000002fc   Code   RO         4812    .text               c_w.l(_printf_fp_hex.o)
    0x08001648   0x08001648   0x0000002c   Code   RO         4817    .text               c_w.l(_printf_wchar.o)
    0x08001674   0x08001674   0x00000040   Code   RO         4819    .text               c_w.l(_wcrtomb.o)
    0x080016b4   0x080016b4   0x0000000e   Code   RO         4821    .text               c_w.l(defsig_rtmem_outer.o)
    0x080016c2   0x080016c2   0x00000002   Code   RO         4836    .text               c_w.l(use_no_semi.o)
    0x080016c4   0x080016c4   0x00000000   Code   RO         4838    .text               c_w.l(indicate_semi.o)
    0x080016c4   0x080016c4   0x0000004a   Code   RO         4839    .text               c_w.l(sys_stackheap_outer.o)
    0x0800170e   0x0800170e   0x00000002   PAD
    0x08001710   0x08001710   0x00000010   Code   RO         4841    .text               c_w.l(rt_ctype_table.o)
    0x08001720   0x08001720   0x00000008   Code   RO         4848    .text               c_w.l(rt_locale_intlibspace.o)
    0x08001728   0x08001728   0x00000080   Code   RO         4852    .text               c_w.l(_printf_fp_infnan.o)
    0x080017a8   0x080017a8   0x000000e4   Code   RO         4854    .text               c_w.l(bigflt0.o)
    0x0800188c   0x0800188c   0x00000012   Code   RO         4882    .text               c_w.l(exit.o)
    0x0800189e   0x0800189e   0x0000000a   Code   RO         4884    .text               c_w.l(defsig_exit.o)
    0x080018a8   0x080018a8   0x00000050   Code   RO         4890    .text               c_w.l(defsig_rtmem_inner.o)
    0x080018f8   0x080018f8   0x0000000c   Code   RO         4904    .text               c_w.l(sys_exit.o)
    0x08001904   0x08001904   0x00000032   Code   RO         4917    .text               c_w.l(defsig_general.o)
    0x08001936   0x08001936   0x0000000e   Code   RO         4939    .text               c_w.l(sys_wrch.o)
    0x08001944   0x08001944   0x0000003e   Code   RO         4857    CL$$btod_d2e        c_w.l(btod.o)
    0x08001982   0x08001982   0x00000046   Code   RO         4859    CL$$btod_d2e_denorm_low  c_w.l(btod.o)
    0x080019c8   0x080019c8   0x00000060   Code   RO         4858    CL$$btod_d2e_norm_op1  c_w.l(btod.o)
    0x08001a28   0x08001a28   0x00000338   Code   RO         4867    CL$$btod_div_common  c_w.l(btod.o)
    0x08001d60   0x08001d60   0x000000dc   Code   RO         4864    CL$$btod_e2e        c_w.l(btod.o)
    0x08001e3c   0x08001e3c   0x0000002a   Code   RO         4861    CL$$btod_ediv       c_w.l(btod.o)
    0x08001e66   0x08001e66   0x0000002a   Code   RO         4860    CL$$btod_emul       c_w.l(btod.o)
    0x08001e90   0x08001e90   0x00000244   Code   RO         4866    CL$$btod_mult_common  c_w.l(btod.o)
    0x080020d4   0x080020d4   0x00000002   Code   RO         1040    i.BusFault_Handler  stm32f4xx_it.o
    0x080020d6   0x080020d6   0x00000002   PAD
    0x080020d8   0x080020d8   0x0000000c   Code   RO         1041    i.CAN1_RX0_IRQHandler  stm32f4xx_it.o
    0x080020e4   0x080020e4   0x0000000c   Code   RO         1042    i.CAN1_TX_IRQHandler  stm32f4xx_it.o
    0x080020f0   0x080020f0   0x0000000c   Code   RO         1043    i.DMA2_Stream2_IRQHandler  stm32f4xx_it.o
    0x080020fc   0x080020fc   0x0000000c   Code   RO         1044    i.DMA2_Stream7_IRQHandler  stm32f4xx_it.o
    0x08002108   0x08002108   0x00000028   Code   RO         1881    i.DMA_CalcBaseAndBitshift  stm32f4xx_hal_dma.o
    0x08002130   0x08002130   0x00000054   Code   RO         1882    i.DMA_CheckFifoParam  stm32f4xx_hal_dma.o
    0x08002184   0x08002184   0x00000028   Code   RO         1883    i.DMA_SetConfig     stm32f4xx_hal_dma.o
    0x080021ac   0x080021ac   0x00000002   Code   RO         1045    i.DebugMon_Handler  stm32f4xx_it.o
    0x080021ae   0x080021ae   0x00000004   Code   RO          739    i.Error_Handler     main.o
    0x080021b2   0x080021b2   0x00000002   Code   RO         1194    i.HAL_CAN_ErrorCallback  stm32f4xx_hal_can.o
    0x080021b4   0x080021b4   0x000000f4   Code   RO         1197    i.HAL_CAN_GetRxMessage  stm32f4xx_hal_can.o
    0x080022a8   0x080022a8   0x000001fc   Code   RO         1201    i.HAL_CAN_IRQHandler  stm32f4xx_hal_can.o
    0x080024a4   0x080024a4   0x0000011a   Code   RO         1202    i.HAL_CAN_Init      stm32f4xx_hal_can.o
    0x080025be   0x080025be   0x00000002   PAD
    0x080025c0   0x080025c0   0x00000088   Code   RO          824    i.HAL_CAN_MspInit   can.o
    0x08002648   0x08002648   0x00000002   Code   RO         1209    i.HAL_CAN_RxFifo0FullCallback  stm32f4xx_hal_can.o
    0x0800264a   0x0800264a   0x00000002   PAD
    0x0800264c   0x0800264c   0x0000013c   Code   RO          678    i.HAL_CAN_RxFifo0MsgPendingCallback  my_can.o
    0x08002788   0x08002788   0x00000002   Code   RO         1211    i.HAL_CAN_RxFifo1FullCallback  stm32f4xx_hal_can.o
    0x0800278a   0x0800278a   0x00000002   Code   RO         1212    i.HAL_CAN_RxFifo1MsgPendingCallback  stm32f4xx_hal_can.o
    0x0800278c   0x0800278c   0x00000002   Code   RO         1213    i.HAL_CAN_SleepCallback  stm32f4xx_hal_can.o
    0x0800278e   0x0800278e   0x00000002   Code   RO         1216    i.HAL_CAN_TxMailbox0AbortCallback  stm32f4xx_hal_can.o
    0x08002790   0x08002790   0x00000002   Code   RO         1217    i.HAL_CAN_TxMailbox0CompleteCallback  stm32f4xx_hal_can.o
    0x08002792   0x08002792   0x00000002   Code   RO         1218    i.HAL_CAN_TxMailbox1AbortCallback  stm32f4xx_hal_can.o
    0x08002794   0x08002794   0x00000002   Code   RO         1219    i.HAL_CAN_TxMailbox1CompleteCallback  stm32f4xx_hal_can.o
    0x08002796   0x08002796   0x00000002   Code   RO         1220    i.HAL_CAN_TxMailbox2AbortCallback  stm32f4xx_hal_can.o
    0x08002798   0x08002798   0x00000002   Code   RO         1221    i.HAL_CAN_TxMailbox2CompleteCallback  stm32f4xx_hal_can.o
    0x0800279a   0x0800279a   0x00000002   Code   RO         1223    i.HAL_CAN_WakeUpFromRxMsgCallback  stm32f4xx_hal_can.o
    0x0800279c   0x0800279c   0x00000092   Code   RO         1884    i.HAL_DMA_Abort     stm32f4xx_hal_dma.o
    0x0800282e   0x0800282e   0x00000024   Code   RO         1885    i.HAL_DMA_Abort_IT  stm32f4xx_hal_dma.o
    0x08002852   0x08002852   0x00000002   PAD
    0x08002854   0x08002854   0x000001a0   Code   RO         1889    i.HAL_DMA_IRQHandler  stm32f4xx_hal_dma.o
    0x080029f4   0x080029f4   0x000000d4   Code   RO         1890    i.HAL_DMA_Init      stm32f4xx_hal_dma.o
    0x08002ac8   0x08002ac8   0x0000006e   Code   RO         1894    i.HAL_DMA_Start_IT  stm32f4xx_hal_dma.o
    0x08002b36   0x08002b36   0x00000002   PAD
    0x08002b38   0x08002b38   0x00000024   Code   RO         2321    i.HAL_Delay         stm32f4xx_hal.o
    0x08002b5c   0x08002b5c   0x000001f0   Code   RO         1777    i.HAL_GPIO_Init     stm32f4xx_hal_gpio.o
    0x08002d4c   0x08002d4c   0x0000000a   Code   RO         1779    i.HAL_GPIO_ReadPin  stm32f4xx_hal_gpio.o
    0x08002d56   0x08002d56   0x00000010   Code   RO         1780    i.HAL_GPIO_TogglePin  stm32f4xx_hal_gpio.o
    0x08002d66   0x08002d66   0x0000000a   Code   RO         1781    i.HAL_GPIO_WritePin  stm32f4xx_hal_gpio.o
    0x08002d70   0x08002d70   0x0000000c   Code   RO         2327    i.HAL_GetTick       stm32f4xx_hal.o
    0x08002d7c   0x08002d7c   0x00000188   Code   RO         2583    i.HAL_I2C_Init      stm32f4xx_hal_i2c.o
    0x08002f04   0x08002f04   0x0000012c   Code   RO         2596    i.HAL_I2C_Master_Transmit  stm32f4xx_hal_i2c.o
    0x08003030   0x08003030   0x000000ac   Code   RO          890    i.HAL_I2C_MspInit   i2c.o
    0x080030dc   0x080030dc   0x00000010   Code   RO         2333    i.HAL_IncTick       stm32f4xx_hal.o
    0x080030ec   0x080030ec   0x00000034   Code   RO         2334    i.HAL_Init          stm32f4xx_hal.o
    0x08003120   0x08003120   0x00000040   Code   RO         2335    i.HAL_InitTick      stm32f4xx_hal.o
    0x08003160   0x08003160   0x00000030   Code   RO         1164    i.HAL_MspInit       stm32f4xx_hal_msp.o
    0x08003190   0x08003190   0x0000001a   Code   RO         2169    i.HAL_NVIC_EnableIRQ  stm32f4xx_hal_cortex.o
    0x080031aa   0x080031aa   0x00000002   PAD
    0x080031ac   0x080031ac   0x00000040   Code   RO         2175    i.HAL_NVIC_SetPriority  stm32f4xx_hal_cortex.o
    0x080031ec   0x080031ec   0x00000024   Code   RO         2176    i.HAL_NVIC_SetPriorityGrouping  stm32f4xx_hal_cortex.o
    0x08003210   0x08003210   0x00000134   Code   RO         1423    i.HAL_RCC_ClockConfig  stm32f4xx_hal_rcc.o
    0x08003344   0x08003344   0x00000020   Code   RO         1430    i.HAL_RCC_GetPCLK1Freq  stm32f4xx_hal_rcc.o
    0x08003364   0x08003364   0x00000020   Code   RO         1431    i.HAL_RCC_GetPCLK2Freq  stm32f4xx_hal_rcc.o
    0x08003384   0x08003384   0x00000060   Code   RO         1432    i.HAL_RCC_GetSysClockFreq  stm32f4xx_hal_rcc.o
    0x080033e4   0x080033e4   0x0000036c   Code   RO         1435    i.HAL_RCC_OscConfig  stm32f4xx_hal_rcc.o
    0x08003750   0x08003750   0x00000028   Code   RO         2180    i.HAL_SYSTICK_Config  stm32f4xx_hal_cortex.o
    0x08003778   0x08003778   0x00000002   Code   RO         3733    i.HAL_TIMEx_BreakCallback  stm32f4xx_hal_tim_ex.o
    0x0800377a   0x0800377a   0x00000002   Code   RO         3734    i.HAL_TIMEx_CommutCallback  stm32f4xx_hal_tim_ex.o
    0x0800377c   0x0800377c   0x00000090   Code   RO         3752    i.HAL_TIMEx_MasterConfigSynchronization  stm32f4xx_hal_tim_ex.o
    0x0800380c   0x0800380c   0x0000005a   Code   RO         3029    i.HAL_TIM_Base_Init  stm32f4xx_hal_tim.o
    0x08003866   0x08003866   0x00000002   PAD
    0x08003868   0x08003868   0x00000054   Code   RO          938    i.HAL_TIM_Base_MspInit  tim.o
    0x080038bc   0x080038bc   0x00000080   Code   RO         3034    i.HAL_TIM_Base_Start_IT  stm32f4xx_hal_tim.o
    0x0800393c   0x0800393c   0x000000dc   Code   RO         3038    i.HAL_TIM_ConfigClockSource  stm32f4xx_hal_tim.o
    0x08003a18   0x08003a18   0x00000002   Code   RO         3063    i.HAL_TIM_IC_CaptureCallback  stm32f4xx_hal_tim.o
    0x08003a1a   0x08003a1a   0x00000130   Code   RO         3077    i.HAL_TIM_IRQHandler  stm32f4xx_hal_tim.o
    0x08003b4a   0x08003b4a   0x00000002   PAD
    0x08003b4c   0x08003b4c   0x00000050   Code   RO          939    i.HAL_TIM_MspPostInit  tim.o
    0x08003b9c   0x08003b9c   0x00000002   Code   RO         3080    i.HAL_TIM_OC_DelayElapsedCallback  stm32f4xx_hal_tim.o
    0x08003b9e   0x08003b9e   0x000000cc   Code   RO         3101    i.HAL_TIM_PWM_ConfigChannel  stm32f4xx_hal_tim.o
    0x08003c6a   0x08003c6a   0x0000005a   Code   RO         3104    i.HAL_TIM_PWM_Init  stm32f4xx_hal_tim.o
    0x08003cc4   0x08003cc4   0x00000002   Code   RO         3106    i.HAL_TIM_PWM_MspInit  stm32f4xx_hal_tim.o
    0x08003cc6   0x08003cc6   0x00000002   Code   RO         3107    i.HAL_TIM_PWM_PulseFinishedCallback  stm32f4xx_hal_tim.o
    0x08003cc8   0x08003cc8   0x00000040   Code   RO         1046    i.HAL_TIM_PeriodElapsedCallback  stm32f4xx_it.o
    0x08003d08   0x08003d08   0x00000002   Code   RO         3120    i.HAL_TIM_TriggerCallback  stm32f4xx_hal_tim.o
    0x08003d0a   0x08003d0a   0x00000002   Code   RO         4012    i.HAL_UARTEx_RxEventCallback  stm32f4xx_hal_uart.o
    0x08003d0c   0x08003d0c   0x00000070   Code   RO         4024    i.HAL_UART_DMAStop  stm32f4xx_hal_uart.o
    0x08003d7c   0x08003d7c   0x00000002   Code   RO         4026    i.HAL_UART_ErrorCallback  stm32f4xx_hal_uart.o
    0x08003d7e   0x08003d7e   0x00000002   PAD
    0x08003d80   0x08003d80   0x00000060   Code   RO         1047    i.HAL_UART_IDLECallback  stm32f4xx_it.o
    0x08003de0   0x08003de0   0x00000280   Code   RO         4029    i.HAL_UART_IRQHandler  stm32f4xx_hal_uart.o
    0x08004060   0x08004060   0x00000064   Code   RO         4030    i.HAL_UART_Init     stm32f4xx_hal_uart.o
    0x080040c4   0x080040c4   0x000000e8   Code   RO          992    i.HAL_UART_MspInit  usart.o
    0x080041ac   0x080041ac   0x0000001c   Code   RO         4034    i.HAL_UART_Receive_DMA  stm32f4xx_hal_uart.o
    0x080041c8   0x080041c8   0x00000002   Code   RO         4036    i.HAL_UART_RxCpltCallback  stm32f4xx_hal_uart.o
    0x080041ca   0x080041ca   0x00000002   Code   RO         4037    i.HAL_UART_RxHalfCpltCallback  stm32f4xx_hal_uart.o
    0x080041cc   0x080041cc   0x00000084   Code   RO         4039    i.HAL_UART_Transmit_DMA  stm32f4xx_hal_uart.o
    0x08004250   0x08004250   0x00000002   Code   RO         4041    i.HAL_UART_TxCpltCallback  stm32f4xx_hal_uart.o
    0x08004252   0x08004252   0x00000002   Code   RO         4042    i.HAL_UART_TxHalfCpltCallback  stm32f4xx_hal_uart.o
    0x08004254   0x08004254   0x00000002   Code   RO         1048    i.HardFault_Handler  stm32f4xx_it.o
    0x08004256   0x08004256   0x0000002e   Code   RO         2626    i.I2C_IsAcknowledgeFailed  stm32f4xx_hal_i2c.o
    0x08004284   0x08004284   0x0000009c   Code   RO         2630    i.I2C_MasterRequestWrite  stm32f4xx_hal_i2c.o
    0x08004320   0x08004320   0x00000056   Code   RO         2641    i.I2C_WaitOnBTFFlagUntilTimeout  stm32f4xx_hal_i2c.o
    0x08004376   0x08004376   0x00000002   PAD
    0x08004378   0x08004378   0x00000090   Code   RO         2642    i.I2C_WaitOnFlagUntilTimeout  stm32f4xx_hal_i2c.o
    0x08004408   0x08004408   0x000000bc   Code   RO         2643    i.I2C_WaitOnMasterAddressFlagUntilTimeout  stm32f4xx_hal_i2c.o
    0x080044c4   0x080044c4   0x00000056   Code   RO         2645    i.I2C_WaitOnTXEFlagUntilTimeout  stm32f4xx_hal_i2c.o
    0x0800451a   0x0800451a   0x00000002   PAD
    0x0800451c   0x0800451c   0x00000020   Code   RO           13    i.Key_Check         my_key.o
    0x0800453c   0x0800453c   0x00000018   Code   RO           14    i.Key_GetState      my_key.o
    0x08004554   0x08004554   0x00000134   Code   RO           15    i.Key_Tick          my_key.o
    0x08004688   0x08004688   0x00000048   Code   RO          825    i.MX_CAN1_Init      can.o
    0x080046d0   0x080046d0   0x0000003c   Code   RO          865    i.MX_DMA_Init       dma.o
    0x0800470c   0x0800470c   0x000000a0   Code   RO          799    i.MX_GPIO_Init      gpio.o
    0x080047ac   0x080047ac   0x00000040   Code   RO          891    i.MX_I2C1_Init      i2c.o
    0x080047ec   0x080047ec   0x00000040   Code   RO          892    i.MX_I2C2_Init      i2c.o
    0x0800482c   0x0800482c   0x00000068   Code   RO          940    i.MX_TIM1_Init      tim.o
    0x08004894   0x08004894   0x000000b4   Code   RO          941    i.MX_TIM2_Init      tim.o
    0x08004948   0x08004948   0x00000050   Code   RO          993    i.MX_USART1_UART_Init  usart.o
    0x08004998   0x08004998   0x00000002   Code   RO         1049    i.MemManage_Handler  stm32f4xx_it.o
    0x0800499a   0x0800499a   0x00000002   Code   RO         1050    i.NMI_Handler       stm32f4xx_it.o
    0x0800499c   0x0800499c   0x0000005c   Code   RO          445    i.OLED_ClearArea    oled.o
    0x080049f8   0x080049f8   0x00000022   Code   RO          460    i.OLED_SetCursor    oled.o
    0x08004a1a   0x08004a1a   0x00000002   PAD
    0x08004a1c   0x08004a1c   0x0000003c   Code   RO          462    i.OLED_ShowChar     oled.o
    0x08004a58   0x08004a58   0x000000c0   Code   RO          465    i.OLED_ShowImage    oled.o
    0x08004b18   0x08004b18   0x000000dc   Code   RO          468    i.OLED_ShowString   oled.o
    0x08004bf4   0x08004bf4   0x0000009c   Code   RO          679    i.OLED_Show_CAN_Data_Str  my_can.o
    0x08004c90   0x08004c90   0x00000028   Code   RO          469    i.OLED_Update       oled.o
    0x08004cb8   0x08004cb8   0x00000024   Code   RO          471    i.OLED_WriteCommand  oled.o
    0x08004cdc   0x08004cdc   0x00000040   Code   RO          472    i.OLED_WriteData    oled.o
    0x08004d1c   0x08004d1c   0x00000002   Code   RO         1051    i.PendSV_Handler    stm32f4xx_it.o
    0x08004d1e   0x08004d1e   0x00000004   Code   RO          209    i.SEGGER_RTT_Init   segger_rtt.o
    0x08004d22   0x08004d22   0x00000002   PAD
    0x08004d24   0x08004d24   0x00000038   Code   RO          222    i.SEGGER_RTT_Write  segger_rtt.o
    0x08004d5c   0x08004d5c   0x0000005c   Code   RO          223    i.SEGGER_RTT_WriteNoLock  segger_rtt.o
    0x08004db8   0x08004db8   0x0000001a   Code   RO          225    i.SEGGER_RTT_WriteString  segger_rtt.o
    0x08004dd2   0x08004dd2   0x00000002   Code   RO         1052    i.SVC_Handler       stm32f4xx_it.o
    0x08004dd4   0x08004dd4   0x00000004   Code   RO         1053    i.SysTick_Handler   stm32f4xx_it.o
    0x08004dd8   0x08004dd8   0x00000094   Code   RO          740    i.SystemClock_Config  main.o
    0x08004e6c   0x08004e6c   0x00000010   Code   RO         4364    i.SystemInit        system_stm32f4xx.o
    0x08004e7c   0x08004e7c   0x0000000c   Code   RO         1054    i.TIM1_UP_TIM10_IRQHandler  stm32f4xx_it.o
    0x08004e88   0x08004e88   0x000000d0   Code   RO         3122    i.TIM_Base_SetConfig  stm32f4xx_hal_tim.o
    0x08004f58   0x08004f58   0x00000014   Code   RO         3133    i.TIM_ETR_SetConfig  stm32f4xx_hal_tim.o
    0x08004f6c   0x08004f6c   0x00000010   Code   RO         3134    i.TIM_ITRx_SetConfig  stm32f4xx_hal_tim.o
    0x08004f7c   0x08004f7c   0x00000060   Code   RO         3135    i.TIM_OC1_SetConfig  stm32f4xx_hal_tim.o
    0x08004fdc   0x08004fdc   0x0000006c   Code   RO         3136    i.TIM_OC2_SetConfig  stm32f4xx_hal_tim.o
    0x08005048   0x08005048   0x00000068   Code   RO         3137    i.TIM_OC3_SetConfig  stm32f4xx_hal_tim.o
    0x080050b0   0x080050b0   0x00000050   Code   RO         3138    i.TIM_OC4_SetConfig  stm32f4xx_hal_tim.o
    0x08005100   0x08005100   0x00000022   Code   RO         3140    i.TIM_TI1_ConfigInputStage  stm32f4xx_hal_tim.o
    0x08005122   0x08005122   0x00000024   Code   RO         3142    i.TIM_TI2_ConfigInputStage  stm32f4xx_hal_tim.o
    0x08005146   0x08005146   0x0000000e   Code   RO         4043    i.UART_DMAAbortOnError  stm32f4xx_hal_uart.o
    0x08005154   0x08005154   0x0000004a   Code   RO         4044    i.UART_DMAError     stm32f4xx_hal_uart.o
    0x0800519e   0x0800519e   0x00000086   Code   RO         4045    i.UART_DMAReceiveCplt  stm32f4xx_hal_uart.o
    0x08005224   0x08005224   0x0000001e   Code   RO         4047    i.UART_DMARxHalfCplt  stm32f4xx_hal_uart.o
    0x08005242   0x08005242   0x00000042   Code   RO         4049    i.UART_DMATransmitCplt  stm32f4xx_hal_uart.o
    0x08005284   0x08005284   0x0000000a   Code   RO         4051    i.UART_DMATxHalfCplt  stm32f4xx_hal_uart.o
    0x0800528e   0x0800528e   0x0000004e   Code   RO         4053    i.UART_EndRxTransfer  stm32f4xx_hal_uart.o
    0x080052dc   0x080052dc   0x0000001c   Code   RO         4054    i.UART_EndTxTransfer  stm32f4xx_hal_uart.o
    0x080052f8   0x080052f8   0x000000c2   Code   RO         4055    i.UART_Receive_IT   stm32f4xx_hal_uart.o
    0x080053ba   0x080053ba   0x00000002   PAD
    0x080053bc   0x080053bc   0x0000010c   Code   RO         4056    i.UART_SetConfig    stm32f4xx_hal_uart.o
    0x080054c8   0x080054c8   0x000000a0   Code   RO         4057    i.UART_Start_Receive_DMA  stm32f4xx_hal_uart.o
    0x08005568   0x08005568   0x0000002c   Code   RO         1055    i.USART1_IRQHandler  stm32f4xx_it.o
    0x08005594   0x08005594   0x00000002   Code   RO         1056    i.UsageFault_Handler  stm32f4xx_it.o
    0x08005596   0x08005596   0x00000002   PAD
    0x08005598   0x08005598   0x00000068   Code   RO          227    i._DoInit           segger_rtt.o
    0x08005600   0x08005600   0x00000016   Code   RO          228    i._GetAvailWriteSpace  segger_rtt.o
    0x08005616   0x08005616   0x0000005a   Code   RO          230    i._WriteBlocking    segger_rtt.o
    0x08005670   0x08005670   0x00000042   Code   RO          231    i._WriteNoCheck     segger_rtt.o
    0x080056b2   0x080056b2   0x00000030   Code   RO         4832    i.__ARM_fpclassify  m_wm.l(fpclassify.o)
    0x080056e2   0x080056e2   0x00000020   Code   RO         2182    i.__NVIC_SetPriority  stm32f4xx_hal_cortex.o
    0x08005702   0x08005702   0x0000000e   Code   RO         4511    i._is_digit         c_w.l(__printf_wp.o)
    0x08005710   0x08005710   0x00000098   Code   RO          741    i.main              main.o
    0x080057a8   0x080057a8   0x00000058   Code   RO          994    i.my_data_analysis  usart.o
    0x08005800   0x08005800   0x00000038   Code   RO          742    i.rtt_printf        main.o
    0x08005838   0x08005838   0x0000002c   Code   RO         4880    locale$$code        c_w.l(lc_numeric_c.o)
    0x08005864   0x08005864   0x0000002c   Code   RO         4913    locale$$code        c_w.l(lc_ctype_c.o)
    0x08005890   0x08005890   0x0000000a   Code   RO         4830    x$fpl$fpinit        fz_wm.l(fpinit.o)
    0x0800589a   0x0800589a   0x00000004   Code   RO         4729    x$fpl$printf1       fz_wm.l(printf1.o)
    0x0800589e   0x0800589e   0x00000004   Code   RO         4731    x$fpl$printf2       fz_wm.l(printf2.o)
    0x080058a2   0x080058a2   0x00000000   Code   RO         4737    x$fpl$usenofp       fz_wm.l(usenofp.o)
    0x080058a2   0x080058a2   0x000005f0   Data   RO          656    .constdata          oled_data.o
    0x08005e92   0x08005e92   0x0000023a   Data   RO          657    .constdata          oled_data.o
    0x080060cc   0x080060cc   0x000000f5   Data   RO          658    .constdata          oled_data.o
    0x080061c1   0x080061c1   0x00000008   Data   RO         1896    .constdata          stm32f4xx_hal_dma.o
    0x080061c9   0x080061c9   0x00000010   Data   RO         4365    .constdata          system_stm32f4xx.o
    0x080061d9   0x080061d9   0x00000008   Data   RO         4366    .constdata          system_stm32f4xx.o
    0x080061e1   0x080061e1   0x00000028   Data   RO         4499    .constdata          c_w.l(_printf_hex_int_ll_ptr.o)
    0x08006209   0x08006209   0x00000011   Data   RO         4519    .constdata          c_w.l(__printf_flags_ss_wp.o)
    0x0800621a   0x0800621a   0x00000002   PAD
    0x0800621c   0x0800621c   0x00000008   Data   RO         4638    .constdata          c_w.l(_printf_wctomb.o)
    0x08006224   0x08006224   0x00000026   Data   RO         4813    .constdata          c_w.l(_printf_fp_hex.o)
    0x0800624a   0x0800624a   0x00000002   PAD
    0x0800624c   0x0800624c   0x00000094   Data   RO         4855    .constdata          c_w.l(bigflt0.o)
    0x080062e0   0x080062e0   0x00000020   Data   RO         4967    Region$$Table       anon$$obj.o
    0x08006300   0x08006300   0x0000001c   Data   RO         4879    locale$$data        c_w.l(lc_numeric_c.o)
    0x0800631c   0x0800631c   0x00000110   Data   RO         4912    locale$$data        c_w.l(lc_ctype_c.o)


    Execution Region RW_IRAM1 (Exec base: 0x20000000, Load base: 0x0800642c, Size: 0x000016b8, Max: 0x0001c000, ABSOLUTE)

    Exec Addr    Load Addr    Size         Type   Attr      Idx    E Section Name        Object

    0x20000000   0x0800642c   0x00000008   Data   RW           17    .data               my_key.o
    0x20000008   0x08006434   0x00000017   Data   RW          744    .data               main.o
    0x2000001f   0x0800644b   0x00000001   PAD
    0x20000020   0x0800644c   0x00000004   Data   RW          996    .data               usart.o
    0x20000024   0x08006450   0x0000000c   Data   RW         2341    .data               stm32f4xx_hal.o
    0x20000030   0x0800645c   0x00000004   Data   RW         4367    .data               system_stm32f4xx.o
    0x20000034        -       0x000004b8   Zero   RW          232    .bss                segger_rtt.o
    0x200004ec        -       0x00000400   Zero   RW          474    .bss                oled.o
    0x200008ec        -       0x00000028   Zero   RW          826    .bss                can.o
    0x20000914        -       0x000000a8   Zero   RW          893    .bss                i2c.o
    0x200009bc        -       0x00000090   Zero   RW          942    .bss                tim.o
    0x20000a4c        -       0x00000308   Zero   RW          995    .bss                usart.o
    0x20000d54        -       0x00000060   Zero   RW         4776    .bss                c_w.l(libspace.o)
    0x20000db4   0x08006460   0x00000004   PAD
    0x20000db8        -       0x00000500   Zero   RW            2    HEAP                startup_stm32f407xx.o
    0x200012b8        -       0x00000400   Zero   RW            1    STACK               startup_stm32f407xx.o


    Execution Region RW_IRAM2 (Exec base: 0x2001c000, Load base: 0x08006460, Size: 0x00000000, Max: 0x00004000, ABSOLUTE)

    **** No section assigned to this execution region ****


==============================================================================

Image component sizes


      Code (inc. data)   RO Data    RW Data    ZI Data      Debug   Object Name

       208         22          0          0         40       1769   can.o
        60          4          0          0          0        814   dma.o
       160         14          0          0          0       1027   gpio.o
       300         46          0          0        168       2442   i2c.o
       360         70          0         23          0       3173   main.o
       472        152          0          0          0       2745   my_can.o
       364         22          0          8          0     712859   my_key.o
       738         46          0          0       1024       6870   oled.o
         0          0       2335          0          0       1138   oled_data.o
       460         40          0          0       1208      10085   segger_rtt.o
        64         26        392          0       2304        860   startup_stm32f407xx.o
       180         28          0         12          0       9529   stm32f4xx_hal.o
      1058          0          0          0          0      10906   stm32f4xx_hal_can.o
       198         14          0          0          0      33903   stm32f4xx_hal_cortex.o
      1084         16          8          0          0       7482   stm32f4xx_hal_dma.o
       532         46          0          0          0       3576   stm32f4xx_hal_gpio.o
      1398         32          0          0          0       9493   stm32f4xx_hal_i2c.o
        48          6          0          0          0        890   stm32f4xx_hal_msp.o
      1344         72          0          0          0       5348   stm32f4xx_hal_rcc.o
      1748        108          0          0          0      15890   stm32f4xx_hal_tim.o
       148         28          0          0          0       2545   stm32f4xx_hal_tim_ex.o
      2080         40          0          0          0      16971   stm32f4xx_hal_uart.o
       284         86          0          0          0       9142   stm32f4xx_it.o
        16          4         24          4          0       1175   system_stm32f4xx.o
       448         30          0          0        144       3237   tim.o
       400         66          0          4        776       2774   usart.o

    ----------------------------------------------------------------------
     14182       1018       2791         52       5664     876643   Object Totals
         0          0         32          0          0          0   (incl. Generated)
        30          0          0          1          0          0   (incl. Padding)

    ----------------------------------------------------------------------

      Code (inc. data)   RO Data    RW Data    ZI Data      Debug   Library Member Name

        56          6          0          0          0         88   __2snprintf.o
         8          0          0          0          0         68   __main.o
       392          4         17          0          0         92   __printf_flags_ss_wp.o
        14          0          0          0          0         68   __printf_wp.o
         0          0          0          0          0          0   __rtentry.o
        12          0          0          0          0          0   __rtentry2.o
         6          0          0          0          0          0   __rtentry4.o
        52          8          0          0          0          0   __scatter.o
        26          0          0          0          0          0   __scatter_copy.o
        28          0          0          0          0          0   __scatter_zi.o
         6          0          0          0          0          0   _printf_a.o
         6          0          0          0          0          0   _printf_c.o
        44          0          0          0          0        108   _printf_char.o
        48          6          0          0          0         96   _printf_char_common.o
        40          0          0          0          0         68   _printf_charcount.o
         6          0          0          0          0          0   _printf_d.o
       120         16          0          0          0         92   _printf_dec.o
         6          0          0          0          0          0   _printf_e.o
         6          0          0          0          0          0   _printf_f.o
      1054          0          0          0          0        216   _printf_fp_dec.o
       764          8         38          0          0        100   _printf_fp_hex.o
       128         16          0          0          0         84   _printf_fp_infnan.o
         6          0          0          0          0          0   _printf_g.o
       148          4         40          0          0        160   _printf_hex_int_ll_ptr.o
         6          0          0          0          0          0   _printf_i.o
       178          0          0          0          0         88   _printf_intcommon.o
        10          0          0          0          0          0   _printf_l.o
         6          0          0          0          0          0   _printf_lc.o
        10          0          0          0          0          0   _printf_ll.o
         6          0          0          0          0          0   _printf_lld.o
         6          0          0          0          0          0   _printf_lli.o
         6          0          0          0          0          0   _printf_llo.o
         6          0          0          0          0          0   _printf_llu.o
         6          0          0          0          0          0   _printf_llx.o
       124         16          0          0          0         92   _printf_longlong_dec.o
         6          0          0          0          0          0   _printf_ls.o
         6          0          0          0          0          0   _printf_n.o
         6          0          0          0          0          0   _printf_o.o
       112         10          0          0          0        124   _printf_oct_int_ll.o
         6          0          0          0          0          0   _printf_p.o
        78          0          0          0          0        108   _printf_pad.o
         0          0          0          0          0          0   _printf_percent.o
         4          0          0          0          0          0   _printf_percent_end.o
         6          0          0          0          0          0   _printf_s.o
        82          0          0          0          0         80   _printf_str.o
        36          0          0          0          0         84   _printf_truncate.o
         6          0          0          0          0          0   _printf_u.o
        44          0          0          0          0        108   _printf_wchar.o
       188          6          8          0          0         92   _printf_wctomb.o
         6          0          0          0          0          0   _printf_x.o
        16          0          0          0          0         68   _snputc.o
        10          0          0          0          0         68   _sputc.o
        64          0          0          0          0         92   _wcrtomb.o
       228          4        148          0          0         96   bigflt0.o
      1936        128          0          0          0        672   btod.o
        10          0          0          0          0         68   defsig_exit.o
        50          0          0          0          0         88   defsig_general.o
        80         58          0          0          0         76   defsig_rtmem_inner.o
        14          0          0          0          0         80   defsig_rtmem_outer.o
        18          0          0          0          0         80   exit.o
        94          0          0          0          0         80   h1_alloc.o
        52          0          0          0          0         68   h1_extend.o
        78          0          0          0          0         80   h1_free.o
        14          0          0          0          0         84   h1_init.o
         6          0          0          0          0        152   heapauxi.o
         4          0          0          0          0        136   hguard.o
         0          0          0          0          0          0   indicate_semi.o
       138          0          0          0          0        168   init_alloc.o
        44         10        272          0          0         76   lc_ctype_c.o
        44         10         28          0          0         76   lc_numeric_c.o
         2          0          0          0          0          0   libinit.o
        42          0          0          0          0          0   libinit2.o
         2          0          0          0          0          0   libshutdown.o
         2          0          0          0          0          0   libshutdown2.o
         8          4          0          0         96         68   libspace.o
       138          0          0          0          0         80   lludiv10.o
       238          0          0          0          0        100   lludivv7m.o
         0          0          0          0          0          0   maybetermalloc1.o
        16          4          0          0          0         76   rt_ctype_table.o
         8          4          0          0          0         68   rt_heap_descriptor_intlibspace.o
         8          4          0          0          0         68   rt_locale_intlibspace.o
        78          0          0          0          0         80   rt_memclr_w.o
       138          0          0          0          0         68   rt_memcpy_v6.o
       100          0          0          0          0         80   rt_memcpy_w.o
         2          0          0          0          0          0   rtexit.o
        10          0          0          0          0          0   rtexit2.o
       128          0          0          0          0         68   strcmpv7m.o
        72          0          0          0          0         80   strcpy.o
        62          0          0          0          0         76   strlen.o
        12          4          0          0          0         68   sys_exit.o
        74          0          0          0          0         80   sys_stackheap_outer.o
        14          0          0          0          0         76   sys_wrch.o
         2          0          0          0          0         68   use_no_semi.o
        52          4          0          0          0         80   vsnprintf.o
        10          0          0          0          0        116   fpinit.o
         4          0          0          0          0        116   printf1.o
         4          0          0          0          0        116   printf2.o
         0          0          0          0          0          0   usenofp.o
        48          0          0          0          0        124   fpclassify.o

    ----------------------------------------------------------------------
      8116        334        555          0        100       6080   Library Totals
        16          0          4          0          4          0   (incl. Padding)

    ----------------------------------------------------------------------

      Code (inc. data)   RO Data    RW Data    ZI Data      Debug   Library Name

      8034        334        551          0         96       5608   c_w.l
        18          0          0          0          0        348   fz_wm.l
        48          0          0          0          0        124   m_wm.l

    ----------------------------------------------------------------------
      8116        334        555          0        100       6080   Library Totals

    ----------------------------------------------------------------------

==============================================================================


      Code (inc. data)   RO Data    RW Data    ZI Data      Debug   

     22298       1352       3346         52       5764     864651   Grand Totals
     22298       1352       3346         52       5764     864651   ELF Image Totals
     22298       1352       3346         52          0          0   ROM Totals

==============================================================================

    Total RO  Size (Code + RO Data)                25644 (  25.04kB)
    Total RW  Size (RW Data + ZI Data)              5816 (   5.68kB)
    Total ROM Size (Code + RO Data + RW Data)      25696 (  25.09kB)

==============================================================================

