Component: ARM Compiler 5.06 update 7 (build 960) Tool: armlink [4d3601]

==============================================================================

Section Cross References

    startup_stm32f103xb.o(RESET) refers to startup_stm32f103xb.o(STACK) for __initial_sp
    startup_stm32f103xb.o(RESET) refers to startup_stm32f103xb.o(.text) for Reset_Handler
    startup_stm32f103xb.o(RESET) refers to stm32f1xx_it.o(i.NMI_Handler) for NMI_Handler
    startup_stm32f103xb.o(RESET) refers to stm32f1xx_it.o(i.HardFault_Handler) for HardFault_Handler
    startup_stm32f103xb.o(RESET) refers to stm32f1xx_it.o(i.MemManage_Handler) for MemManage_Handler
    startup_stm32f103xb.o(RESET) refers to stm32f1xx_it.o(i.BusFault_Handler) for BusFault_Handler
    startup_stm32f103xb.o(RESET) refers to stm32f1xx_it.o(i.UsageFault_Handler) for UsageFault_Handler
    startup_stm32f103xb.o(RESET) refers to stm32f1xx_it.o(i.SVC_Handler) for SVC_Handler
    startup_stm32f103xb.o(RESET) refers to stm32f1xx_it.o(i.DebugMon_Handler) for DebugMon_Handler
    startup_stm32f103xb.o(RESET) refers to stm32f1xx_it.o(i.PendSV_Handler) for PendSV_Handler
    startup_stm32f103xb.o(RESET) refers to stm32f1xx_it.o(i.SysTick_Handler) for SysTick_Handler
    startup_stm32f103xb.o(RESET) refers to stm32f1xx_it.o(i.USB_HP_CAN1_TX_IRQHandler) for USB_HP_CAN1_TX_IRQHandler
    startup_stm32f103xb.o(RESET) refers to stm32f1xx_it.o(i.USB_LP_CAN1_RX0_IRQHandler) for USB_LP_CAN1_RX0_IRQHandler
    startup_stm32f103xb.o(RESET) refers to stm32f1xx_it.o(i.TIM1_UP_IRQHandler) for TIM1_UP_IRQHandler
    startup_stm32f103xb.o(RESET) refers to stm32f1xx_it.o(i.USART1_IRQHandler) for USART1_IRQHandler
    startup_stm32f103xb.o(.text) refers to system_stm32f1xx.o(i.SystemInit) for SystemInit
    startup_stm32f103xb.o(.text) refers to entry.o(.ARM.Collect$$$$00000000) for __main
    soft_iic.o(i.IIC_GPIO_Init) refers to stm32f1xx_hal_gpio.o(i.HAL_GPIO_Init) for HAL_GPIO_Init
    soft_iic.o(i.IIC_GPIO_Init) refers to soft_iic.o(i.IIC_W_SCL) for IIC_W_SCL
    soft_iic.o(i.IIC_GPIO_Init) refers to soft_iic.o(i.IIC_W_SDA) for IIC_W_SDA
    soft_iic.o(i.IIC_R_SDA) refers to stm32f1xx_hal_gpio.o(i.HAL_GPIO_ReadPin) for HAL_GPIO_ReadPin
    soft_iic.o(i.IIC_START) refers to soft_iic.o(i.IIC_W_SDA) for IIC_W_SDA
    soft_iic.o(i.IIC_START) refers to soft_iic.o(i.IIC_W_SCL) for IIC_W_SCL
    soft_iic.o(i.IIC_STOP) refers to soft_iic.o(i.IIC_W_SDA) for IIC_W_SDA
    soft_iic.o(i.IIC_STOP) refers to soft_iic.o(i.IIC_W_SCL) for IIC_W_SCL
    soft_iic.o(i.IIC_Send_Byte) refers to soft_iic.o(i.IIC_W_SDA) for IIC_W_SDA
    soft_iic.o(i.IIC_Send_Byte) refers to soft_iic.o(i.IIC_W_SCL) for IIC_W_SCL
    soft_iic.o(i.IIC_W_SCL) refers to stm32f1xx_hal_gpio.o(i.HAL_GPIO_WritePin) for HAL_GPIO_WritePin
    soft_iic.o(i.IIC_W_SDA) refers to stm32f1xx_hal_gpio.o(i.HAL_GPIO_WritePin) for HAL_GPIO_WritePin
    soft_iic.o(i.MyI2C_ReceiveAck) refers to soft_iic.o(i.IIC_W_SDA) for IIC_W_SDA
    soft_iic.o(i.MyI2C_ReceiveAck) refers to soft_iic.o(i.IIC_W_SCL) for IIC_W_SCL
    soft_iic.o(i.MyI2C_ReceiveAck) refers to soft_iic.o(i.IIC_R_SDA) for IIC_R_SDA
    soft_iic.o(i.MyI2C_ReceiveByte) refers to soft_iic.o(i.IIC_W_SDA) for IIC_W_SDA
    soft_iic.o(i.MyI2C_ReceiveByte) refers to soft_iic.o(i.IIC_W_SCL) for IIC_W_SCL
    soft_iic.o(i.MyI2C_ReceiveByte) refers to soft_iic.o(i.IIC_R_SDA) for IIC_R_SDA
    soft_iic.o(i.MyI2C_SendAck) refers to soft_iic.o(i.IIC_W_SDA) for IIC_W_SDA
    soft_iic.o(i.MyI2C_SendAck) refers to soft_iic.o(i.IIC_W_SCL) for IIC_W_SCL
    soft_iic.o(i.OLED_WriteCommand) refers to soft_iic.o(i.IIC_START) for IIC_START
    soft_iic.o(i.OLED_WriteCommand) refers to soft_iic.o(i.IIC_Send_Byte) for IIC_Send_Byte
    soft_iic.o(i.OLED_WriteCommand) refers to soft_iic.o(i.IIC_STOP) for IIC_STOP
    soft_iic.o(i.OLED_WriteData) refers to soft_iic.o(i.IIC_START) for IIC_START
    soft_iic.o(i.OLED_WriteData) refers to soft_iic.o(i.IIC_Send_Byte) for IIC_Send_Byte
    soft_iic.o(i.OLED_WriteData) refers to soft_iic.o(i.IIC_STOP) for IIC_STOP
    main.o(i.SystemClock_Config) refers to memseta.o(.text) for __aeabi_memclr4
    main.o(i.SystemClock_Config) refers to stm32f1xx_hal_rcc.o(i.HAL_RCC_OscConfig) for HAL_RCC_OscConfig
    main.o(i.SystemClock_Config) refers to stm32f1xx_hal_rcc.o(i.HAL_RCC_ClockConfig) for HAL_RCC_ClockConfig
    main.o(i.main) refers to stm32f1xx_hal.o(i.HAL_Init) for HAL_Init
    main.o(i.main) refers to main.o(i.SystemClock_Config) for SystemClock_Config
    main.o(i.main) refers to gpio.o(i.MX_GPIO_Init) for MX_GPIO_Init
    main.o(i.main) refers to can.o(i.MX_CAN_Init) for MX_CAN_Init
    main.o(i.main) refers to tim.o(i.MX_TIM1_Init) for MX_TIM1_Init
    main.o(i.main) refers to usart.o(i.MX_USART1_UART_Init) for MX_USART1_UART_Init
    main.o(i.main) refers to stm32f1xx_hal_tim.o(i.HAL_TIM_Base_Start_IT) for HAL_TIM_Base_Start_IT
    main.o(i.main) refers to soft_iic.o(i.IIC_GPIO_Init) for IIC_GPIO_Init
[...]
    ../Drivers/STM32F1xx_HAL_Driver/Src/stm32f1xx_hal_can.c 0x00000000   Number         0  stm32f1xx_hal_can.o ABSOLUTE
    ../Drivers/STM32F1xx_HAL_Driver/Src/stm32f1xx_hal_cortex.c 0x00000000   Number         0  stm32f1xx_hal_cortex.o ABSOLUTE
    ../Drivers/STM32F1xx_HAL_Driver/Src/stm32f1xx_hal_dma.c 0x00000000   Number         0  stm32f1xx_hal_dma.o ABSOLUTE
    ../Drivers/STM32F1xx_HAL_Driver/Src/stm32f1xx_hal_exti.c 0x00000000   Number         0  stm32f1xx_hal_exti.o ABSOLUTE
    ../Drivers/STM32F1xx_HAL_Driver/Src/stm32f1xx_hal_flash.c 0x00000000   Number         0  stm32f1xx_hal_flash.o ABSOLUTE
    ../Drivers/STM32F1xx_HAL_Driver/Src/stm32f1xx_hal_flash_ex.c 0x00000000   Number         0  stm32f1xx_hal_flash_ex.o ABSOLUTE
    ../Drivers/STM32F1xx_HAL_Driver/Src/stm32f1xx_hal_gpio.c 0x00000000   Number         0  stm32f1xx_hal_gpio.o ABSOLUTE
    ../Drivers/STM32F1xx_HAL_Driver/Src/stm32f1xx_hal_gpio_ex.c 0x00000000   Number         0  stm32f1xx_hal_gpio_ex.o ABSOLUTE
    ../Drivers/STM32F1xx_HAL_Driver/Src/stm32f1xx_hal_pwr.c 0x00000000   Number         0  stm32f1xx_hal_pwr.o ABSOLUTE
    ../Drivers/STM32F1xx_HAL_Driver/Src/stm32f1xx_hal_rcc.c 0x00000000   Number         0  stm32f1xx_hal_rcc.o ABSOLUTE
    ../Drivers/STM32F1xx_HAL_Driver/Src/stm32f1xx_hal_rcc_ex.c 0x00000000   Number         0  stm32f1xx_hal_rcc_ex.o ABSOLUTE
    ../Drivers/STM32F1xx_HAL_Driver/Src/stm32f1xx_hal_tim.c 0x00000000   Number         0  stm32f1xx_hal_tim.o ABSOLUTE
    ../Drivers/STM32F1xx_HAL_Driver/Src/stm32f1xx_hal_tim_ex.c 0x00000000   Number         0  stm32f1xx_hal_tim_ex.o ABSOLUTE
    ../Drivers/STM32F1xx_HAL_Driver/Src/stm32f1xx_hal_uart.c 0x00000000   Number         0  stm32f1xx_hal_uart.o ABSOLUTE
    ../clib/microlib/division.c              0x00000000   Number         0  uidiv.o ABSOLUTE
    ../clib/microlib/division.c              0x00000000   Number         0  uldiv.o ABSOLUTE
    ../clib/microlib/errno.c                 0x00000000   Number         0  errno.o ABSOLUTE
    ../clib/microlib/init/entry.s            0x00000000   Number         0  entry2.o ABSOLUTE
    ../clib/microlib/init/entry.s            0x00000000   Number         0  entry8b.o ABSOLUTE
    ../clib/microlib/init/entry.s            0x00000000   Number         0  entry9b.o ABSOLUTE
    ../clib/microlib/init/entry.s            0x00000000   Number         0  entry8a.o ABSOLUTE
    ../clib/microlib/init/entry.s            0x00000000   Number         0  entry12b.o ABSOLUTE
    ../clib/microlib/init/entry.s            0x00000000   Number         0  entry12a.o ABSOLUTE
    ../clib/microlib/init/entry.s            0x00000000   Number         0  entry11b.o ABSOLUTE
    ../clib/microlib/init/entry.s            0x00000000   Number         0  entry10a.o ABSOLUTE
    ../clib/microlib/init/entry.s            0x00000000   Number         0  entry7a.o ABSOLUTE
    ../clib/microlib/init/entry.s            0x00000000   Number         0  entry11a.o ABSOLUTE
    ../clib/microlib/init/entry.s            0x00000000   Number         0  entry10b.o ABSOLUTE
    ../clib/microlib/init/entry.s            0x00000000   Number         0  entry9a.o ABSOLUTE
    ../clib/microlib/init/entry.s            0x00000000   Number         0  entry5.o ABSOLUTE
    ../clib/microlib/init/entry.s            0x00000000   Number         0  entry7b.o ABSOLUTE
    ../clib/microlib/init/entry.s            0x00000000   Number         0  entry.o ABSOLUTE
    ../clib/microlib/longlong.c              0x00000000   Number         0  llushr.o ABSOLUTE
    ../clib/microlib/longlong.c              0x00000000   Number         0  llshl.o ABSOLUTE
    ../clib/microlib/longlong.c              0x00000000   Number         0  llsshr.o ABSOLUTE
    ../clib/microlib/printf/printf.c         0x00000000   Number         0  printf1.o ABSOLUTE
    ../clib/microlib/printf/printf.c         0x00000000   Number         0  printf0.o ABSOLUTE
    ../clib/microlib/printf/printf.c         0x00000000   Number         0  printf8.o ABSOLUTE
    ../clib/microlib/printf/printf.c         0x00000000   Number         0  printf7.o ABSOLUTE
    ../clib/microlib/printf/printf.c         0x00000000   Number         0  printfa.o ABSOLUTE
    ../clib/microlib/printf/printf.c         0x00000000   Number         0  printf6.o ABSOLUTE
    ../clib/microlib/printf/printf.c         0x00000000   Number         0  printf5.o ABSOLUTE
    ../clib/microlib/printf/printf.c         0x00000000   Number         0  printf4.o ABSOLUTE
    ../clib/microlib/printf/printf.c         0x00000000   Number         0  printfb.o ABSOLUTE
    ../clib/microlib/printf/printf.c         0x00000000   Number         0  printf3.o ABSOLUTE
    ../clib/microlib/printf/printf.c         0x00000000   Number         0  printf2.o ABSOLUTE
    ../clib/microlib/printf/stubs.s          0x00000000   Number         0  stubs.o ABSOLUTE
    ../clib/microlib/stdio/streams.c         0x00000000   Number         0  stdout.o ABSOLUTE
    ../clib/microlib/string/memcmp.c         0x00000000   Number         0  memcmp.o ABSOLUTE
    ../clib/microlib/string/memcpy.c         0x00000000   Number         0  memcpya.o ABSOLUTE
    ../clib/microlib/string/memcpy.c         0x00000000   Number         0  memcpyb.o ABSOLUTE
    ../clib/microlib/string/memset.c         0x00000000   Number         0  memseta.o ABSOLUTE
    ../clib/microlib/string/strcmp.c         0x00000000   Number         0  strcmp.o ABSOLUTE
    ../clib/microlib/string/strcpy.c         0x00000000   Number         0  strcpy.o ABSOLUTE
    ../clib/microlib/string/strlen.c         0x00000000   Number         0  strlen.o ABSOLUTE
    ../clib/microlib/stubs.s                 0x00000000   Number         0  iusefp.o ABSOLUTE
    ../fplib/microlib/d2f.c                  0x00000000   Number         0  d2f.o ABSOLUTE
    ../fplib/microlib/fpadd.c                0x00000000   Number         0  fadd.o ABSOLUTE
    ../fplib/microlib/fpadd.c                0x00000000   Number         0  dadd.o ABSOLUTE
    ../fplib/microlib/fpdiv.c                0x00000000   Number         0  ddiv.o ABSOLUTE
    ../fplib/microlib/fpepilogue.c           0x00000000   Number         0  fepilogue.o ABSOLUTE
    ../fplib/microlib/fpepilogue.c           0x00000000   Number         0  depilogue.o ABSOLUTE
    ../fplib/microlib/fpfix.c                0x00000000   Number         0  dfixui.o ABSOLUTE
    ../fplib/microlib/fpfix.c                0x00000000   Number         0  dfixi.o ABSOLUTE
    ../fplib/microlib/fpfix.c                0x00000000   Number         0  dfixul.o ABSOLUTE
    ../fplib/microlib/fpflt.c                0x00000000   Number         0  dfltui.o ABSOLUTE
    ../fplib/microlib/fpflt.c                0x00000000   Number         0  dflti.o ABSOLUTE
    ../fplib/microlib/fpflt.c                0x00000000   Number         0  fflti.o ABSOLUTE
    ../fplib/microlib/fpmul.c                0x00000000   Number         0  dmul.o ABSOLUTE
    ../fplib/microlib/fprnd.c                0x00000000   Number         0  drnd.o ABSOLUTE
    ../fplib/microlib/fpscalb.c              0x00000000   Number         0  dscalb.o ABSOLUTE
    ../mathlib/atan.c                        0x00000000   Number         0  atan_x.o ABSOLUTE
    ../mathlib/atan.c                        0x00000000   Number         0  atan.o ABSOLUTE
    ../mathlib/atan2.c                       0x00000000   Number         0  atan2_x.o ABSOLUTE
    ../mathlib/atan2.c                       0x00000000   Number         0  atan2.o ABSOLUTE
    ../mathlib/dunder.c                      0x00000000   Number         0  dunder.o ABSOLUTE
    ../mathlib/fpclassify.c                  0x00000000   Number         0  fpclassify.o ABSOLUTE
    ../mathlib/poly.c                        0x00000000   Number         0  poly.o ABSOLUTE
    ../mathlib/qnan.c                        0x00000000   Number         0  qnan.o ABSOLUTE
    ../mathlib/round.c                       0x00000000   Number         0  round.o ABSOLUTE
    ..\Core\Src\can.c                        0x00000000   Number         0  can.o ABSOLUTE
    ..\Core\Src\gpio.c                       0x00000000   Number         0  gpio.o ABSOLUTE
    ..\Core\Src\main.c                       0x00000000   Number         0  main.o ABSOLUTE
    ..\Core\Src\stm32f1xx_hal_msp.c          0x00000000   Number         0  stm32f1xx_hal_msp.o ABSOLUTE
    ..\Core\Src\stm32f1xx_it.c               0x00000000   Number         0  stm32f1xx_it.o ABSOLUTE
    ..\Core\Src\system_stm32f1xx.c           0x00000000   Number         0  system_stm32f1xx.o ABSOLUTE
    ..\Core\Src\tim.c                        0x00000000   Number         0  tim.o ABSOLUTE
    ..\Core\Src\usart.c                      0x00000000   Number         0  usart.o ABSOLUTE
    ..\Drivers\STM32F1xx_HAL_Driver\Src\stm32f1xx_hal.c 0x00000000   Number         0  stm32f1xx_hal.o ABSOLUTE
    ..\Drivers\STM32F1xx_HAL_Driver\Src\stm32f1xx_hal_can.c 0x00000000   Number         0  stm32f1xx_hal_can.o ABSOLUTE
    ..\Drivers\STM32F1xx_HAL_Driver\Src\stm32f1xx_hal_cortex.c 0x00000000   Number         0  stm32f1xx_hal_cortex.o ABSOLUTE
    ..\Drivers\STM32F1xx_HAL_Driver\Src\stm32f1xx_hal_dma.c 0x00000000   Number         0  stm32f1xx_hal_dma.o ABSOLUTE
    ..\Drivers\STM32F1xx_HAL_Driver\Src\stm32f1xx_hal_exti.c 0x00000000   Number         0  stm32f1xx_hal_exti.o ABSOLUTE
    ..\Drivers\STM32F1xx_HAL_Driver\Src\stm32f1xx_hal_flash.c 0x00000000   Number         0  stm32f1xx_hal_flash.o ABSOLUTE
    ..\Drivers\STM32F1xx_HAL_Driver\Src\stm32f1xx_hal_flash_ex.c 0x00000000   Number         0  stm32f1xx_hal_flash_ex.o ABSOLUTE
    ..\Drivers\STM32F1xx_HAL_Driver\Src\stm32f1xx_hal_gpio.c 0x00000000   Number         0  stm32f1xx_hal_gpio.o ABSOLUTE
    ..\Drivers\STM32F1xx_HAL_Driver\Src\stm32f1xx_hal_gpio_ex.c 0x00000000   Number         0  stm32f1xx_hal_gpio_ex.o ABSOLUTE
    ..\Drivers\STM32F1xx_HAL_Driver\Src\stm32f1xx_hal_pwr.c 0x00000000   Number         0  stm32f1xx_hal_pwr.o ABSOLUTE
    ..\Drivers\STM32F1xx_HAL_Driver\Src\stm32f1xx_hal_rcc.c 0x00000000   Number         0  stm32f1xx_hal_rcc.o ABSOLUTE
    ..\Drivers\STM32F1xx_HAL_Driver\Src\stm32f1xx_hal_rcc_ex.c 0x00000000   Number         0  stm32f1xx_hal_rcc_ex.o ABSOLUTE
    ..\Drivers\STM32F1xx_HAL_Driver\Src\stm32f1xx_hal_tim.c 0x00000000   Number         0  stm32f1xx_hal_tim.o ABSOLUTE
    ..\Drivers\STM32F1xx_HAL_Driver\Src\stm32f1xx_hal_tim_ex.c 0x00000000   Number         0  stm32f1xx_hal_tim_ex.o ABSOLUTE
    ..\Drivers\STM32F1xx_HAL_Driver\Src\stm32f1xx_hal_uart.c 0x00000000   Number         0  stm32f1xx_hal_uart.o ABSOLUTE
    ..\HardWare\CAN\my_can.c                 0x00000000   Number         0  my_can.o ABSOLUTE
    ..\HardWare\KEY\my_key.c                 0x00000000   Number         0  my_key.o ABSOLUTE
    ..\HardWare\NRF_24L01\NRF24L01.c         0x00000000   Number         0  nrf24l01.o ABSOLUTE
    ..\HardWare\OLED\OLED.c                  0x00000000   Number         0  oled.o ABSOLUTE
    ..\HardWare\OLED\OLED_Data.c             0x00000000   Number         0  oled_data.o ABSOLUTE
    ..\HardWare\SEGGER_RTT\SEGGER_RTT.c      0x00000000   Number         0  segger_rtt.o ABSOLUTE
    ..\HardWare\SEGGER_RTT\SEGGER_RTT_printf.c 0x00000000   Number         0  segger_rtt_printf.o ABSOLUTE
    ..\HardWare\SOFT_IIC\soft_iic.c          0x00000000   Number         0  soft_iic.o ABSOLUTE
    ..\HardWare\SOFT_SPI\soft_spi.c          0x00000000   Number         0  soft_spi.o ABSOLUTE
    ..\HardWare\W25Q128\W25Q128.c            0x00000000   Number         0  w25q128.o ABSOLUTE
    ..\\HardWare\\CAN\\my_can.c              0x00000000   Number         0  my_can.o ABSOLUTE
    ..\\HardWare\\KEY\\my_key.c              0x00000000   Number         0  my_key.o ABSOLUTE
    ..\\HardWare\\NRF_24L01\\NRF24L01.c      0x00000000   Number         0  nrf24l01.o ABSOLUTE
    ..\\HardWare\\OLED\\OLED.c               0x00000000   Number         0  oled.o ABSOLUTE
    ..\\HardWare\\SOFT_IIC\\soft_iic.c       0x00000000   Number         0  soft_iic.o ABSOLUTE
    ..\\HardWare\\SOFT_SPI\\soft_spi.c       0x00000000   Number         0  soft_spi.o ABSOLUTE
    ..\\HardWare\\W25Q128\\W25Q128.c         0x00000000   Number         0  w25q128.o ABSOLUTE
    cdcmple.s                                0x00000000   Number         0  cdcmple.o ABSOLUTE
    cdrcmple.s                               0x00000000   Number         0  cdrcmple.o ABSOLUTE
    dc.s                                     0x00000000   Number         0  dc.o ABSOLUTE
    handlers.s                               0x00000000   Number         0  handlers.o ABSOLUTE
    init.s                                   0x00000000   Number         0  init.o ABSOLUTE
    startup_stm32f103xb.s                    0x00000000   Number         0  startup_stm32f103xb.o ABSOLUTE
    RESET                                    0x08000000   Section      236  startup_stm32f103xb.o(RESET)
    .ARM.Collect$$$$00000000                 0x080000ec   Section        0  entry.o(.ARM.Collect$$$$00000000)
    .ARM.Collect$$$$00000001                 0x080000ec   Section        4  entry2.o(.ARM.Collect$$$$00000001)
    .ARM.Collect$$$$00000004                 0x080000f0   Section        4  entry5.o(.ARM.Collect$$$$00000004)
    .ARM.Collect$$$$00000008                 0x080000f4   Section        0  entry7b.o(.ARM.Collect$$$$00000008)
    .ARM.Collect$$$$0000000A                 0x080000f4   Section        0  entry8b.o(.ARM.Collect$$$$0000000A)
    .ARM.Collect$$$$0000000B                 0x080000f4   Section        8  entry9a.o(.ARM.Collect$$$$0000000B)
    .ARM.Collect$$$$0000000E                 0x080000fc   Section        4  entry12b.o(.ARM.Collect$$$$0000000E)
    .ARM.Collect$$$$0000000F                 0x08000100   Section        0  entry10a.o(.ARM.Collect$$$$0000000F)
    .ARM.Collect$$$$00000011                 0x08000100   Section        0  entry11a.o(.ARM.Collect$$$$00000011)
    .ARM.Collect$$$$00002712                 0x08000100   Section        4  entry2.o(.ARM.Collect$$$$00002712)
    __lit__00000000                          0x08000100   Data           4  entry2.o(.ARM.Collect$$$$00002712)
    .text                                    0x08000104   Section       36  startup_stm32f103xb.o(.text)
    .text                                    0x08000128   Section        0  llushr.o(.text)
    .text                                    0x08000148   Section        0  memseta.o(.text)
    .text                                    0x0800016c   Section        0  strcmp.o(.text)
    .text                                    0x08000188   Section        0  memcmp.o(.text)
    .text                                    0x080001a2   Section        0  dadd.o(.text)
    .text                                    0x080002f0   Section        0  dmul.o(.text)
    .text                                    0x080003d4   Section        0  ddiv.o(.text)
    .text                                    0x080004b4   Section       48  cdrcmple.o(.text)
    .text                                    0x080004e4   Section        0  uidiv.o(.text)
    .text                                    0x08000510   Section        0  uldiv.o(.text)
    .text                                    0x08000572   Section        0  llshl.o(.text)
    .text                                    0x08000590   Section        0  llsshr.o(.text)
    .text                                    0x080005b4   Section        0  iusefp.o(.text)
    .text                                    0x080005b4   Section        0  depilogue.o(.text)
    .text                                    0x0800066e   Section        0  dfixul.o(.text)
    .text                                    0x080006a0   Section       36  init.o(.text)
    i.BusFault_Handler                       0x080006c4   Section        0  stm32f1xx_it.o(i.BusFault_Handler)
    i.CAN_Filter_Config                      0x080006c8   Section        0  my_can.o(i.CAN_Filter_Config)
    i.CAN_Loopback_Test_Init                 0x080006fc   Section        0  my_can.o(i.CAN_Loopback_Test_Init)
    i.DebugMon_Handler                       0x08000734   Section        0  stm32f1xx_it.o(i.DebugMon_Handler)
    i.Error_Handler                          0x08000736   Section        0  main.o(i.Error_Handler)
    i.HAL_CAN_ActivateNotification           0x0800073a   Section        0  stm32f1xx_hal_can.o(i.HAL_CAN_ActivateNotification)
    i.HAL_CAN_ConfigFilter                   0x08000760   Section        0  stm32f1xx_hal_can.o(i.HAL_CAN_ConfigFilter)
    i.HAL_CAN_ErrorCallback                  0x0800084e   Section        0  stm32f1xx_hal_can.o(i.HAL_CAN_ErrorCallback)
    i.HAL_CAN_GetRxMessage                   0x08000850   Section        0  stm32f1xx_hal_can.o(i.HAL_CAN_GetRxMessage)
    i.HAL_CAN_IRQHandler                     0x08000944   Section        0  stm32f1xx_hal_can.o(i.HAL_CAN_IRQHandler)
    i.HAL_CAN_Init                           0x08000b40   Section        0  stm32f1xx_hal_can.o(i.HAL_CAN_Init)
    i.HAL_CAN_MspInit                        0x08000c5c   Section        0  can.o(i.HAL_CAN_MspInit)
    i.HAL_CAN_RxFifo0FullCallback            0x08000ce8   Section        0  stm32f1xx_hal_can.o(i.HAL_CAN_RxFifo0FullCallback)
    i.HAL_CAN_RxFifo0MsgPendingCallback      0x08000cec   Section        0  my_can.o(i.HAL_CAN_RxFifo0MsgPendingCallback)
    i.HAL_CAN_RxFifo1FullCallback            0x08000e28   Section        0  stm32f1xx_hal_can.o(i.HAL_CAN_RxFifo1FullCallback)
    i.HAL_CAN_RxFifo1MsgPendingCallback      0x08000e2a   Section        0  stm32f1xx_hal_can.o(i.HAL_CAN_RxFifo1MsgPendingCallback)
    i.HAL_CAN_SleepCallback                  0x08000e2c   Section        0  stm32f1xx_hal_can.o(i.HAL_CAN_SleepCallback)
    i.HAL_CAN_Start                          0x08000e30   Section        0  stm32f1xx_hal_can.o(i.HAL_CAN_Start)
    i.HAL_CAN_TxMailbox0AbortCallback        0x08000e88   Section        0  stm32f1xx_hal_can.o(i.HAL_CAN_TxMailbox0AbortCallback)
    i.HAL_CAN_TxMailbox0CompleteCallback     0x08000e8a   Section        0  stm32f1xx_hal_can.o(i.HAL_CAN_TxMailbox0CompleteCallback)
    i.HAL_CAN_TxMailbox1AbortCallback        0x08000e8c   Section        0  stm32f1xx_hal_can.o(i.HAL_CAN_TxMailbox1AbortCallback)
    i.HAL_CAN_TxMailbox1CompleteCallback     0x08000e8e   Section        0  stm32f1xx_hal_can.o(i.HAL_CAN_TxMailbox1CompleteCallback)
    i.HAL_CAN_TxMailbox2AbortCallback        0x08000e90   Section        0  stm32f1xx_hal_can.o(i.HAL_CAN_TxMailbox2AbortCallback)
    i.HAL_CAN_TxMailbox2CompleteCallback     0x08000e92   Section        0  stm32f1xx_hal_can.o(i.HAL_CAN_TxMailbox2CompleteCallback)
    i.HAL_CAN_WakeUpFromRxMsgCallback        0x08000e94   Section        0  stm32f1xx_hal_can.o(i.HAL_CAN_WakeUpFromRxMsgCallback)
    i.HAL_DMA_Abort                          0x08000e96   Section        0  stm32f1xx_hal_dma.o(i.HAL_DMA_Abort)
    i.HAL_DMA_Abort_IT                       0x08000edc   Section        0  stm32f1xx_hal_dma.o(i.HAL_DMA_Abort_IT)
    i.HAL_Delay                              0x08000f74   Section        0  stm32f1xx_hal.o(i.HAL_Delay)
    i.HAL_GPIO_Init                          0x08000f98   Section        0  stm32f1xx_hal_gpio.o(i.HAL_GPIO_Init)
    i.HAL_GPIO_ReadPin                       0x08001178   Section        0  stm32f1xx_hal_gpio.o(i.HAL_GPIO_ReadPin)
    i.HAL_GPIO_TogglePin                     0x08001182   Section        0  stm32f1xx_hal_gpio.o(i.HAL_GPIO_TogglePin)
    i.HAL_GPIO_WritePin                      0x08001192   Section        0  stm32f1xx_hal_gpio.o(i.HAL_GPIO_WritePin)
    i.HAL_GetTick                            0x0800119c   Section        0  stm32f1xx_hal.o(i.HAL_GetTick)
    i.HAL_IncTick                            0x080011a8   Section        0  stm32f1xx_hal.o(i.HAL_IncTick)
    i.HAL_Init                               0x080011b8   Section        0  stm32f1xx_hal.o(i.HAL_Init)
    i.HAL_InitTick                           0x080011dc   Section        0  stm32f1xx_hal.o(i.HAL_InitTick)
    i.HAL_MspInit                            0x0800121c   Section        0  stm32f1xx_hal_msp.o(i.HAL_MspInit)
    i.HAL_NVIC_EnableIRQ                     0x08001258   Section        0  stm32f1xx_hal_cortex.o(i.HAL_NVIC_EnableIRQ)
    i.HAL_NVIC_SetPriority                   0x08001274   Section        0  stm32f1xx_hal_cortex.o(i.HAL_NVIC_SetPriority)
    i.HAL_NVIC_SetPriorityGrouping           0x080012b4   Section        0  stm32f1xx_hal_cortex.o(i.HAL_NVIC_SetPriorityGrouping)
    i.HAL_RCC_ClockConfig                    0x080012d8   Section        0  stm32f1xx_hal_rcc.o(i.HAL_RCC_ClockConfig)
    i.HAL_RCC_GetPCLK1Freq                   0x08001404   Section        0  stm32f1xx_hal_rcc.o(i.HAL_RCC_GetPCLK1Freq)
    i.HAL_RCC_GetPCLK2Freq                   0x08001424   Section        0  stm32f1xx_hal_rcc.o(i.HAL_RCC_GetPCLK2Freq)
    i.HAL_RCC_GetSysClockFreq                0x08001444   Section        0  stm32f1xx_hal_rcc.o(i.HAL_RCC_GetSysClockFreq)
    i.HAL_RCC_OscConfig                      0x08001490   Section        0  stm32f1xx_hal_rcc.o(i.HAL_RCC_OscConfig)
    i.HAL_SYSTICK_Config                     0x080017b0   Section        0  stm32f1xx_hal_cortex.o(i.HAL_SYSTICK_Config)
    i.HAL_TIMEx_BreakCallback                0x080017d8   Section        0  stm32f1xx_hal_tim_ex.o(i.HAL_TIMEx_BreakCallback)
    i.HAL_TIMEx_CommutCallback               0x080017da   Section        0  stm32f1xx_hal_tim_ex.o(i.HAL_TIMEx_CommutCallback)
    i.HAL_TIMEx_MasterConfigSynchronization  0x080017dc   Section        0  stm32f1xx_hal_tim_ex.o(i.HAL_TIMEx_MasterConfigSynchronization)
    i.HAL_TIM_Base_Init                      0x08001844   Section        0  stm32f1xx_hal_tim.o(i.HAL_TIM_Base_Init)
    i.HAL_TIM_Base_MspInit                   0x080018a0   Section        0  tim.o(i.HAL_TIM_Base_MspInit)
    i.HAL_TIM_Base_Start_IT                  0x080018dc   Section        0  stm32f1xx_hal_tim.o(i.HAL_TIM_Base_Start_IT)
    i.HAL_TIM_ConfigClockSource              0x08001934   Section        0  stm32f1xx_hal_tim.o(i.HAL_TIM_ConfigClockSource)
    i.HAL_TIM_IC_CaptureCallback             0x08001a10   Section        0  stm32f1xx_hal_tim.o(i.HAL_TIM_IC_CaptureCallback)
    i.HAL_TIM_IRQHandler                     0x08001a12   Section        0  stm32f1xx_hal_tim.o(i.HAL_TIM_IRQHandler)
    i.HAL_TIM_OC_DelayElapsedCallback        0x08001b42   Section        0  stm32f1xx_hal_tim.o(i.HAL_TIM_OC_DelayElapsedCallback)
    i.HAL_TIM_PWM_PulseFinishedCallback      0x08001b44   Section        0  stm32f1xx_hal_tim.o(i.HAL_TIM_PWM_PulseFinishedCallback)
    i.HAL_TIM_PeriodElapsedCallback          0x08001b48   Section        0  stm32f1xx_it.o(i.HAL_TIM_PeriodElapsedCallback)
    i.HAL_TIM_TriggerCallback                0x08001b7c   Section        0  stm32f1xx_hal_tim.o(i.HAL_TIM_TriggerCallback)
    i.HAL_UARTEx_RxEventCallback             0x08001b7e   Section        0  stm32f1xx_hal_uart.o(i.HAL_UARTEx_RxEventCallback)
    i.HAL_UART_ErrorCallback                 0x08001b80   Section        0  stm32f1xx_hal_uart.o(i.HAL_UART_ErrorCallback)
    i.HAL_UART_IRQHandler                    0x08001b84   Section        0  stm32f1xx_hal_uart.o(i.HAL_UART_IRQHandler)
    i.HAL_UART_Init                          0x08001df0   Section        0  stm32f1xx_hal_uart.o(i.HAL_UART_Init)
    i.HAL_UART_MspInit                       0x08001e54   Section        0  usart.o(i.HAL_UART_MspInit)
    i.HAL_UART_RxCpltCallback                0x08001ed4   Section        0  stm32f1xx_hal_uart.o(i.HAL_UART_RxCpltCallback)
    i.HAL_UART_Transmit                      0x08001ed6   Section        0  stm32f1xx_hal_uart.o(i.HAL_UART_Transmit)
    i.HAL_UART_TxCpltCallback                0x08001f76   Section        0  stm32f1xx_hal_uart.o(i.HAL_UART_TxCpltCallback)
    i.HardFault_Handler                      0x08001f78   Section        0  stm32f1xx_it.o(i.HardFault_Handler)
    i.IIC_GPIO_Init                          0x08001f7c   Section        0  soft_iic.o(i.IIC_GPIO_Init)
    i.IIC_START                              0x08001fd0   Section        0  soft_iic.o(i.IIC_START)
    i.IIC_STOP                               0x08001fee   Section        0  soft_iic.o(i.IIC_STOP)
    i.IIC_Send_Byte                          0x08002006   Section        0  soft_iic.o(i.IIC_Send_Byte)
    i.IIC_W_SCL                              0x08002040   Section        0  soft_iic.o(i.IIC_W_SCL)
    i.IIC_W_SDA                              0x08002050   Section        0  soft_iic.o(i.IIC_W_SDA)
    i.Key_Check                              0x08002060   Section        0  my_key.o(i.Key_Check)
    i.Key_GetState                           0x08002080   Section        0  my_key.o(i.Key_GetState)
    i.Key_Tick                               0x08002098   Section        0  my_key.o(i.Key_Tick)
    i.MX_CAN_Init                            0x080021cc   Section        0  can.o(i.MX_CAN_Init)
    i.MX_GPIO_Init                           0x08002214   Section        0  gpio.o(i.MX_GPIO_Init)
    i.MX_TIM1_Init                           0x080022bc   Section        0  tim.o(i.MX_TIM1_Init)
    i.MX_USART1_UART_Init                    0x08002324   Section        0  usart.o(i.MX_USART1_UART_Init)
    i.MemManage_Handler                      0x0800235c   Section        0  stm32f1xx_it.o(i.MemManage_Handler)
    i.MySPI_Start                            0x0800235e   Section        0  soft_spi.o(i.MySPI_Start)
    i.MySPI_Stop                             0x08002364   Section        0  soft_spi.o(i.MySPI_Stop)
    i.MySPI_SwapByte                         0x0800236c   Section        0  soft_spi.o(i.MySPI_SwapByte)
    i.NMI_Handler                            0x080023ae   Section        0  stm32f1xx_it.o(i.NMI_Handler)
    i.OLED_Clear                             0x080023b0   Section        0  oled.o(i.OLED_Clear)
    i.OLED_ClearArea                         0x080023d8   Section        0  oled.o(i.OLED_ClearArea)
    i.OLED_Init                              0x08002434   Section        0  oled.o(i.OLED_Init)
    i.OLED_Printf                            0x080024cc   Section        0  oled.o(i.OLED_Printf)
    i.OLED_SetCursor                         0x080024f6   Section        0  oled.o(i.OLED_SetCursor)
    i.OLED_ShowChar                          0x08002518   Section        0  oled.o(i.OLED_ShowChar)
    i.OLED_ShowImage                         0x08002554   Section        0  oled.o(i.OLED_ShowImage)
    i.OLED_ShowString                        0x08002610   Section        0  oled.o(i.OLED_ShowString)
    i.OLED_Show_CAN_Data_Str                 0x080026ec   Section        0  my_can.o(i.OLED_Show_CAN_Data_Str)
    i.OLED_Update                            0x08002788   Section        0  oled.o(i.OLED_Update)
    i.OLED_WriteCommand                      0x080027b0   Section        0  soft_iic.o(i.OLED_WriteCommand)
    i.OLED_WriteData                         0x080027d2   Section        0  soft_iic.o(i.OLED_WriteData)
    i.PendSV_Handler                         0x08002802   Section        0  stm32f1xx_it.o(i.PendSV_Handler)
    i.SPI_GPIO_Init                          0x08002804   Section        0  soft_spi.o(i.SPI_GPIO_Init)
    i.SPI_R_MISO                             0x08002888   Section        0  soft_spi.o(i.SPI_R_MISO)
    i.SPI_W_CS                               0x08002894   Section        0  soft_spi.o(i.SPI_W_CS)
    i.SPI_W_MOSI                             0x080028a4   Section        0  soft_spi.o(i.SPI_W_MOSI)
    i.SPI_W_SCK                              0x080028b8   Section        0  soft_spi.o(i.SPI_W_SCK)
    i.SVC_Handler                            0x080028c8   Section        0  stm32f1xx_it.o(i.SVC_Handler)
    i.SysTick_Handler                        0x080028ca   Section        0  stm32f1xx_it.o(i.SysTick_Handler)
    i.SystemClock_Config                     0x080028ce   Section        0  main.o(i.SystemClock_Config)
    i.SystemInit                             0x0800292c   Section        0  system_stm32f1xx.o(i.SystemInit)
    i.TIM1_UP_IRQHandler                     0x08002930   Section        0  stm32f1xx_it.o(i.TIM1_UP_IRQHandler)
    i.TIM_Base_SetConfig                     0x0800293c   Section        0  stm32f1xx_hal_tim.o(i.TIM_Base_SetConfig)
    i.TIM_ETR_SetConfig                      0x080029b4   Section        0  stm32f1xx_hal_tim.o(i.TIM_ETR_SetConfig)
    i.TIM_ITRx_SetConfig                     0x080029c8   Section        0  stm32f1xx_hal_tim.o(i.TIM_ITRx_SetConfig)
    TIM_ITRx_SetConfig                       0x080029c9   Thumb Code    16  stm32f1xx_hal_tim.o(i.TIM_ITRx_SetConfig)
    i.TIM_TI1_ConfigInputStage               0x080029d8   Section        0  stm32f1xx_hal_tim.o(i.TIM_TI1_ConfigInputStage)
    TIM_TI1_ConfigInputStage                 0x080029d9   Thumb Code    34  stm32f1xx_hal_tim.o(i.TIM_TI1_ConfigInputStage)
    i.TIM_TI2_ConfigInputStage               0x080029fa   Section        0  stm32f1xx_hal_tim.o(i.TIM_TI2_ConfigInputStage)
    TIM_TI2_ConfigInputStage                 0x080029fb   Thumb Code    36  stm32f1xx_hal_tim.o(i.TIM_TI2_ConfigInputStage)
    i.UART_DMAAbortOnError                   0x08002a1e   Section        0  stm32f1xx_hal_uart.o(i.UART_DMAAbortOnError)
    UART_DMAAbortOnError                     0x08002a1f   Thumb Code    16  stm32f1xx_hal_uart.o(i.UART_DMAAbortOnError)
    i.UART_EndRxTransfer                     0x08002a2e   Section        0  stm32f1xx_hal_uart.o(i.UART_EndRxTransfer)
    UART_EndRxTransfer                       0x08002a2f   Thumb Code    78  stm32f1xx_hal_uart.o(i.UART_EndRxTransfer)
    i.UART_Receive_IT                        0x08002a7c   Section        0  stm32f1xx_hal_uart.o(i.UART_Receive_IT)
    UART_Receive_IT                          0x08002a7d   Thumb Code   194  stm32f1xx_hal_uart.o(i.UART_Receive_IT)
    i.UART_SetConfig                         0x08002b40   Section        0  stm32f1xx_hal_uart.o(i.UART_SetConfig)
    UART_SetConfig                           0x08002b41   Thumb Code   178  stm32f1xx_hal_uart.o(i.UART_SetConfig)
    i.UART_WaitOnFlagUntilTimeout            0x08002bf8   Section        0  stm32f1xx_hal_uart.o(i.UART_WaitOnFlagUntilTimeout)
    UART_WaitOnFlagUntilTimeout              0x08002bf9   Thumb Code   114  stm32f1xx_hal_uart.o(i.UART_WaitOnFlagUntilTimeout)
    i.USART1_IRQHandler                      0x08002c6c   Section        0  stm32f1xx_it.o(i.USART1_IRQHandler)
    i.USB_HP_CAN1_TX_IRQHandler              0x08002c78   Section        0  stm32f1xx_it.o(i.USB_HP_CAN1_TX_IRQHandler)
    i.USB_LP_CAN1_RX0_IRQHandler             0x08002c84   Section        0  stm32f1xx_it.o(i.USB_LP_CAN1_RX0_IRQHandler)
    i.UsageFault_Handler                     0x08002c90   Section        0  stm32f1xx_it.o(i.UsageFault_Handler)
    i.W25Q128_PageProgram                    0x08002c92   Section        0  w25q128.o(i.W25Q128_PageProgram)
    i.W25Q128_ReadData                       0x08002cdc   Section        0  w25q128.o(i.W25Q128_ReadData)
    i.W25Q128_ReadID                         0x08002d1e   Section        0  w25q128.o(i.W25Q128_ReadID)
    i.W25Q128_SectorErase                    0x08002d5a   Section        0  w25q128.o(i.W25Q128_SectorErase)
    i.W25Q128_Test                           0x08002d90   Section        0  w25q128.o(i.W25Q128_Test)
    i.W25Q128_WaitBusy                       0x08003228   Section        0  w25q128.o(i.W25Q128_WaitBusy)
    i.W25Q128_WriteEnable                    0x08003254   Section        0  w25q128.o(i.W25Q128_WriteEnable)
    i.__0printf                              0x08003268   Section        0  printfa.o(i.__0printf)
    i.__0snprintf                            0x08003288   Section        0  printfa.o(i.__0snprintf)
    i.__0vsprintf                            0x080032bc   Section        0  printfa.o(i.__0vsprintf)
    i.__NVIC_SetPriority                     0x080032e0   Section        0  stm32f1xx_hal_cortex.o(i.__NVIC_SetPriority)
    __NVIC_SetPriority                       0x080032e1   Thumb Code    32  stm32f1xx_hal_cortex.o(i.__NVIC_SetPriority)
    i.__scatterload_copy                     0x08003300   Section       14  handlers.o(i.__scatterload_copy)
    i.__scatterload_null                     0x0800330e   Section        2  handlers.o(i.__scatterload_null)
    i.__scatterload_zeroinit                 0x08003310   Section       14  handlers.o(i.__scatterload_zeroinit)
    i._fp_digits                             0x08003320   Section        0  printfa.o(i._fp_digits)
    _fp_digits                               0x08003321   Thumb Code   366  printfa.o(i._fp_digits)
    i._printf_core                           0x080034a4   Section        0  printfa.o(i._printf_core)
    _printf_core                             0x080034a5   Thumb Code  1704  printfa.o(i._printf_core)
    i._printf_post_padding                   0x08003b58   Section        0  printfa.o(i._printf_post_padding)
    _printf_post_padding                     0x08003b59   Thumb Code    36  printfa.o(i._printf_post_padding)
    i._printf_pre_padding                    0x08003b7c   Section        0  printfa.o(i._printf_pre_padding)
    _printf_pre_padding                      0x08003b7d   Thumb Code    46  printfa.o(i._printf_pre_padding)
    i._snputc                                0x08003baa   Section        0  printfa.o(i._snputc)
    _snputc                                  0x08003bab   Thumb Code    22  printfa.o(i._snputc)
    i._sputc                                 0x08003bc0   Section        0  printfa.o(i._sputc)
    _sputc                                   0x08003bc1   Thumb Code    10  printfa.o(i._sputc)
    i.fputc                                  0x08003bcc   Section        0  usart.o(i.fputc)
    i.main                                   0x08003be4   Section        0  main.o(i.main)
    .constdata                               0x08003c74   Section     1520  oled_data.o(.constdata)
    .constdata                               0x08004264   Section      570  oled_data.o(.constdata)
    .constdata                               0x0800449e   Section      245  oled_data.o(.constdata)
    .constdata                               0x08004593   Section       18  stm32f1xx_hal_rcc.o(.constdata)
    aPredivFactorTable                       0x08004593   Data           2  stm32f1xx_hal_rcc.o(.constdata)
    aPLLMULFactorTable                       0x08004595   Data          16  stm32f1xx_hal_rcc.o(.constdata)
    .constdata                               0x080045a5   Section       16  system_stm32f1xx.o(.constdata)
    .constdata                               0x080045b5   Section        8  system_stm32f1xx.o(.constdata)
    .data                                    0x20000000   Section        8  my_key.o(.data)
    count                                    0x20000000   Data           1  my_key.o(.data)
    curr_state                               0x20000001   Data           1  my_key.o(.data)
    prev_state                               0x20000002   Data           1  my_key.o(.data)
    step                                     0x20000003   Data           1  my_key.o(.data)
    timer                                    0x20000006   Data           2  my_key.o(.data)
    .data                                    0x20000008   Section       12  stm32f1xx_hal.o(.data)
    .data                                    0x20000014   Section        4  system_stm32f1xx.o(.data)
    .data                                    0x20000018   Section        4  stdout.o(.data)
    .bss                                     0x2000001c   Section       40  can.o(.bss)
    .bss                                     0x20000044   Section       72  tim.o(.bss)
    .bss                                     0x2000008c   Section       72  usart.o(.bss)
    .bss                                     0x200000d4   Section     1024  oled.o(.bss)
    STACK                                    0x200004d8   Section     1024  startup_stm32f103xb.o(STACK)

    Global Symbols

    Symbol Name                              Value     Ov Type        Size  Object(Section)

    BuildAttributes$$THM_ISAv4$P$D$K$B$S$PE$A:L22UL41UL21$X:L11$S22US41US21$IEEE1$IW$USESV6$~STKCKD$USESV7$~SHL$OTIME$ROPI$IEEEX$EBA8$MICROLIB$REQ8$PRES8$EABIv2 0x00000000   Number         0  anon$$obj.o ABSOLUTE
    __ARM_use_no_argv                        0x00000000   Number         0  main.o ABSOLUTE
    _printf_a                                0x00000000   Number         0  stubs.o ABSOLUTE
    _printf_c                                0x00000000   Number         0  stubs.o ABSOLUTE
    _printf_charcount                        0x00000000   Number         0  stubs.o ABSOLUTE
    _printf_d                                0x00000000   Number         0  stubs.o ABSOLUTE
    _printf_e                                0x00000000   Number         0  stubs.o ABSOLUTE
    _printf_f                                0x00000000   Number         0  stubs.o ABSOLUTE
    _printf_flags                            0x00000000   Number         0  stubs.o ABSOLUTE
    _printf_fp_dec                           0x00000000   Number         0  stubs.o ABSOLUTE
    _printf_fp_hex                           0x00000000   Number         0  stubs.o ABSOLUTE
    _printf_g                                0x00000000   Number         0  stubs.o ABSOLUTE
    _printf_i                                0x00000000   Number         0  stubs.o ABSOLUTE
    _printf_int_dec                          0x00000000   Number         0  stubs.o ABSOLUTE
    _printf_l                                0x00000000   Number         0  stubs.o ABSOLUTE
    _printf_lc                               0x00000000   Number         0  stubs.o ABSOLUTE
    _printf_ll                               0x00000000   Number         0  stubs.o ABSOLUTE
    _printf_lld                              0x00000000   Number         0  stubs.o ABSOLUTE
    _printf_lli                              0x00000000   Number         0  stubs.o ABSOLUTE
    _printf_llo                              0x00000000   Number         0  stubs.o ABSOLUTE
    _printf_llu                              0x00000000   Number         0  stubs.o ABSOLUTE
    _printf_llx                              0x00000000   Number         0  stubs.o ABSOLUTE
    _printf_longlong_dec                     0x00000000   Number         0  stubs.o ABSOLUTE
    _printf_longlong_hex                     0x00000000   Number         0  stubs.o ABSOLUTE
    _printf_longlong_oct                     0x00000000   Number         0  stubs.o ABSOLUTE
    _printf_ls                               0x00000000   Number         0  stubs.o ABSOLUTE
    _printf_mbtowc                           0x00000000   Number         0  stubs.o ABSOLUTE
    _printf_n                                0x00000000   Number         0  stubs.o ABSOLUTE
    _printf_o                                0x00000000   Number         0  stubs.o ABSOLUTE
    _printf_p                                0x00000000   Number         0  stubs.o ABSOLUTE
    _printf_percent                          0x00000000   Number         0  stubs.o ABSOLUTE
    _printf_pre_padding                      0x00000000   Number         0  stubs.o ABSOLUTE
    _printf_return_value                     0x00000000   Number         0  stubs.o ABSOLUTE
    _printf_s                                0x00000000   Number         0  stubs.o ABSOLUTE
    _printf_sizespec                         0x00000000   Number         0  stubs.o ABSOLUTE
    _printf_str                              0x00000000   Number         0  stubs.o ABSOLUTE
    _printf_truncate_signed                  0x00000000   Number         0  stubs.o ABSOLUTE
    _printf_truncate_unsigned                0x00000000   Number         0  stubs.o ABSOLUTE
    _printf_u                                0x00000000   Number         0  stubs.o ABSOLUTE
    _printf_wc                               0x00000000   Number         0  stubs.o ABSOLUTE
    _printf_wctomb                           0x00000000   Number         0  stubs.o ABSOLUTE
    _printf_widthprec                        0x00000000   Number         0  stubs.o ABSOLUTE
    _printf_x                                0x00000000   Number         0  stubs.o ABSOLUTE
    __arm_fini_                               - Undefined Weak Reference
    __cpp_initialize__aeabi_                  - Undefined Weak Reference
    __cxa_finalize                            - Undefined Weak Reference
    __decompress                              - Undefined Weak Reference
    _clock_init                               - Undefined Weak Reference
    _microlib_exit                            - Undefined Weak Reference
    __Vectors_Size                           0x000000ec   Number         0  startup_stm32f103xb.o ABSOLUTE
    __Vectors                                0x08000000   Data           4  startup_stm32f103xb.o(RESET)
    __Vectors_End                            0x080000ec   Data           0  startup_stm32f103xb.o(RESET)
    __main                                   0x080000ed   Thumb Code     0  entry.o(.ARM.Collect$$$$00000000)
    _main_stk                                0x080000ed   Thumb Code     0  entry2.o(.ARM.Collect$$$$00000001)
    _main_scatterload                        0x080000f1   Thumb Code     0  entry5.o(.ARM.Collect$$$$00000004)
    __main_after_scatterload                 0x080000f5   Thumb Code     0  entry5.o(.ARM.Collect$$$$00000004)
    _main_clock                              0x080000f5   Thumb Code     0  entry7b.o(.ARM.Collect$$$$00000008)
    _main_cpp_init                           0x080000f5   Thumb Code     0  entry8b.o(.ARM.Collect$$$$0000000A)
    _main_init                               0x080000f5   Thumb Code     0  entry9a.o(.ARM.Collect$$$$0000000B)
    __rt_lib_shutdown_fini                   0x080000fd   Thumb Code     0  entry12b.o(.ARM.Collect$$$$0000000E)
    __rt_final_cpp                           0x08000101   Thumb Code     0  entry10a.o(.ARM.Collect$$$$0000000F)
    __rt_final_exit                          0x08000101   Thumb Code     0  entry11a.o(.ARM.Collect$$$$00000011)
    Reset_Handler                            0x08000105   Thumb Code     8  startup_stm32f103xb.o(.text)
    ADC1_2_IRQHandler                        0x0800011f   Thumb Code     0  startup_stm32f103xb.o(.text)
    CAN1_RX1_IRQHandler                      0x0800011f   Thumb Code     0  startup_stm32f103xb.o(.text)
    CAN1_SCE_IRQHandler                      0x0800011f   Thumb Code     0  startup_stm32f103xb.o(.text)
    DMA1_Channel1_IRQHandler                 0x0800011f   Thumb Code     0  startup_stm32f103xb.o(.text)
    DMA1_Channel2_IRQHandler                 0x0800011f   Thumb Code     0  startup_stm32f103xb.o(.text)
    DMA1_Channel3_IRQHandler                 0x0800011f   Thumb Code     0  startup_stm32f103xb.o(.text)
    DMA1_Channel4_IRQHandler                 0x0800011f   Thumb Code     0  startup_stm32f103xb.o(.text)
    DMA1_Channel5_IRQHandler                 0x0800011f   Thumb Code     0  startup_stm32f103xb.o(.text)
    DMA1_Channel6_IRQHandler                 0x0800011f   Thumb Code     0  startup_stm32f103xb.o(.text)
    DMA1_Channel7_IRQHandler                 0x0800011f   Thumb Code     0  startup_stm32f103xb.o(.text)
    EXTI0_IRQHandler                         0x0800011f   Thumb Code     0  startup_stm32f103xb.o(.text)
    EXTI15_10_IRQHandler                     0x0800011f   Thumb Code     0  startup_stm32f103xb.o(.text)
    EXTI1_IRQHandler                         0x0800011f   Thumb Code     0  startup_stm32f103xb.o(.text)
    EXTI2_IRQHandler                         0x0800011f   Thumb Code     0  startup_stm32f103xb.o(.text)
    EXTI3_IRQHandler                         0x0800011f   Thumb Code     0  startup_stm32f103xb.o(.text)
    EXTI4_IRQHandler                         0x0800011f   Thumb Code     0  startup_stm32f103xb.o(.text)
    EXTI9_5_IRQHandler                       0x0800011f   Thumb Code     0  startup_stm32f103xb.o(.text)
    FLASH_IRQHandler                         0x0800011f   Thumb Code     0  startup_stm32f103xb.o(.text)
    I2C1_ER_IRQHandler                       0x0800011f   Thumb Code     0  startup_stm32f103xb.o(.text)
    I2C1_EV_IRQHandler                       0x0800011f   Thumb Code     0  startup_stm32f103xb.o(.text)
    I2C2_ER_IRQHandler                       0x0800011f   Thumb Code     0  startup_stm32f103xb.o(.text)
    I2C2_EV_IRQHandler                       0x0800011f   Thumb Code     0  startup_stm32f103xb.o(.text)
    PVD_IRQHandler                           0x0800011f   Thumb Code     0  startup_stm32f103xb.o(.text)
    RCC_IRQHandler                           0x0800011f   Thumb Code     0  startup_stm32f103xb.o(.text)
    RTC_Alarm_IRQHandler                     0x0800011f   Thumb Code     0  startup_stm32f103xb.o(.text)
    RTC_IRQHandler                           0x0800011f   Thumb Code     0  startup_stm32f103xb.o(.text)
    SPI1_IRQHandler                          0x0800011f   Thumb Code     0  startup_stm32f103xb.o(.text)
    SPI2_IRQHandler                          0x0800011f   Thumb Code     0  startup_stm32f103xb.o(.text)
    TAMPER_IRQHandler                        0x0800011f   Thumb Code     0  startup_stm32f103xb.o(.text)
    TIM1_BRK_IRQHandler                      0x0800011f   Thumb Code     0  startup_stm32f103xb.o(.text)
    TIM1_CC_IRQHandler                       0x0800011f   Thumb Code     0  startup_stm32f103xb.o(.text)
    TIM1_TRG_COM_IRQHandler                  0x0800011f   Thumb Code     0  startup_stm32f103xb.o(.text)
    TIM2_IRQHandler                          0x0800011f   Thumb Code     0  startup_stm32f103xb.o(.text)
    TIM3_IRQHandler                          0x0800011f   Thumb Code     0  startup_stm32f103xb.o(.text)
    TIM4_IRQHandler                          0x0800011f   Thumb Code     0  startup_stm32f103xb.o(.text)
    USART2_IRQHandler                        0x0800011f   Thumb Code     0  startup_stm32f103xb.o(.text)
    USART3_IRQHandler                        0x0800011f   Thumb Code     0  startup_stm32f103xb.o(.text)
    USBWakeUp_IRQHandler                     0x0800011f   Thumb Code     0  startup_stm32f103xb.o(.text)
    WWDG_IRQHandler                          0x0800011f   Thumb Code     0  startup_stm32f103xb.o(.text)
    __aeabi_llsr                             0x08000129   Thumb Code    32  llushr.o(.text)
    _ll_ushift_r                             0x08000129   Thumb Code     0  llushr.o(.text)
    __aeabi_memset                           0x08000149   Thumb Code    14  memseta.o(.text)
    __aeabi_memset4                          0x08000149   Thumb Code     0  memseta.o(.text)
    __aeabi_memset8                          0x08000149   Thumb Code     0  memseta.o(.text)
    __aeabi_memclr                           0x08000157   Thumb Code     4  memseta.o(.text)
    __aeabi_memclr4                          0x08000157   Thumb Code     0  memseta.o(.text)
    __aeabi_memclr8                          0x08000157   Thumb Code     0  memseta.o(.text)
    _memset$wrapper                          0x0800015b   Thumb Code    18  memseta.o(.text)
    strcmp                                   0x0800016d   Thumb Code    28  strcmp.o(.text)
    memcmp                                   0x08000189   Thumb Code    26  memcmp.o(.text)
    __aeabi_dadd                             0x080001a3   Thumb Code   322  dadd.o(.text)
    __aeabi_dsub                             0x080002e5   Thumb Code     6  dadd.o(.text)
    __aeabi_drsub                            0x080002eb   Thumb Code     6  dadd.o(.text)
    __aeabi_dmul                             0x080002f1   Thumb Code   228  dmul.o(.text)
    __aeabi_ddiv                             0x080003d5   Thumb Code   222  ddiv.o(.text)
    __aeabi_cdrcmple                         0x080004b5   Thumb Code    48  cdrcmple.o(.text)
    __aeabi_uidiv                            0x080004e5   Thumb Code     0  uidiv.o(.text)
    __aeabi_uidivmod                         0x080004e5   Thumb Code    44  uidiv.o(.text)
    __aeabi_uldivmod                         0x08000511   Thumb Code    98  uldiv.o(.text)
    __aeabi_llsl                             0x08000573   Thumb Code    30  llshl.o(.text)
    _ll_shift_l                              0x08000573   Thumb Code     0  llshl.o(.text)
    __aeabi_lasr                             0x08000591   Thumb Code    36  llsshr.o(.text)
    _ll_sshift_r                             0x08000591   Thumb Code     0  llsshr.o(.text)
    __I$use$fp                               0x080005b5   Thumb Code     0  iusefp.o(.text)
    _double_round                            0x080005b5   Thumb Code    30  depilogue.o(.text)
    _double_epilogue                         0x080005d3   Thumb Code   156  depilogue.o(.text)
    __aeabi_d2ulz                            0x0800066f   Thumb Code    48  dfixul.o(.text)
    __scatterload                            0x080006a1   Thumb Code    28  init.o(.text)
    __scatterload_rt2                        0x080006a1   Thumb Code     0  init.o(.text)
    BusFault_Handler                         0x080006c5   Thumb Code     2  stm32f1xx_it.o(i.BusFault_Handler)
    CAN_Filter_Config                        0x080006c9   Thumb Code    46  my_can.o(i.CAN_Filter_Config)
    CAN_Loopback_Test_Init                   0x080006fd   Thumb Code    50  my_can.o(i.CAN_Loopback_Test_Init)
    DebugMon_Handler                         0x08000735   Thumb Code     2  stm32f1xx_it.o(i.DebugMon_Handler)
    Error_Handler                            0x08000737   Thumb Code     4  main.o(i.Error_Handler)
    HAL_CAN_ActivateNotification             0x0800073b   Thumb Code    36  stm32f1xx_hal_can.o(i.HAL_CAN_ActivateNotification)
    HAL_CAN_ConfigFilter                     0x08000761   Thumb Code   238  stm32f1xx_hal_can.o(i.HAL_CAN_ConfigFilter)
    HAL_CAN_ErrorCallback                    0x0800084f   Thumb Code     2  stm32f1xx_hal_can.o(i.HAL_CAN_ErrorCallback)
    HAL_CAN_GetRxMessage                     0x08000851   Thumb Code   244  stm32f1xx_hal_can.o(i.HAL_CAN_GetRxMessage)
    HAL_CAN_IRQHandler                       0x08000945   Thumb Code   508  stm32f1xx_hal_can.o(i.HAL_CAN_IRQHandler)
    HAL_CAN_Init                             0x08000b41   Thumb Code   282  stm32f1xx_hal_can.o(i.HAL_CAN_Init)
    HAL_CAN_MspInit                          0x08000c5d   Thumb Code   128  can.o(i.HAL_CAN_MspInit)
    HAL_CAN_RxFifo0FullCallback              0x08000ce9   Thumb Code     2  stm32f1xx_hal_can.o(i.HAL_CAN_RxFifo0FullCallback)
    HAL_CAN_RxFifo0MsgPendingCallback        0x08000ced   Thumb Code   178  my_can.o(i.HAL_CAN_RxFifo0MsgPendingCallback)
    HAL_CAN_RxFifo1FullCallback              0x08000e29   Thumb Code     2  stm32f1xx_hal_can.o(i.HAL_CAN_RxFifo1FullCallback)
    HAL_CAN_RxFifo1MsgPendingCallback        0x08000e2b   Thumb Code     2  stm32f1xx_hal_can.o(i.HAL_CAN_RxFifo1MsgPendingCallback)
    HAL_CAN_SleepCallback                    0x08000e2d   Thumb Code     2  stm32f1xx_hal_can.o(i.HAL_CAN_SleepCallback)
    HAL_CAN_Start                            0x08000e31   Thumb Code    88  stm32f1xx_hal_can.o(i.HAL_CAN_Start)
    HAL_CAN_TxMailbox0AbortCallback          0x08000e89   Thumb Code     2  stm32f1xx_hal_can.o(i.HAL_CAN_TxMailbox0AbortCallback)
    HAL_CAN_TxMailbox0CompleteCallback       0x08000e8b   Thumb Code     2  stm32f1xx_hal_can.o(i.HAL_CAN_TxMailbox0CompleteCallback)
    HAL_CAN_TxMailbox1AbortCallback          0x08000e8d   Thumb Code     2  stm32f1xx_hal_can.o(i.HAL_CAN_TxMailbox1AbortCallback)
    HAL_CAN_TxMailbox1CompleteCallback       0x08000e8f   Thumb Code     2  stm32f1xx_hal_can.o(i.HAL_CAN_TxMailbox1CompleteCallback)
    HAL_CAN_TxMailbox2AbortCallback          0x08000e91   Thumb Code     2  stm32f1xx_hal_can.o(i.HAL_CAN_TxMailbox2AbortCallback)
    HAL_CAN_TxMailbox2CompleteCallback       0x08000e93   Thumb Code     2  stm32f1xx_hal_can.o(i.HAL_CAN_TxMailbox2CompleteCallback)
    HAL_CAN_WakeUpFromRxMsgCallback          0x08000e95   Thumb Code     2  stm32f1xx_hal_can.o(i.HAL_CAN_WakeUpFromRxMsgCallback)
    HAL_DMA_Abort                            0x08000e97   Thumb Code    70  stm32f1xx_hal_dma.o(i.HAL_DMA_Abort)
    HAL_DMA_Abort_IT                         0x08000edd   Thumb Code   148  stm32f1xx_hal_dma.o(i.HAL_DMA_Abort_IT)
    HAL_Delay                                0x08000f75   Thumb Code    32  stm32f1xx_hal.o(i.HAL_Delay)
    HAL_GPIO_Init                            0x08000f99   Thumb Code   446  stm32f1xx_hal_gpio.o(i.HAL_GPIO_Init)
    HAL_GPIO_ReadPin                         0x08001179   Thumb Code    10  stm32f1xx_hal_gpio.o(i.HAL_GPIO_ReadPin)
    HAL_GPIO_TogglePin                       0x08001183   Thumb Code    16  stm32f1xx_hal_gpio.o(i.HAL_GPIO_TogglePin)
    HAL_GPIO_WritePin                        0x08001193   Thumb Code    10  stm32f1xx_hal_gpio.o(i.HAL_GPIO_WritePin)
    HAL_GetTick                              0x0800119d   Thumb Code     6  stm32f1xx_hal.o(i.HAL_GetTick)
    HAL_IncTick                              0x080011a9   Thumb Code    12  stm32f1xx_hal.o(i.HAL_IncTick)
    HAL_Init                                 0x080011b9   Thumb Code    32  stm32f1xx_hal.o(i.HAL_Init)
    HAL_InitTick                             0x080011dd   Thumb Code    54  stm32f1xx_hal.o(i.HAL_InitTick)
    HAL_MspInit                              0x0800121d   Thumb Code    52  stm32f1xx_hal_msp.o(i.HAL_MspInit)
    HAL_NVIC_EnableIRQ                       0x08001259   Thumb Code    26  stm32f1xx_hal_cortex.o(i.HAL_NVIC_EnableIRQ)
    HAL_NVIC_SetPriority                     0x08001275   Thumb Code    60  stm32f1xx_hal_cortex.o(i.HAL_NVIC_SetPriority)
    HAL_NVIC_SetPriorityGrouping             0x080012b5   Thumb Code    26  stm32f1xx_hal_cortex.o(i.HAL_NVIC_SetPriorityGrouping)
    HAL_RCC_ClockConfig                      0x080012d9   Thumb Code   280  stm32f1xx_hal_rcc.o(i.HAL_RCC_ClockConfig)
    HAL_RCC_GetPCLK1Freq                     0x08001405   Thumb Code    20  stm32f1xx_hal_rcc.o(i.HAL_RCC_GetPCLK1Freq)
    HAL_RCC_GetPCLK2Freq                     0x08001425   Thumb Code    20  stm32f1xx_hal_rcc.o(i.HAL_RCC_GetPCLK2Freq)
    HAL_RCC_GetSysClockFreq                  0x08001445   Thumb Code    58  stm32f1xx_hal_rcc.o(i.HAL_RCC_GetSysClockFreq)
    HAL_RCC_OscConfig                        0x08001491   Thumb Code   778  stm32f1xx_hal_rcc.o(i.HAL_RCC_OscConfig)
    HAL_SYSTICK_Config                       0x080017b1   Thumb Code    40  stm32f1xx_hal_cortex.o(i.HAL_SYSTICK_Config)
    HAL_TIMEx_BreakCallback                  0x080017d9   Thumb Code     2  stm32f1xx_hal_tim_ex.o(i.HAL_TIMEx_BreakCallback)
    HAL_TIMEx_CommutCallback                 0x080017db   Thumb Code     2  stm32f1xx_hal_tim_ex.o(i.HAL_TIMEx_CommutCallback)
    HAL_TIMEx_MasterConfigSynchronization    0x080017dd   Thumb Code    92  stm32f1xx_hal_tim_ex.o(i.HAL_TIMEx_MasterConfigSynchronization)
    HAL_TIM_Base_Init                        0x08001845   Thumb Code    90  stm32f1xx_hal_tim.o(i.HAL_TIM_Base_Init)
    HAL_TIM_Base_MspInit                     0x080018a1   Thumb Code    50  tim.o(i.HAL_TIM_Base_MspInit)
    HAL_TIM_Base_Start_IT                    0x080018dd   Thumb Code    76  stm32f1xx_hal_tim.o(i.HAL_TIM_Base_Start_IT)
    HAL_TIM_ConfigClockSource                0x08001935   Thumb Code   220  stm32f1xx_hal_tim.o(i.HAL_TIM_ConfigClockSource)
    HAL_TIM_IC_CaptureCallback               0x08001a11   Thumb Code     2  stm32f1xx_hal_tim.o(i.HAL_TIM_IC_CaptureCallback)
    HAL_TIM_IRQHandler                       0x08001a13   Thumb Code   304  stm32f1xx_hal_tim.o(i.HAL_TIM_IRQHandler)
    HAL_TIM_OC_DelayElapsedCallback          0x08001b43   Thumb Code     2  stm32f1xx_hal_tim.o(i.HAL_TIM_OC_DelayElapsedCallback)
    HAL_TIM_PWM_PulseFinishedCallback        0x08001b45   Thumb Code     2  stm32f1xx_hal_tim.o(i.HAL_TIM_PWM_PulseFinishedCallback)
    HAL_TIM_PeriodElapsedCallback            0x08001b49   Thumb Code    42  stm32f1xx_it.o(i.HAL_TIM_PeriodElapsedCallback)
    HAL_TIM_TriggerCallback                  0x08001b7d   Thumb Code     2  stm32f1xx_hal_tim.o(i.HAL_TIM_TriggerCallback)
    HAL_UARTEx_RxEventCallback               0x08001b7f   Thumb Code     2  stm32f1xx_hal_uart.o(i.HAL_UARTEx_RxEventCallback)
    HAL_UART_ErrorCallback                   0x08001b81   Thumb Code     2  stm32f1xx_hal_uart.o(i.HAL_UART_ErrorCallback)
    HAL_UART_IRQHandler                      0x08001b85   Thumb Code   616  stm32f1xx_hal_uart.o(i.HAL_UART_IRQHandler)
    HAL_UART_Init                            0x08001df1   Thumb Code   100  stm32f1xx_hal_uart.o(i.HAL_UART_Init)
    HAL_UART_MspInit                         0x08001e55   Thumb Code   116  usart.o(i.HAL_UART_MspInit)
    HAL_UART_RxCpltCallback                  0x08001ed5   Thumb Code     2  stm32f1xx_hal_uart.o(i.HAL_UART_RxCpltCallback)
    HAL_UART_Transmit                        0x08001ed7   Thumb Code   160  stm32f1xx_hal_uart.o(i.HAL_UART_Transmit)
    HAL_UART_TxCpltCallback                  0x08001f77   Thumb Code     2  stm32f1xx_hal_uart.o(i.HAL_UART_TxCpltCallback)
    HardFault_Handler                        0x08001f79   Thumb Code     2  stm32f1xx_it.o(i.HardFault_Handler)
    IIC_GPIO_Init                            0x08001f7d   Thumb Code    74  soft_iic.o(i.IIC_GPIO_Init)
    IIC_START                                0x08001fd1   Thumb Code    30  soft_iic.o(i.IIC_START)
    IIC_STOP                                 0x08001fef   Thumb Code    24  soft_iic.o(i.IIC_STOP)
    IIC_Send_Byte                            0x08002007   Thumb Code    58  soft_iic.o(i.IIC_Send_Byte)
    IIC_W_SCL                                0x08002041   Thumb Code    10  soft_iic.o(i.IIC_W_SCL)
    IIC_W_SDA                                0x08002051   Thumb Code    10  soft_iic.o(i.IIC_W_SDA)
    Key_Check                                0x08002061   Thumb Code    26  my_key.o(i.Key_Check)
    Key_GetState                             0x08002081   Thumb Code    20  my_key.o(i.Key_GetState)
    Key_Tick                                 0x08002099   Thumb Code   302  my_key.o(i.Key_Tick)
    MX_CAN_Init                              0x080021cd   Thumb Code    62  can.o(i.MX_CAN_Init)
    MX_GPIO_Init                             0x08002215   Thumb Code   150  gpio.o(i.MX_GPIO_Init)
    MX_TIM1_Init                             0x080022bd   Thumb Code    96  tim.o(i.MX_TIM1_Init)
    MX_USART1_UART_Init                      0x08002325   Thumb Code    48  usart.o(i.MX_USART1_UART_Init)
    MemManage_Handler                        0x0800235d   Thumb Code     2  stm32f1xx_it.o(i.MemManage_Handler)
    MySPI_Start                              0x0800235f   Thumb Code     6  soft_spi.o(i.MySPI_Start)
    MySPI_Stop                               0x08002365   Thumb Code     6  soft_spi.o(i.MySPI_Stop)
    MySPI_SwapByte                           0x0800236d   Thumb Code    66  soft_spi.o(i.MySPI_SwapByte)
    NMI_Handler                              0x080023af   Thumb Code     2  stm32f1xx_it.o(i.NMI_Handler)
    OLED_Clear                               0x080023b1   Thumb Code    34  oled.o(i.OLED_Clear)
    OLED_ClearArea                           0x080023d9   Thumb Code    86  oled.o(i.OLED_ClearArea)
    OLED_Init                                0x08002435   Thumb Code   152  oled.o(i.OLED_Init)
    OLED_Printf                              0x080024cd   Thumb Code    42  oled.o(i.OLED_Printf)
    OLED_SetCursor                           0x080024f7   Thumb Code    34  oled.o(i.OLED_SetCursor)
    OLED_ShowChar                            0x08002519   Thumb Code    52  oled.o(i.OLED_ShowChar)
    OLED_ShowImage                           0x08002555   Thumb Code   182  oled.o(i.OLED_ShowImage)
    OLED_ShowString                          0x08002611   Thumb Code   210  oled.o(i.OLED_ShowString)
    OLED_Show_CAN_Data_Str                   0x080026ed   Thumb Code   142  my_can.o(i.OLED_Show_CAN_Data_Str)
    OLED_Update                              0x08002789   Thumb Code    34  oled.o(i.OLED_Update)
    OLED_WriteCommand                        0x080027b1   Thumb Code    34  soft_iic.o(i.OLED_WriteCommand)
    OLED_WriteData                           0x080027d3   Thumb Code    48  soft_iic.o(i.OLED_WriteData)
    PendSV_Handler                           0x08002803   Thumb Code     2  stm32f1xx_it.o(i.PendSV_Handler)
    SPI_GPIO_Init                            0x08002805   Thumb Code   120  soft_spi.o(i.SPI_GPIO_Init)
    SPI_R_MISO                               0x08002889   Thumb Code     8  soft_spi.o(i.SPI_R_MISO)
    SPI_W_CS                                 0x08002895   Thumb Code    12  soft_spi.o(i.SPI_W_CS)
    SPI_W_MOSI                               0x080028a5   Thumb Code    16  soft_spi.o(i.SPI_W_MOSI)
    SPI_W_SCK                                0x080028b9   Thumb Code    10  soft_spi.o(i.SPI_W_SCK)
    SVC_Handler                              0x080028c9   Thumb Code     2  stm32f1xx_it.o(i.SVC_Handler)
    SysTick_Handler                          0x080028cb   Thumb Code     4  stm32f1xx_it.o(i.SysTick_Handler)
    SystemClock_Config                       0x080028cf   Thumb Code    94  main.o(i.SystemClock_Config)
    SystemInit                               0x0800292d   Thumb Code     2  system_stm32f1xx.o(i.SystemInit)
    TIM1_UP_IRQHandler                       0x08002931   Thumb Code     6  stm32f1xx_it.o(i.TIM1_UP_IRQHandler)
    TIM_Base_SetConfig                       0x0800293d   Thumb Code   108  stm32f1xx_hal_tim.o(i.TIM_Base_SetConfig)
    TIM_ETR_SetConfig                        0x080029b5   Thumb Code    20  stm32f1xx_hal_tim.o(i.TIM_ETR_SetConfig)
    USART1_IRQHandler                        0x08002c6d   Thumb Code     6  stm32f1xx_it.o(i.USART1_IRQHandler)
    USB_HP_CAN1_TX_IRQHandler                0x08002c79   Thumb Code     6  stm32f1xx_it.o(i.USB_HP_CAN1_TX_IRQHandler)
    USB_LP_CAN1_RX0_IRQHandler               0x08002c85   Thumb Code     6  stm32f1xx_it.o(i.USB_LP_CAN1_RX0_IRQHandler)
    UsageFault_Handler                       0x08002c91   Thumb Code     2  stm32f1xx_it.o(i.UsageFault_Handler)
    W25Q128_PageProgram                      0x08002c93   Thumb Code    74  w25q128.o(i.W25Q128_PageProgram)
    W25Q128_ReadData                         0x08002cdd   Thumb Code    66  w25q128.o(i.W25Q128_ReadData)
    W25Q128_ReadID                           0x08002d1f   Thumb Code    60  w25q128.o(i.W25Q128_ReadID)
    W25Q128_SectorErase                      0x08002d5b   Thumb Code    52  w25q128.o(i.W25Q128_SectorErase)
    W25Q128_Test                             0x08002d91   Thumb Code   408  w25q128.o(i.W25Q128_Test)
    W25Q128_WaitBusy                         0x08003229   Thumb Code    38  w25q128.o(i.W25Q128_WaitBusy)
    W25Q128_WriteEnable                      0x08003255   Thumb Code    20  w25q128.o(i.W25Q128_WriteEnable)
    __0printf                                0x08003269   Thumb Code    22  printfa.o(i.__0printf)
    __1printf                                0x08003269   Thumb Code     0  printfa.o(i.__0printf)
    __2printf                                0x08003269   Thumb Code     0  printfa.o(i.__0printf)
    __c89printf                              0x08003269   Thumb Code     0  printfa.o(i.__0printf)
    printf                                   0x08003269   Thumb Code     0  printfa.o(i.__0printf)
    __0snprintf                              0x08003289   Thumb Code    48  printfa.o(i.__0snprintf)
    __1snprintf                              0x08003289   Thumb Code     0  printfa.o(i.__0snprintf)
    __2snprintf                              0x08003289   Thumb Code     0  printfa.o(i.__0snprintf)
    __c89snprintf                            0x08003289   Thumb Code     0  printfa.o(i.__0snprintf)
    snprintf                                 0x08003289   Thumb Code     0  printfa.o(i.__0snprintf)
    __0vsprintf                              0x080032bd   Thumb Code    30  printfa.o(i.__0vsprintf)
    __1vsprintf                              0x080032bd   Thumb Code     0  printfa.o(i.__0vsprintf)
    __2vsprintf                              0x080032bd   Thumb Code     0  printfa.o(i.__0vsprintf)
    __c89vsprintf                            0x080032bd   Thumb Code     0  printfa.o(i.__0vsprintf)
    vsprintf                                 0x080032bd   Thumb Code     0  printfa.o(i.__0vsprintf)
    __scatterload_copy                       0x08003301   Thumb Code    14  handlers.o(i.__scatterload_copy)
    __scatterload_null                       0x0800330f   Thumb Code     2  handlers.o(i.__scatterload_null)
    __scatterload_zeroinit                   0x08003311   Thumb Code    14  handlers.o(i.__scatterload_zeroinit)
    fputc                                    0x08003bcd   Thumb Code    20  usart.o(i.fputc)
    main                                     0x08003be5   Thumb Code    94  main.o(i.main)
    OLED_F8x16                               0x08003c74   Data        1520  oled_data.o(.constdata)
    OLED_F6x8                                0x08004264   Data         570  oled_data.o(.constdata)
    OLED_CF16x16                             0x0800449e   Data         245  oled_data.o(.constdata)
    AHBPrescTable                            0x080045a5   Data          16  system_stm32f1xx.o(.constdata)
    APBPrescTable                            0x080045b5   Data           8  system_stm32f1xx.o(.constdata)
    Region$$Table$$Base                      0x080045c0   Number         0  anon$$obj.o(Region$$Table)
    Region$$Table$$Limit                     0x080045e0   Number         0  anon$$obj.o(Region$$Table)
    Key_Flag                                 0x20000004   Data           1  my_key.o(.data)
    uwTickFreq                               0x20000008   Data           1  stm32f1xx_hal.o(.data)
    uwTickPrio                               0x2000000c   Data           4  stm32f1xx_hal.o(.data)
    uwTick                                   0x20000010   Data           4  stm32f1xx_hal.o(.data)
    SystemCoreClock                          0x20000014   Data           4  system_stm32f1xx.o(.data)
    __stdout                                 0x20000018   Data           4  stdout.o(.data)
    hcan                                     0x2000001c   Data          40  can.o(.bss)
    htim1                                    0x20000044   Data          72  tim.o(.bss)
    huart1                                   0x2000008c   Data          72  usart.o(.bss)
    OLED_DisplayBuf                          0x200000d4   Data        1024  oled.o(.bss)
    __initial_sp                             0x200008d8   Data           0  startup_stm32f103xb.o(STACK)



==============================================================================

Memory Map of the image

  Image Entry point : 0x080000ed

  Load Region LR_IROM1 (Base: 0x08000000, Size: 0x000045fc, Max: 0x00010000, ABSOLUTE)

    Execution Region ER_IROM1 (Exec base: 0x08000000, Load base: 0x08000000, Size: 0x000045e0, Max: 0x00010000, ABSOLUTE)

    Exec Addr    Load Addr    Size         Type   Attr      Idx    E Section Name        Object

    0x08000000   0x08000000   0x000000ec   Data   RO            3    RESET               startup_stm32f103xb.o
    0x080000ec   0x080000ec   0x00000000   Code   RO         3924  * .ARM.Collect$$$$00000000  mc_w.l(entry.o)
    0x080000ec   0x080000ec   0x00000004   Code   RO         4253    .ARM.Collect$$$$00000001  mc_w.l(entry2.o)
    0x080000f0   0x080000f0   0x00000004   Code   RO         4256    .ARM.Collect$$$$00000004  mc_w.l(entry5.o)
    0x080000f4   0x080000f4   0x00000000   Code   RO         4258    .ARM.Collect$$$$00000008  mc_w.l(entry7b.o)
    0x080000f4   0x080000f4   0x00000000   Code   RO         4260    .ARM.Collect$$$$0000000A  mc_w.l(entry8b.o)
    0x080000f4   0x080000f4   0x00000008   Code   RO         4261    .ARM.Collect$$$$0000000B  mc_w.l(entry9a.o)
    0x080000fc   0x080000fc   0x00000004   Code   RO         4268    .ARM.Collect$$$$0000000E  mc_w.l(entry12b.o)
    0x08000100   0x08000100   0x00000000   Code   RO         4263    .ARM.Collect$$$$0000000F  mc_w.l(entry10a.o)
    0x08000100   0x08000100   0x00000000   Code   RO         4265    .ARM.Collect$$$$00000011  mc_w.l(entry11a.o)
    0x08000100   0x08000100   0x00000004   Code   RO         4254    .ARM.Collect$$$$00002712  mc_w.l(entry2.o)
    0x08000104   0x08000104   0x00000024   Code   RO            4    .text               startup_stm32f103xb.o
    0x08000128   0x08000128   0x00000020   Code   RO         3927    .text               mc_w.l(llushr.o)
    0x08000148   0x08000148   0x00000024   Code   RO         3931    .text               mc_w.l(memseta.o)
    0x0800016c   0x0800016c   0x0000001c   Code   RO         3935    .text               mc_w.l(strcmp.o)
    0x08000188   0x08000188   0x0000001a   Code   RO         3937    .text               mc_w.l(memcmp.o)
    0x080001a2   0x080001a2   0x0000014e   Code   RO         4206    .text               mf_w.l(dadd.o)
    0x080002f0   0x080002f0   0x000000e4   Code   RO         4208    .text               mf_w.l(dmul.o)
    0x080003d4   0x080003d4   0x000000de   Code   RO         4210    .text               mf_w.l(ddiv.o)
    0x080004b2   0x080004b2   0x00000002   PAD
    0x080004b4   0x080004b4   0x00000030   Code   RO         4224    .text               mf_w.l(cdrcmple.o)
    0x080004e4   0x080004e4   0x0000002c   Code   RO         4270    .text               mc_w.l(uidiv.o)
    0x08000510   0x08000510   0x00000062   Code   RO         4272    .text               mc_w.l(uldiv.o)
    0x08000572   0x08000572   0x0000001e   Code   RO         4274    .text               mc_w.l(llshl.o)
    0x08000590   0x08000590   0x00000024   Code   RO         4276    .text               mc_w.l(llsshr.o)
    0x080005b4   0x080005b4   0x00000000   Code   RO         4285    .text               mc_w.l(iusefp.o)
    0x080005b4   0x080005b4   0x000000ba   Code   RO         4288    .text               mf_w.l(depilogue.o)
    0x0800066e   0x0800066e   0x00000030   Code   RO         4292    .text               mf_w.l(dfixul.o)
    0x0800069e   0x0800069e   0x00000002   PAD
    0x080006a0   0x080006a0   0x00000024   Code   RO         4298    .text               mc_w.l(init.o)
    0x080006c4   0x080006c4   0x00000002   Code   RO          456    i.BusFault_Handler  stm32f1xx_it.o
    0x080006c6   0x080006c6   0x00000002   PAD
    0x080006c8   0x080006c8   0x00000034   Code   RO          586    i.CAN_Filter_Config  my_can.o
    0x080006fc   0x080006fc   0x00000038   Code   RO          587    i.CAN_Loopback_Test_Init  my_can.o
    0x08000734   0x08000734   0x00000002   Code   RO          457    i.DebugMon_Handler  stm32f1xx_it.o
    0x08000736   0x08000736   0x00000004   Code   RO          243    i.Error_Handler     main.o
    0x0800073a   0x0800073a   0x00000024   Code   RO         1333    i.HAL_CAN_ActivateNotification  stm32f1xx_hal_can.o
    0x0800075e   0x0800075e   0x00000002   PAD
    0x08000760   0x08000760   0x000000ee   Code   RO         1335    i.HAL_CAN_ConfigFilter  stm32f1xx_hal_can.o
    0x0800084e   0x0800084e   0x00000002   Code   RO         1338    i.HAL_CAN_ErrorCallback  stm32f1xx_hal_can.o
    0x08000850   0x08000850   0x000000f4   Code   RO         1341    i.HAL_CAN_GetRxMessage  stm32f1xx_hal_can.o
    0x08000944   0x08000944   0x000001fc   Code   RO         1345    i.HAL_CAN_IRQHandler  stm32f1xx_hal_can.o
    0x08000b40   0x08000b40   0x0000011a   Code   RO         1346    i.HAL_CAN_Init      stm32f1xx_hal_can.o
    0x08000c5a   0x08000c5a   0x00000002   PAD
    0x08000c5c   0x08000c5c   0x0000008c   Code   RO          325    i.HAL_CAN_MspInit   can.o
    0x08000ce8   0x08000ce8   0x00000002   Code   RO         1353    i.HAL_CAN_RxFifo0FullCallback  stm32f1xx_hal_can.o
    0x08000cea   0x08000cea   0x00000002   PAD
    0x08000cec   0x08000cec   0x0000013c   Code   RO          590    i.HAL_CAN_RxFifo0MsgPendingCallback  my_can.o
    0x08000e28   0x08000e28   0x00000002   Code   RO         1355    i.HAL_CAN_RxFifo1FullCallback  stm32f1xx_hal_can.o
    0x08000e2a   0x08000e2a   0x00000002   Code   RO         1356    i.HAL_CAN_RxFifo1MsgPendingCallback  stm32f1xx_hal_can.o
    0x08000e2c   0x08000e2c   0x00000002   Code   RO         1357    i.HAL_CAN_SleepCallback  stm32f1xx_hal_can.o
    0x08000e2e   0x08000e2e   0x00000002   PAD
    0x08000e30   0x08000e30   0x00000058   Code   RO         1358    i.HAL_CAN_Start     stm32f1xx_hal_can.o
    0x08000e88   0x08000e88   0x00000002   Code   RO         1360    i.HAL_CAN_TxMailbox0AbortCallback  stm32f1xx_hal_can.o
    0x08000e8a   0x08000e8a   0x00000002   Code   RO         1361    i.HAL_CAN_TxMailbox0CompleteCallback  stm32f1xx_hal_can.o
    0x08000e8c   0x08000e8c   0x00000002   Code   RO         1362    i.HAL_CAN_TxMailbox1AbortCallback  stm32f1xx_hal_can.o
    0x08000e8e   0x08000e8e   0x00000002   Code   RO         1363    i.HAL_CAN_TxMailbox1CompleteCallback  stm32f1xx_hal_can.o
    0x08000e90   0x08000e90   0x00000002   Code   RO         1364    i.HAL_CAN_TxMailbox2AbortCallback  stm32f1xx_hal_can.o
    0x08000e92   0x08000e92   0x00000002   Code   RO         1365    i.HAL_CAN_TxMailbox2CompleteCallback  stm32f1xx_hal_can.o
    0x08000e94   0x08000e94   0x00000002   Code   RO         1367    i.HAL_CAN_WakeUpFromRxMsgCallback  stm32f1xx_hal_can.o
    0x08000e96   0x08000e96   0x00000046   Code   RO         1947    i.HAL_DMA_Abort     stm32f1xx_hal_dma.o
    0x08000edc   0x08000edc   0x00000098   Code   RO         1948    i.HAL_DMA_Abort_IT  stm32f1xx_hal_dma.o
    0x08000f74   0x08000f74   0x00000024   Code   RO         1573    i.HAL_Delay         stm32f1xx_hal.o
    0x08000f98   0x08000f98   0x000001e0   Code   RO         1883    i.HAL_GPIO_Init     stm32f1xx_hal_gpio.o
    0x08001178   0x08001178   0x0000000a   Code   RO         1885    i.HAL_GPIO_ReadPin  stm32f1xx_hal_gpio.o
    0x08001182   0x08001182   0x00000010   Code   RO         1886    i.HAL_GPIO_TogglePin  stm32f1xx_hal_gpio.o
    0x08001192   0x08001192   0x0000000a   Code   RO         1887    i.HAL_GPIO_WritePin  stm32f1xx_hal_gpio.o
    0x0800119c   0x0800119c   0x0000000c   Code   RO         1577    i.HAL_GetTick       stm32f1xx_hal.o
    0x080011a8   0x080011a8   0x00000010   Code   RO         1583    i.HAL_IncTick       stm32f1xx_hal.o
    0x080011b8   0x080011b8   0x00000024   Code   RO         1584    i.HAL_Init          stm32f1xx_hal.o
    0x080011dc   0x080011dc   0x00000040   Code   RO         1585    i.HAL_InitTick      stm32f1xx_hal.o
    0x0800121c   0x0800121c   0x0000003c   Code   RO          562    i.HAL_MspInit       stm32f1xx_hal_msp.o
    0x08001258   0x08001258   0x0000001a   Code   RO         2043    i.HAL_NVIC_EnableIRQ  stm32f1xx_hal_cortex.o
    0x08001272   0x08001272   0x00000002   PAD
    0x08001274   0x08001274   0x00000040   Code   RO         2049    i.HAL_NVIC_SetPriority  stm32f1xx_hal_cortex.o
    0x080012b4   0x080012b4   0x00000024   Code   RO         2050    i.HAL_NVIC_SetPriorityGrouping  stm32f1xx_hal_cortex.o
    0x080012d8   0x080012d8   0x0000012c   Code   RO         1741    i.HAL_RCC_ClockConfig  stm32f1xx_hal_rcc.o
    0x08001404   0x08001404   0x00000020   Code   RO         1748    i.HAL_RCC_GetPCLK1Freq  stm32f1xx_hal_rcc.o
    0x08001424   0x08001424   0x00000020   Code   RO         1749    i.HAL_RCC_GetPCLK2Freq  stm32f1xx_hal_rcc.o
    0x08001444   0x08001444   0x0000004c   Code   RO         1750    i.HAL_RCC_GetSysClockFreq  stm32f1xx_hal_rcc.o
    0x08001490   0x08001490   0x00000320   Code   RO         1753    i.HAL_RCC_OscConfig  stm32f1xx_hal_rcc.o
    0x080017b0   0x080017b0   0x00000028   Code   RO         2054    i.HAL_SYSTICK_Config  stm32f1xx_hal_cortex.o
    0x080017d8   0x080017d8   0x00000002   Code   RO         3249    i.HAL_TIMEx_BreakCallback  stm32f1xx_hal_tim_ex.o
    0x080017da   0x080017da   0x00000002   Code   RO         3250    i.HAL_TIMEx_CommutCallback  stm32f1xx_hal_tim_ex.o
    0x080017dc   0x080017dc   0x00000068   Code   RO         3268    i.HAL_TIMEx_MasterConfigSynchronization  stm32f1xx_hal_tim_ex.o
    0x08001844   0x08001844   0x0000005a   Code   RO         2545    i.HAL_TIM_Base_Init  stm32f1xx_hal_tim.o
    0x0800189e   0x0800189e   0x00000002   PAD
    0x080018a0   0x080018a0   0x0000003c   Code   RO          367    i.HAL_TIM_Base_MspInit  tim.o
    0x080018dc   0x080018dc   0x00000058   Code   RO         2550    i.HAL_TIM_Base_Start_IT  stm32f1xx_hal_tim.o
    0x08001934   0x08001934   0x000000dc   Code   RO         2554    i.HAL_TIM_ConfigClockSource  stm32f1xx_hal_tim.o
    0x08001a10   0x08001a10   0x00000002   Code   RO         2579    i.HAL_TIM_IC_CaptureCallback  stm32f1xx_hal_tim.o
    0x08001a12   0x08001a12   0x00000130   Code   RO         2593    i.HAL_TIM_IRQHandler  stm32f1xx_hal_tim.o
    0x08001b42   0x08001b42   0x00000002   Code   RO         2596    i.HAL_TIM_OC_DelayElapsedCallback  stm32f1xx_hal_tim.o
    0x08001b44   0x08001b44   0x00000002   Code   RO         2623    i.HAL_TIM_PWM_PulseFinishedCallback  stm32f1xx_hal_tim.o
    0x08001b46   0x08001b46   0x00000002   PAD
    0x08001b48   0x08001b48   0x00000034   Code   RO          458    i.HAL_TIM_PeriodElapsedCallback  stm32f1xx_it.o
    0x08001b7c   0x08001b7c   0x00000002   Code   RO         2636    i.HAL_TIM_TriggerCallback  stm32f1xx_hal_tim.o
    0x08001b7e   0x08001b7e   0x00000002   Code   RO         3528    i.HAL_UARTEx_RxEventCallback  stm32f1xx_hal_uart.o
    0x08001b80   0x08001b80   0x00000002   Code   RO         3542    i.HAL_UART_ErrorCallback  stm32f1xx_hal_uart.o
    0x08001b82   0x08001b82   0x00000002   PAD
    0x08001b84   0x08001b84   0x0000026c   Code   RO         3545    i.HAL_UART_IRQHandler  stm32f1xx_hal_uart.o
    0x08001df0   0x08001df0   0x00000064   Code   RO         3546    i.HAL_UART_Init     stm32f1xx_hal_uart.o
    0x08001e54   0x08001e54   0x00000080   Code   RO          409    i.HAL_UART_MspInit  usart.o
    0x08001ed4   0x08001ed4   0x00000002   Code   RO         3552    i.HAL_UART_RxCpltCallback  stm32f1xx_hal_uart.o
    0x08001ed6   0x08001ed6   0x000000a0   Code   RO         3554    i.HAL_UART_Transmit  stm32f1xx_hal_uart.o
    0x08001f76   0x08001f76   0x00000002   Code   RO         3557    i.HAL_UART_TxCpltCallback  stm32f1xx_hal_uart.o
    0x08001f78   0x08001f78   0x00000002   Code   RO          459    i.HardFault_Handler  stm32f1xx_it.o
    0x08001f7a   0x08001f7a   0x00000002   PAD
    0x08001f7c   0x08001f7c   0x00000054   Code   RO           13    i.IIC_GPIO_Init     soft_iic.o
    0x08001fd0   0x08001fd0   0x0000001e   Code   RO           15    i.IIC_START         soft_iic.o
    0x08001fee   0x08001fee   0x00000018   Code   RO           16    i.IIC_STOP          soft_iic.o
    0x08002006   0x08002006   0x0000003a   Code   RO           17    i.IIC_Send_Byte     soft_iic.o
    0x08002040   0x08002040   0x00000010   Code   RO           18    i.IIC_W_SCL         soft_iic.o
    0x08002050   0x08002050   0x00000010   Code   RO           19    i.IIC_W_SDA         soft_iic.o
    0x08002060   0x08002060   0x00000020   Code   RO          651    i.Key_Check         my_key.o
    0x08002080   0x08002080   0x00000018   Code   RO          652    i.Key_GetState      my_key.o
    0x08002098   0x08002098   0x00000134   Code   RO          653    i.Key_Tick          my_key.o
    0x080021cc   0x080021cc   0x00000048   Code   RO          326    i.MX_CAN_Init       can.o
    0x08002214   0x08002214   0x000000a8   Code   RO          300    i.MX_GPIO_Init      gpio.o
    0x080022bc   0x080022bc   0x00000068   Code   RO          368    i.MX_TIM1_Init      tim.o
    0x08002324   0x08002324   0x00000038   Code   RO          410    i.MX_USART1_UART_Init  usart.o
    0x0800235c   0x0800235c   0x00000002   Code   RO          460    i.MemManage_Handler  stm32f1xx_it.o
    0x0800235e   0x0800235e   0x00000006   Code   RO         1150    i.MySPI_Start       soft_spi.o
    0x08002364   0x08002364   0x00000006   Code   RO         1151    i.MySPI_Stop        soft_spi.o
    0x0800236a   0x0800236a   0x00000002   PAD
    0x0800236c   0x0800236c   0x00000042   Code   RO         1152    i.MySPI_SwapByte    soft_spi.o
    0x080023ae   0x080023ae   0x00000002   Code   RO          461    i.NMI_Handler       stm32f1xx_it.o
    0x080023b0   0x080023b0   0x00000028   Code   RO          698    i.OLED_Clear        oled.o
    0x080023d8   0x080023d8   0x0000005c   Code   RO          699    i.OLED_ClearArea    oled.o
    0x08002434   0x08002434   0x00000098   Code   RO          708    i.OLED_Init         oled.o
    0x080024cc   0x080024cc   0x0000002a   Code   RO          711    i.OLED_Printf       oled.o
    0x080024f6   0x080024f6   0x00000022   Code   RO          714    i.OLED_SetCursor    oled.o
    0x08002518   0x08002518   0x0000003c   Code   RO          716    i.OLED_ShowChar     oled.o
    0x08002554   0x08002554   0x000000bc   Code   RO          719    i.OLED_ShowImage    oled.o
    0x08002610   0x08002610   0x000000dc   Code   RO          722    i.OLED_ShowString   oled.o
    0x080026ec   0x080026ec   0x0000009c   Code   RO          591    i.OLED_Show_CAN_Data_Str  my_can.o
    0x08002788   0x08002788   0x00000028   Code   RO          723    i.OLED_Update       oled.o
    0x080027b0   0x080027b0   0x00000022   Code   RO           23    i.OLED_WriteCommand  soft_iic.o
    0x080027d2   0x080027d2   0x00000030   Code   RO           24    i.OLED_WriteData    soft_iic.o
    0x08002802   0x08002802   0x00000002   Code   RO          462    i.PendSV_Handler    stm32f1xx_it.o
    0x08002804   0x08002804   0x00000084   Code   RO         1153    i.SPI_GPIO_Init     soft_spi.o
    0x08002888   0x08002888   0x0000000c   Code   RO         1154    i.SPI_R_MISO        soft_spi.o
    0x08002894   0x08002894   0x00000010   Code   RO         1155    i.SPI_W_CS          soft_spi.o
    0x080028a4   0x080028a4   0x00000014   Code   RO         1156    i.SPI_W_MOSI        soft_spi.o
    0x080028b8   0x080028b8   0x00000010   Code   RO         1157    i.SPI_W_SCK         soft_spi.o
    0x080028c8   0x080028c8   0x00000002   Code   RO          463    i.SVC_Handler       stm32f1xx_it.o
    0x080028ca   0x080028ca   0x00000004   Code   RO          464    i.SysTick_Handler   stm32f1xx_it.o
    0x080028ce   0x080028ce   0x0000005e   Code   RO          244    i.SystemClock_Config  main.o
    0x0800292c   0x0800292c   0x00000002   Code   RO         3880    i.SystemInit        system_stm32f1xx.o
    0x0800292e   0x0800292e   0x00000002   PAD
    0x08002930   0x08002930   0x0000000c   Code   RO          465    i.TIM1_UP_IRQHandler  stm32f1xx_it.o
    0x0800293c   0x0800293c   0x00000078   Code   RO         2638    i.TIM_Base_SetConfig  stm32f1xx_hal_tim.o
    0x080029b4   0x080029b4   0x00000014   Code   RO         2649    i.TIM_ETR_SetConfig  stm32f1xx_hal_tim.o
    0x080029c8   0x080029c8   0x00000010   Code   RO         2650    i.TIM_ITRx_SetConfig  stm32f1xx_hal_tim.o
    0x080029d8   0x080029d8   0x00000022   Code   RO         2656    i.TIM_TI1_ConfigInputStage  stm32f1xx_hal_tim.o
    0x080029fa   0x080029fa   0x00000024   Code   RO         2658    i.TIM_TI2_ConfigInputStage  stm32f1xx_hal_tim.o
    0x08002a1e   0x08002a1e   0x00000010   Code   RO         3559    i.UART_DMAAbortOnError  stm32f1xx_hal_uart.o
    0x08002a2e   0x08002a2e   0x0000004e   Code   RO         3569    i.UART_EndRxTransfer  stm32f1xx_hal_uart.o
    0x08002a7c   0x08002a7c   0x000000c2   Code   RO         3571    i.UART_Receive_IT   stm32f1xx_hal_uart.o
    0x08002b3e   0x08002b3e   0x00000002   PAD
    0x08002b40   0x08002b40   0x000000b8   Code   RO         3572    i.UART_SetConfig    stm32f1xx_hal_uart.o
    0x08002bf8   0x08002bf8   0x00000072   Code   RO         3575    i.UART_WaitOnFlagUntilTimeout  stm32f1xx_hal_uart.o
    0x08002c6a   0x08002c6a   0x00000002   PAD
    0x08002c6c   0x08002c6c   0x0000000c   Code   RO          466    i.USART1_IRQHandler  stm32f1xx_it.o
    0x08002c78   0x08002c78   0x0000000c   Code   RO          467    i.USB_HP_CAN1_TX_IRQHandler  stm32f1xx_it.o
    0x08002c84   0x08002c84   0x0000000c   Code   RO          468    i.USB_LP_CAN1_RX0_IRQHandler  stm32f1xx_it.o
    0x08002c90   0x08002c90   0x00000002   Code   RO          469    i.UsageFault_Handler  stm32f1xx_it.o
    0x08002c92   0x08002c92   0x0000004a   Code   RO         1213    i.W25Q128_PageProgram  w25q128.o
    0x08002cdc   0x08002cdc   0x00000042   Code   RO         1214    i.W25Q128_ReadData  w25q128.o
    0x08002d1e   0x08002d1e   0x0000003c   Code   RO         1215    i.W25Q128_ReadID    w25q128.o
    0x08002d5a   0x08002d5a   0x00000034   Code   RO         1216    i.W25Q128_SectorErase  w25q128.o
    0x08002d8e   0x08002d8e   0x00000002   PAD
    0x08002d90   0x08002d90   0x00000498   Code   RO         1217    i.W25Q128_Test      w25q128.o
    0x08003228   0x08003228   0x0000002c   Code   RO         1218    i.W25Q128_WaitBusy  w25q128.o
    0x08003254   0x08003254   0x00000014   Code   RO         1219    i.W25Q128_WriteEnable  w25q128.o
    0x08003268   0x08003268   0x00000020   Code   RO         4176    i.__0printf         mc_w.l(printfa.o)
    0x08003288   0x08003288   0x00000034   Code   RO         4177    i.__0snprintf       mc_w.l(printfa.o)
    0x080032bc   0x080032bc   0x00000024   Code   RO         4182    i.__0vsprintf       mc_w.l(printfa.o)
    0x080032e0   0x080032e0   0x00000020   Code   RO         2056    i.__NVIC_SetPriority  stm32f1xx_hal_cortex.o
    0x08003300   0x08003300   0x0000000e   Code   RO         4304    i.__scatterload_copy  mc_w.l(handlers.o)
    0x0800330e   0x0800330e   0x00000002   Code   RO         4305    i.__scatterload_null  mc_w.l(handlers.o)
    0x08003310   0x08003310   0x0000000e   Code   RO         4306    i.__scatterload_zeroinit  mc_w.l(handlers.o)
    0x0800331e   0x0800331e   0x00000002   PAD
    0x08003320   0x08003320   0x00000184   Code   RO         4183    i._fp_digits        mc_w.l(printfa.o)
    0x080034a4   0x080034a4   0x000006b4   Code   RO         4184    i._printf_core      mc_w.l(printfa.o)
    0x08003b58   0x08003b58   0x00000024   Code   RO         4185    i._printf_post_padding  mc_w.l(printfa.o)
    0x08003b7c   0x08003b7c   0x0000002e   Code   RO         4186    i._printf_pre_padding  mc_w.l(printfa.o)
    0x08003baa   0x08003baa   0x00000016   Code   RO         4187    i._snputc           mc_w.l(printfa.o)
    0x08003bc0   0x08003bc0   0x0000000a   Code   RO         4188    i._sputc            mc_w.l(printfa.o)
    0x08003bca   0x08003bca   0x00000002   PAD
    0x08003bcc   0x08003bcc   0x00000018   Code   RO          411    i.fputc             usart.o
    0x08003be4   0x08003be4   0x00000090   Code   RO          245    i.main              main.o
    0x08003c74   0x08003c74   0x000005f0   Data   RO          892    .constdata          oled_data.o
    0x08004264   0x08004264   0x0000023a   Data   RO          893    .constdata          oled_data.o
    0x0800449e   0x0800449e   0x000000f5   Data   RO          894    .constdata          oled_data.o
    0x08004593   0x08004593   0x00000012   Data   RO         1754    .constdata          stm32f1xx_hal_rcc.o
    0x080045a5   0x080045a5   0x00000010   Data   RO         3881    .constdata          system_stm32f1xx.o
    0x080045b5   0x080045b5   0x00000008   Data   RO         3882    .constdata          system_stm32f1xx.o
    0x080045bd   0x080045bd   0x00000003   PAD
    0x080045c0   0x080045c0   0x00000020   Data   RO         4302    Region$$Table       anon$$obj.o


    Execution Region RW_IRAM1 (Exec base: 0x20000000, Load base: 0x080045e0, Size: 0x000008d8, Max: 0x00005000, ABSOLUTE)

    Exec Addr    Load Addr    Size         Type   Attr      Idx    E Section Name        Object

    0x20000000   0x080045e0   0x00000008   Data   RW          655    .data               my_key.o
    0x20000008   0x080045e8   0x0000000c   Data   RW         1591    .data               stm32f1xx_hal.o
    0x20000014   0x080045f4   0x00000004   Data   RW         3883    .data               system_stm32f1xx.o
    0x20000018   0x080045f8   0x00000004   Data   RW         4269    .data               mc_w.l(stdout.o)
    0x2000001c        -       0x00000028   Zero   RW          327    .bss                can.o
    0x20000044        -       0x00000048   Zero   RW          369    .bss                tim.o
    0x2000008c        -       0x00000048   Zero   RW          412    .bss                usart.o
    0x200000d4        -       0x00000400   Zero   RW          726    .bss                oled.o
    0x200004d4   0x080045fc   0x00000004   PAD
    0x200004d8        -       0x00000400   Zero   RW            1    STACK               startup_stm32f103xb.o


==============================================================================

Image component sizes


      Code (inc. data)   RO Data    RW Data    ZI Data      Debug   Object Name

       212         22          0          0         40       1671   can.o
       168         18          0          0          0        963   gpio.o
       242         50          0          0          0       1928   main.o
       580        164          0          0          0       3758   my_can.o
       364         22          0          8          0       2735   my_key.o
       868         42          0          0       1024       7017   oled.o
         0          0       2335          0          0       1142   oled_data.o
       310         22          0          0          0     442568   soft_iic.o
       274         30          0          0          0       4355   soft_spi.o
        36          8        236          0       1024        792   startup_stm32f103xb.o
       164         28          0         12          0       5909   stm32f1xx_hal.o
      1420          0          0          0          0      12628   stm32f1xx_hal_can.o
       198         14          0          0          0      28947   stm32f1xx_hal_cortex.o
       222          4          0          0          0       1771   stm32f1xx_hal_dma.o
       516         34          0          0          0       4132   stm32f1xx_hal_gpio.o
        60          8          0          0          0        878   stm32f1xx_hal_msp.o
      1240         84         18          0          0       5116   stm32f1xx_hal_rcc.o
       936         24          0          0          0       9861   stm32f1xx_hal_tim.o
       108         12          0          0          0       2405   stm32f1xx_hal_tim_ex.o
      1474         10          0          0          0      10112   stm32f1xx_hal_uart.o
       120         34          0          0          0       6609   stm32f1xx_it.o
         2          0         24          4          0       1119   system_stm32f1xx.o
       164         18          0          0         72       1666   tim.o
       208         24          0          0         72       2218   usart.o
      1492        774          0          0          0       4942   w25q128.o

    ----------------------------------------------------------------------
     11408       1446       2648         24       2236     565242   Object Totals
         0          0         32          0          0          0   (incl. Generated)
        30          0          3          0          4          0   (incl. Padding)

    ----------------------------------------------------------------------

      Code (inc. data)   RO Data    RW Data    ZI Data      Debug   Library Member Name

         0          0          0          0          0          0   entry.o
         0          0          0          0          0          0   entry10a.o
         0          0          0          0          0          0   entry11a.o
         4          0          0          0          0          0   entry12b.o
         8          4          0          0          0          0   entry2.o
         4          0          0          0          0          0   entry5.o
         0          0          0          0          0          0   entry7b.o
         0          0          0          0          0          0   entry8b.o
         8          4          0          0          0          0   entry9a.o
        30          0          0          0          0          0   handlers.o
        36          8          0          0          0         68   init.o
         0          0          0          0          0          0   iusefp.o
        30          0          0          0          0         68   llshl.o
        36          0          0          0          0         68   llsshr.o
        32          0          0          0          0         68   llushr.o
        26          0          0          0          0         80   memcmp.o
        36          0          0          0          0        108   memseta.o
      2338        100          0          0          0        768   printfa.o
         0          0          0          4          0          0   stdout.o
        28          0          0          0          0         76   strcmp.o
        44          0          0          0          0         80   uidiv.o
        98          0          0          0          0         92   uldiv.o
        48          0          0          0          0         68   cdrcmple.o
       334          0          0          0          0        148   dadd.o
       222          0          0          0          0        100   ddiv.o
       186          0          0          0          0        176   depilogue.o
        48          0          0          0          0         68   dfixul.o
       228          0          0          0          0         96   dmul.o

    ----------------------------------------------------------------------
      3832        116          0          4          0       2132   Library Totals
         8          0          0          0          0          0   (incl. Padding)

    ----------------------------------------------------------------------

      Code (inc. data)   RO Data    RW Data    ZI Data      Debug   Library Name

      2758        116          0          4          0       1476   mc_w.l
      1066          0          0          0          0        656   mf_w.l

    ----------------------------------------------------------------------
      3832        116          0          4          0       2132   Library Totals

    ----------------------------------------------------------------------

==============================================================================


      Code (inc. data)   RO Data    RW Data    ZI Data      Debug   

     15240       1562       2648         28       2236     559674   Grand Totals
     15240       1562       2648         28       2236     559674   ELF Image Totals
     15240       1562       2648         28          0          0   ROM Totals

==============================================================================

    Total RO  Size (Code + RO Data)                17888 (  17.47kB)
    Total RW  Size (RW Data + ZI Data)              2264 (   2.21kB)
    Total ROM Size (Code + RO Data + RW Data)      17916 (  17.50kB)

==============================================================================

